******************************************************************************
                  TI ARM Linker PC v18.12.2                    
******************************************************************************
>> Linked Wed Aug 28 15:14:32 2019

OUTPUT FILE NAME:   <UART.out>
ENTRY POINT SYMBOL: "_c_int00_noargs"  address: 00003ab5


MEMORY CONFIGURATION

         name            origin    length      used     unused   attr    fill
----------------------  --------  ---------  --------  --------  ----  --------
  MAIN                  00000000   00040000  00003eed  0003c113  R  X
  INFO                  00200000   00004000  00000000  00004000  R  X
  SRAM_CODE             01000000   00010000  000009e4  0000f61c  RW X
  SRAM_DATA             20000000   00010000  000009e4  0000f61c  RW  


SEGMENT ALLOCATION MAP

run origin  load origin   length   init length attrs members
----------  ----------- ---------- ----------- ----- -------
00000000    00000000    00003ef0   00003ef0    r-x
  00000000    00000000    000000e4   000000e4    r-- .intvecs
  000000e4    000000e4    00003c70   00003c70    r-x .text
  00003d54    00003d54    00000101   00000101    r-- .const
  00003e58    00003e58    00000098   00000098    r-- .cinit
20000000    20000000    000007e4   00000000    rw-
  20000000    20000000    00000400   00000000    rw- .sysmem
  20000400    20000400    00000210   00000000    rw- .data
  20000610    20000610    000001d4   00000000    rw- .bss
2000fe00    2000fe00    00000200   00000000    rw-
  2000fe00    2000fe00    00000200   00000000    rw- .stack


SECTION ALLOCATION MAP

 output                                  attributes/
section   page    origin      length       input sections
--------  ----  ----------  ----------   ----------------
.intvecs   0    00000000    000000e4     
                  00000000    000000e4     startup_msp432p401r_ccs.obj (.intvecs:retain)

.text      0    000000e4    00003c70     
                  000000e4    00000a4e     rtsv7M4_T_le_v4SPD16_eabi.lib : _printfi.c.obj (.text:__TI_printfi)
                  00000b32    00000002                                   : _lock.c.obj (.text:_nop)
                  00000b34    000006bc     UART0.obj (.text)
                  000011f0    0000032c     system_msp432p401r.obj (.text)
                  0000151c    0000031c     UARTtestmain.obj (.text)
                  00001838    00000270     rtsv7M4_T_le_v4SPD16_eabi.lib : _printfi.c.obj (.text:_pconv_a)
                  00001aa8    000001e0     Clock.obj (.text)
                  00001c88    000001d0     rtsv7M4_T_le_v4SPD16_eabi.lib : _printfi.c.obj (.text:_pconv_g)
                  00001e58    000001b6                                   : fd_add_t2.asm.obj (.text)
                  0000200e    00000002                                   : div0.asm.obj (.text)
                  00002010    0000013c                                   : _printfi.c.obj (.text:_pconv_e)
                  0000214c    00000136                                   : fd_div_t2.asm.obj (.text)
                  00002282    00000002     --HOLE-- [fill = 0]
                  00002284    00000124                                   : _printfi.c.obj (.text:fcvt)
                  000023a8    00000114                                   : fputs.c.obj (.text:fputs)
                  000024bc    00000110                                   : s_scalbn.c.obj (.text:scalbn)
                  000025cc    0000010c                                   : fopen.c.obj (.text:_openfile)
                  000026d8    000000fc                                   : fd_mul_t2.asm.obj (.text)
                  000027d4    000000f4                                   : memory.c.obj (.text:aligned_alloc)
                  000028c8    000000e8                                   : memory.c.obj (.text:free)
                  000029b0    000000dc                                   : setvbuf.c.obj (.text:setvbuf)
                  00002a8c    000000bc                                   : open.c.obj (.text:open)
                  00002b48    000000b8                                   : add_device.c.obj (.text:add_device)
                  00002c00    000000b1                                   : _printfi.c.obj (.text:_ltostr)
                  00002cb1    00000003     --HOLE-- [fill = 0]
                  00002cb4    0000009c                                   : fopen.c.obj (.text:fopen)
                  00002d50    0000009c                                   : memcpy_t2.asm.obj (.text)
                  00002dec    00000096                                   : ull_div_t2.asm.obj (.text)
                  00002e82    00000002     --HOLE-- [fill = 0]
                  00002e84    0000008c                                   : fputc.c.obj (.text:fputc)
                  00002f10    00000086                                   : fd_cmp_t2.asm.obj (.text:__aeabi_cdcmple)
                  00002f96    00000086                                   : fd_cmp_t2.asm.obj (.text:__aeabi_cdrcmple)
                  0000301c    0000007c                                   : memory.c.obj (.text:split)
                  00003098    0000007a                                   : memset_t2.asm.obj (.text)
                  00003112    00000002     --HOLE-- [fill = 0]
                  00003114    00000074                                   : fclose.c.obj (.text:__TI_closefile)
                  00003188    0000006e                                   : _printfi.c.obj (.text:_mcpy)
                  000031f6    00000002     --HOLE-- [fill = 0]
                  000031f8    00000068                                   : hostlseek.c.obj (.text:HOSTlseek)
                  00003260    00000068                                   : hostrename.c.obj (.text:HOSTrename)
                  000032c8    00000068                                   : copy_decompress_lzss.c.obj (.text:decompress:lzss:__TI_decompress_lzss)
                  00003330    00000068                                   : printf.c.obj (.text:printf)
                  00003398    00000064                                   : s_frexp.c.obj (.text:frexp)
                  000033fc    00000064                                   : fseek.c.obj (.text:fseek)
                  00003460    00000062                                   : _io_perm.c.obj (.text:__TI_wrt_ok)
                  000034c2    00000002     --HOLE-- [fill = 0]
                  000034c4    00000060                                   : hostopen.c.obj (.text:HOSTopen)
                  00003524    0000005c                                   : close.c.obj (.text:close)
                  00003580    00000058                                   : hostread.c.obj (.text:HOSTread)
                  000035d8    00000058                                   : hostwrite.c.obj (.text:HOSTwrite)
                  00003630    00000056                                   : _printfi.c.obj (.text:_pconv_f)
                  00003686    00000054                                   : ltoa.c.obj (.text:ltoa)
                  000036da    00000052                                   : _printfi.c.obj (.text:_ecpy)
                  0000372c    0000004c                                   : fflush.c.obj (.text:__TI_doflush)
                  00003778    0000004c                                   : atoi.c.obj (.text:atoi)
                  000037c4    00000048                                   : exit.c.obj (.text:exit)
                  0000380c    00000048                                   : fd_toi_t2.asm.obj (.text)
                  00003854    00000044                                   : hostclose.c.obj (.text:HOSTclose)
                  00003898    00000044                                   : hostunlink.c.obj (.text:HOSTunlink)
                  000038dc    00000044                                   : autoinit.c.obj (.text:__TI_auto_init_nobinit_nopinit:__TI_auto_init_nobinit_nopinit)
                  00003920    00000044                                   : getdevice.c.obj (.text:getdevice)
                  00003964    0000003e                                   : _printfi.c.obj (.text:_fcpy)
                  000039a2    00000002     --HOLE-- [fill = 0]
                  000039a4    00000038                                   : trgmsg.c.obj (.text:__TI_writemsg)
                  000039dc    00000038                                   : fs_tod_t2.asm.obj (.text)
                  00003a14    00000036                                   : strncpy.c.obj (.text:strncpy)
                  00003a4a    00000002     --HOLE-- [fill = 0]
                  00003a4c    00000034                                   : fopen.c.obj (.text:__TI_cleanup)
                  00003a80    00000034                                   : trgmsg.c.obj (.text:__TI_readmsg)
                  00003ab4    00000034                                   : boot_cortex_m.c.obj (.text:_c_int00_noargs:_c_int00_noargs)
                  00003ae8    00000034                                   : fopen.c.obj (.text:freopen)
                  00003b1c    00000030                                   : getdevice.c.obj (.text:finddevice)
                  00003b4c    0000002e                                   : i_tofd_t2.asm.obj (.text)
                  00003b7a    00000002     --HOLE-- [fill = 0]
                  00003b7c    0000002c                                   : unlink.c.obj (.text:unlink)
                  00003ba8    00000028                                   : memory.c.obj (.text:free_list_insert)
                  00003bd0    00000028                                   : lseek.c.obj (.text:lseek)
                  00003bf8    00000028                                   : write.c.obj (.text:write)
                  00003c20    00000020                                   : memchr.c.obj (.text:memchr)
                  00003c40    0000001c                                   : copy_zero_init.c.obj (.text:decompress:ZI:__TI_zero_init_nomemset:__TI_zero_init_nomemset)
                  00003c5c    0000001c                                   : memory.c.obj (.text:free_list_remove)
                  00003c78    0000001c                                   : memccpy.c.obj (.text:memccpy)
                  00003c94    0000001a                                   : s_copysign.c.obj (.text:copysign)
                  00003cae    00000018                                   : strcmp.c.obj (.text:strcmp)
                  00003cc6    00000016                                   : strchr.c.obj (.text:strchr)
                  00003cdc    00000014                                   : strcpy.c.obj (.text:strcpy)
                  00003cf0    00000014                                   : strlen.c.obj (.text:strlen)
                  00003d04    00000012                                   : wcslen.c.obj (.text:wcslen)
                  00003d16    0000000e                                   : copy_decompress_none.c.obj (.text:decompress:none:__TI_decompress_none)
                  00003d24    0000000e     startup_msp432p401r_ccs.obj (.text)
                  00003d32    00000002     --HOLE-- [fill = 0]
                  00003d34    00000008     rtsv7M4_T_le_v4SPD16_eabi.lib : errno.c.obj (.text:__aeabi_errno_addr)
                  00003d3c    00000008                                   : memory.c.obj (.text:malloc)
                  00003d44    00000004                                   : printf.c.obj (.text:_outc)
                  00003d48    00000004                                   : printf.c.obj (.text:_outs)
                  00003d4c    00000004                                   : pre_init.c.obj (.text:_system_pre_init)
                  00003d50    00000004                                   : exit.c.obj (.text:abort:abort)

.const     0    00003d54    00000101     
                  00003d54    00000101     rtsv7M4_T_le_v4SPD16_eabi.lib : ctype.c.obj (.const:.string:_ctypes_)

.cinit     0    00003e58    00000098     
                  00003e58    0000006f     (.cinit..data.load) [load image, compression = lzss]
                  00003ec7    00000001     --HOLE-- [fill = 0]
                  00003ec8    0000000c     (__TI_handler_table)
                  00003ed4    00000004     --HOLE-- [fill = 0]
                  00003ed8    00000008     (.cinit..bss.load) [load image, compression = zero_init]
                  00003ee0    00000010     (__TI_cinit_table)

.init_array 
*          0    00000000    00000000     UNINITIALIZED

.binit     0    00000000    00000000     

.sysmem    0    20000000    00000400     UNINITIALIZED
                  20000000    00000010     rtsv7M4_T_le_v4SPD16_eabi.lib : memory.c.obj (.sysmem)
                  20000010    000003f0     --HOLE--

.data      0    20000400    00000210     UNINITIALIZED
                  20000400    000000f0     rtsv7M4_T_le_v4SPD16_eabi.lib : defs.c.obj (.data:_ftable)
                  200004f0    00000078                                   : host_device.c.obj (.data:_device)
                  20000568    00000050                                   : host_device.c.obj (.data:_stream)
                  200005b8    00000018     Clock.obj (.data)
                  200005d0    00000010     rtsv7M4_T_le_v4SPD16_eabi.lib : defs.c.obj (.data)
                  200005e0    0000000c                                   : exit.c.obj (.data:$O1$$)
                  200005ec    00000008                                   : _lock.c.obj (.data:$O1$$)
                  200005f4    00000008                                   : memory.c.obj (.data:$O1$$)
                  200005fc    00000004                                   : add_device.c.obj (.data)
                  20000600    00000004                                   : errno.c.obj (.data)
                  20000604    00000004                                   : fopen.c.obj (.data)
                  20000608    00000004                                   : open.c.obj (.data)
                  2000060c    00000004     system_msp432p401r.obj (.data)

.bss       0    20000610    000001d4     UNINITIALIZED
                  20000610    00000120     rtsv7M4_T_le_v4SPD16_eabi.lib : trgmsg.c.obj (.bss:_CIOBUF_)
                  20000730    000000a0     (.common:__TI_tmpnams)
                  200007d0    00000008     (.common:Messageb)
                  200007d8    00000008     (.common:parmbuf)
                  200007e0    00000004     (.common:Messageindexb)

.stack     0    2000fe00    00000200     UNINITIALIZED
                  2000fe00    00000004     rtsv7M4_T_le_v4SPD16_eabi.lib : boot_cortex_m.c.obj (.stack)
                  2000fe04    000001fc     --HOLE--

MODULE SUMMARY

       Module                        code    ro data   rw data
       ------                        ----    -------   -------
    .\
       UART0.obj                     1724    0         24     
       system_msp432p401r.obj        812     0         8      
       UARTtestmain.obj              796     0         0      
       Clock.obj                     480     0         48     
       startup_msp432p401r_ccs.obj   14      228       0      
    +--+-----------------------------+-------+---------+---------+
       Total:                        3826    228       80     
                                                              
    C:\ti\ccs910\ccs\tools\compiler\ti-cgt-arm_18.12.2.LTS\lib\rtsv7M4_T_le_v4SPD16_eabi.lib
       _printfi.c.obj                4851    0         0      
       defs.c.obj                    0       0         832    
       memory.c.obj                  676     0         16     
       trgmsg.c.obj                  108     0         576    
       fopen.c.obj                   528     0         8      
       fd_add_t2.asm.obj             438     0         0      
       host_device.c.obj             0       0         400    
       fd_div_t2.asm.obj             310     0         0      
       fputs.c.obj                   276     0         0      
       s_scalbn.c.obj                272     0         0      
       fd_cmp_t2.asm.obj             268     0         0      
       ctype.c.obj                   0       257       0      
       fd_mul_t2.asm.obj             252     0         0      
       setvbuf.c.obj                 220     0         0      
       open.c.obj                    188     0         8      
       add_device.c.obj              184     0         8      
       memcpy_t2.asm.obj             156     0         0      
       ull_div_t2.asm.obj            150     0         0      
       fputc.c.obj                   140     0         0      
       memset_t2.asm.obj             122     0         0      
       fclose.c.obj                  116     0         0      
       getdevice.c.obj               116     0         0      
       hostopen.c.obj                96      0         16     
       printf.c.obj                  112     0         0      
       copy_decompress_lzss.c.obj    104     0         0      
       hostlseek.c.obj               104     0         0      
       hostrename.c.obj              104     0         0      
       exit.c.obj                    76      0         24     
       fseek.c.obj                   100     0         0      
       s_frexp.c.obj                 100     0         0      
       _io_perm.c.obj                98      0         0      
       close.c.obj                   92      0         0      
       hostread.c.obj                88      0         0      
       hostwrite.c.obj               88      0         0      
       ltoa.c.obj                    84      0         0      
       atoi.c.obj                    76      0         0      
       fflush.c.obj                  76      0         0      
       fd_toi_t2.asm.obj             72      0         0      
       autoinit.c.obj                68      0         0      
       hostclose.c.obj               68      0         0      
       hostunlink.c.obj              68      0         0      
       fs_tod_t2.asm.obj             56      0         0      
       strncpy.c.obj                 54      0         0      
       boot_cortex_m.c.obj           52      0         0      
       i_tofd_t2.asm.obj             46      0         0      
       unlink.c.obj                  44      0         0      
       lseek.c.obj                   40      0         0      
       write.c.obj                   40      0         0      
       memchr.c.obj                  32      0         0      
       copy_zero_init.c.obj          28      0         0      
       memccpy.c.obj                 28      0         0      
       s_copysign.c.obj              26      0         0      
       strcmp.c.obj                  24      0         0      
       strchr.c.obj                  22      0         0      
       strcpy.c.obj                  20      0         0      
       strlen.c.obj                  20      0         0      
       _lock.c.obj                   2       0         16     
       wcslen.c.obj                  18      0         0      
       errno.c.obj                   8       0         8      
       copy_decompress_none.c.obj    14      0         0      
       pre_init.c.obj                4       0         0      
       div0.asm.obj                  2       0         0      
    +--+-----------------------------+-------+---------+---------+
       Total:                        11625   257       1912   
                                                              
       Heap:                         0       0         2048   
       Stack:                        0       0         1024   
       Linker Generated:             0       147       0      
    +--+-----------------------------+-------+---------+---------+
       Grand Total:                  15451   632       5064   


LINKER GENERATED COPY TABLES

__TI_cinit_table @ 00003ee0 records: 2, size/record: 8, table size: 16
	.data: load addr=00003e58, load size=0000006f bytes, run addr=20000400, run size=00000210 bytes, compression=lzss
	.bss: load addr=00003ed8, load size=00000008 bytes, run addr=20000610, run size=000001d4 bytes, compression=zero_init


LINKER GENERATED HANDLER TABLE

__TI_handler_table @ 00003ec8 records: 3, size/record: 4, table size: 12
	index: 0, handler: __TI_decompress_lzss
	index: 1, handler: __TI_decompress_none
	index: 2, handler: __TI_zero_init


GLOBAL SYMBOLS: SORTED ALPHABETICALLY BY Name 

address   name                           
-------   ----                           
00003d31  ADC14_IRQHandler               
00003d31  AES256_IRQHandler              
0000151d  BookExamples                   
00003d31  BusFault_Handler               
00003d51  C$$EXIT                        
000039d3  C$$IO$$                        
00003d31  COMP_E0_IRQHandler             
00003d31  COMP_E1_IRQHandler             
200005c0  CPMwait                        
00003d31  CS_IRQHandler                  
200005b8  ClockFrequency                 
00001bfd  Clock_Delay1ms                 
00001bd3  Clock_Delay1us                 
00001bbf  Clock_GetFreq                  
00001aa9  Clock_Init48MHz                
200005cc  Crystalstable                  
00003d31  DMA_ERR_IRQHandler             
00003d31  DMA_INT0_IRQHandler            
00003d31  DMA_INT1_IRQHandler            
00003d31  DMA_INT2_IRQHandler            
00003d31  DMA_INT3_IRQHandler            
00003d31  DebugMon_Handler               
00003d31  Default_Handler                
00003d31  EUSCIA0_IRQHandler             
00003d31  EUSCIA1_IRQHandler             
00003d31  EUSCIA2_IRQHandler             
00003d31  EUSCIA3_IRQHandler             
00003d31  EUSCIB0_IRQHandler             
00003d31  EUSCIB1_IRQHandler             
00003d31  EUSCIB2_IRQHandler             
00003d31  EUSCIB3_IRQHandler             
00003d31  FLCTL_IRQHandler               
00003d31  FPU_IRQHandler                 
00003855  HOSTclose                      
000031f9  HOSTlseek                      
000034c5  HOSTopen                       
00003581  HOSTread                       
00003261  HOSTrename                     
00003899  HOSTunlink                     
000035d9  HOSTwrite                      
00003d31  HardFault_Handler              
200005c8  IFlags                         
00003d31  MemManage_Handler              
200007d0  Messageb                       
200007e0  Messageindexb                  
00003d31  NMI_Handler                    
00003d31  PCM_IRQHandler                 
00003d31  PORT1_IRQHandler               
00003d31  PORT2_IRQHandler               
00003d31  PORT3_IRQHandler               
00003d31  PORT4_IRQHandler               
00003d31  PORT5_IRQHandler               
00003d31  PORT6_IRQHandler               
00003d31  PSS_IRQHandler                 
00003d31  PendSV_Handler                 
200005c4  Postwait                       
200005bc  Prewait                        
00003d31  RTC_C_IRQHandler               
00003d25  Reset_Handler                  
00003d31  SVC_Handler                    
00003d31  SysTick_Handler                
2000060c  SystemCoreClock                
000011f1  SystemCoreClockUpdate          
00001465  SystemInit                     
00003d31  T32_INT1_IRQHandler            
00003d31  T32_INT2_IRQHandler            
00003d31  T32_INTC_IRQHandler            
00003d31  TA0_0_IRQHandler               
00003d31  TA0_N_IRQHandler               
00003d31  TA1_0_IRQHandler               
00003d31  TA1_N_IRQHandler               
00003d31  TA2_0_IRQHandler               
00003d31  TA2_N_IRQHandler               
00003d31  TA3_0_IRQHandler               
00003d31  TA3_N_IRQHandler               
00000b7b  UART0_InChar                   
00001005  UART0_InString                 
00000bc5  UART0_InUDec                   
00000eb9  UART0_InUHex                   
00000b35  UART0_Init                     
00001165  UART0_Initprintf               
00000b8b  UART0_OutChar                  
00000ba7  UART0_OutString                
00000c49  UART0_OutUDec                  
00000db5  UART0_OutUDec4                 
00000e09  UART0_OutUDec5                 
00000e45  UART0_OutUFix1                 
00000e6d  UART0_OutUFix2                 
00000f7d  UART0_OutUHex                  
00000fe9  UART0_OutUHex2                 
00003d31  UsageFault_Handler             
4000480c  WDTCTL_SYM                     
00003d31  WDT_A_IRQHandler               
20000610  __CIOBUF_                      
20010000  __STACK_END                    
00000200  __STACK_SIZE                   
00000400  __SYSMEM_SIZE                  
00003ee0  __TI_CINIT_Base                
00003ef0  __TI_CINIT_Limit               
00003ec8  __TI_Handler_Table_Base        
00003ed4  __TI_Handler_Table_Limit       
000038dd  __TI_auto_init_nobinit_nopinit 
00003a4d  __TI_cleanup                   
200005e0  __TI_cleanup_ptr               
00003115  __TI_closefile                 
000032c9  __TI_decompress_lzss           
00003d17  __TI_decompress_none           
0000372d  __TI_doflush                   
200005e4  __TI_dtors_ptr                 
200005e8  __TI_enable_exit_profile_output
200005d0  __TI_ft_end                    
ffffffff  __TI_pprof_out_hndl            
000000e5  __TI_printfi                   
ffffffff  __TI_prof_data_size            
ffffffff  __TI_prof_data_start           
00003a81  __TI_readmsg                   
00000000  __TI_static_base__             
20000730  __TI_tmpnams                   
000039a5  __TI_writemsg                  
00003461  __TI_wrt_ok                    
00003c41  __TI_zero_init_nomemset        
00002f11  __aeabi_cdcmpeq                
00002f11  __aeabi_cdcmple                
00002f97  __aeabi_cdrcmple               
0000380d  __aeabi_d2iz                   
00001e63  __aeabi_dadd                   
0000214d  __aeabi_ddiv                   
000026d9  __aeabi_dmul                   
00001e59  __aeabi_dsub                   
00003d35  __aeabi_errno_addr             
000039dd  __aeabi_f2d                    
00003b4d  __aeabi_i2d                    
0000200f  __aeabi_idiv0                  
0000200f  __aeabi_ldiv0                  
00003099  __aeabi_memclr                 
00003099  __aeabi_memclr4                
00003099  __aeabi_memclr8                
00002d51  __aeabi_memcpy                 
00002d51  __aeabi_memcpy4                
00002d51  __aeabi_memcpy8                
0000309b  __aeabi_memset                 
0000309b  __aeabi_memset4                
0000309b  __aeabi_memset8                
200005dc  __aeabi_stderr                 
200005d4  __aeabi_stdin                  
200005d8  __aeabi_stdout                 
00002ded  __aeabi_uldivmod               
ffffffff  __binit__                      
ffffffff  __c_args__                     
UNDEFED   __mpu_init                     
2000fe00  __stack                        
00003ab5  _c_int00_noargs                
00003d54  _ctypes_                       
200004f0  _device                        
20000400  _ftable                        
200005ec  _lock                          
00000b33  _nop                           
20000568  _stream                        
20000000  _sys_memory                    
UNDEFED   _system_post_cinit             
00003d4d  _system_pre_init               
200005f0  _unlock                        
00003d51  abort                          
00002b49  add_device                     
000027d5  aligned_alloc                  
00003779  atoi                           
ffffffff  binit                          
00003525  close                          
00003c95  copysign                       
00003c95  copysignl                      
00001bc5  delay                          
20000600  errno                          
000037c5  exit                           
0000109f  ferror                         
0000107f  fgetc                          
00003b1d  finddevice                     
00002cb5  fopen                          
00002e85  fputc                          
000023a9  fputs                          
000028c9  free                           
00003ae9  freopen                        
00003399  frexp                          
00003399  frexpl                         
000033fd  fseek                          
00003921  getdevice                      
00000000  interruptVectors               
000024bd  ldexp                          
000024bd  ldexpl                         
00003bd1  lseek                          
00003687  ltoa                           
000015cb  main                           
00003d3d  malloc                         
000027d5  memalign                       
00003c79  memccpy                        
00003c21  memchr                         
00002d51  memcpy                         
000030a1  memset                         
00002a8d  open                           
00000fc1  outnibble                      
200007d8  parmbuf                        
00003331  printf                         
00002e85  putc                           
00003b7d  remove                         
000024bd  scalbn                         
000024bd  scalbnl                        
000029b1  setvbuf                        
00003cc7  strchr                         
00003caf  strcmp                         
00003cdd  strcpy                         
00003cf1  strlen                         
00003a15  strncpy                        
000010bd  uart_close                     
0000113b  uart_lseek                     
000010ad  uart_open                      
000010cf  uart_read                      
00001157  uart_rename                    
0000114b  uart_unlink                    
000010f9  uart_write                     
00003b7d  unlink                         
00003d05  wcslen                         
00003bf9  write                          


GLOBAL SYMBOLS: SORTED BY Symbol Address 

address   name                           
-------   ----                           
00000000  __TI_static_base__             
00000000  interruptVectors               
000000e5  __TI_printfi                   
00000200  __STACK_SIZE                   
00000400  __SYSMEM_SIZE                  
00000b33  _nop                           
00000b35  UART0_Init                     
00000b7b  UART0_InChar                   
00000b8b  UART0_OutChar                  
00000ba7  UART0_OutString                
00000bc5  UART0_InUDec                   
00000c49  UART0_OutUDec                  
00000db5  UART0_OutUDec4                 
00000e09  UART0_OutUDec5                 
00000e45  UART0_OutUFix1                 
00000e6d  UART0_OutUFix2                 
00000eb9  UART0_InUHex                   
00000f7d  UART0_OutUHex                  
00000fc1  outnibble                      
00000fe9  UART0_OutUHex2                 
00001005  UART0_InString                 
0000107f  fgetc                          
0000109f  ferror                         
000010ad  uart_open                      
000010bd  uart_close                     
000010cf  uart_read                      
000010f9  uart_write                     
0000113b  uart_lseek                     
0000114b  uart_unlink                    
00001157  uart_rename                    
00001165  UART0_Initprintf               
000011f1  SystemCoreClockUpdate          
00001465  SystemInit                     
0000151d  BookExamples                   
000015cb  main                           
00001aa9  Clock_Init48MHz                
00001bbf  Clock_GetFreq                  
00001bc5  delay                          
00001bd3  Clock_Delay1us                 
00001bfd  Clock_Delay1ms                 
00001e59  __aeabi_dsub                   
00001e63  __aeabi_dadd                   
0000200f  __aeabi_idiv0                  
0000200f  __aeabi_ldiv0                  
0000214d  __aeabi_ddiv                   
000023a9  fputs                          
000024bd  ldexp                          
000024bd  ldexpl                         
000024bd  scalbn                         
000024bd  scalbnl                        
000026d9  __aeabi_dmul                   
000027d5  aligned_alloc                  
000027d5  memalign                       
000028c9  free                           
000029b1  setvbuf                        
00002a8d  open                           
00002b49  add_device                     
00002cb5  fopen                          
00002d51  __aeabi_memcpy                 
00002d51  __aeabi_memcpy4                
00002d51  __aeabi_memcpy8                
00002d51  memcpy                         
00002ded  __aeabi_uldivmod               
00002e85  fputc                          
00002e85  putc                           
00002f11  __aeabi_cdcmpeq                
00002f11  __aeabi_cdcmple                
00002f97  __aeabi_cdrcmple               
00003099  __aeabi_memclr                 
00003099  __aeabi_memclr4                
00003099  __aeabi_memclr8                
0000309b  __aeabi_memset                 
0000309b  __aeabi_memset4                
0000309b  __aeabi_memset8                
000030a1  memset                         
00003115  __TI_closefile                 
000031f9  HOSTlseek                      
00003261  HOSTrename                     
000032c9  __TI_decompress_lzss           
00003331  printf                         
00003399  frexp                          
00003399  frexpl                         
000033fd  fseek                          
00003461  __TI_wrt_ok                    
000034c5  HOSTopen                       
00003525  close                          
00003581  HOSTread                       
000035d9  HOSTwrite                      
00003687  ltoa                           
0000372d  __TI_doflush                   
00003779  atoi                           
000037c5  exit                           
0000380d  __aeabi_d2iz                   
00003855  HOSTclose                      
00003899  HOSTunlink                     
000038dd  __TI_auto_init_nobinit_nopinit 
00003921  getdevice                      
000039a5  __TI_writemsg                  
000039d3  C$$IO$$                        
000039dd  __aeabi_f2d                    
00003a15  strncpy                        
00003a4d  __TI_cleanup                   
00003a81  __TI_readmsg                   
00003ab5  _c_int00_noargs                
00003ae9  freopen                        
00003b1d  finddevice                     
00003b4d  __aeabi_i2d                    
00003b7d  remove                         
00003b7d  unlink                         
00003bd1  lseek                          
00003bf9  write                          
00003c21  memchr                         
00003c41  __TI_zero_init_nomemset        
00003c79  memccpy                        
00003c95  copysign                       
00003c95  copysignl                      
00003caf  strcmp                         
00003cc7  strchr                         
00003cdd  strcpy                         
00003cf1  strlen                         
00003d05  wcslen                         
00003d17  __TI_decompress_none           
00003d25  Reset_Handler                  
00003d31  ADC14_IRQHandler               
00003d31  AES256_IRQHandler              
00003d31  BusFault_Handler               
00003d31  COMP_E0_IRQHandler             
00003d31  COMP_E1_IRQHandler             
00003d31  CS_IRQHandler                  
00003d31  DMA_ERR_IRQHandler             
00003d31  DMA_INT0_IRQHandler            
00003d31  DMA_INT1_IRQHandler            
00003d31  DMA_INT2_IRQHandler            
00003d31  DMA_INT3_IRQHandler            
00003d31  DebugMon_Handler               
00003d31  Default_Handler                
00003d31  EUSCIA0_IRQHandler             
00003d31  EUSCIA1_IRQHandler             
00003d31  EUSCIA2_IRQHandler             
00003d31  EUSCIA3_IRQHandler             
00003d31  EUSCIB0_IRQHandler             
00003d31  EUSCIB1_IRQHandler             
00003d31  EUSCIB2_IRQHandler             
00003d31  EUSCIB3_IRQHandler             
00003d31  FLCTL_IRQHandler               
00003d31  FPU_IRQHandler                 
00003d31  HardFault_Handler              
00003d31  MemManage_Handler              
00003d31  NMI_Handler                    
00003d31  PCM_IRQHandler                 
00003d31  PORT1_IRQHandler               
00003d31  PORT2_IRQHandler               
00003d31  PORT3_IRQHandler               
00003d31  PORT4_IRQHandler               
00003d31  PORT5_IRQHandler               
00003d31  PORT6_IRQHandler               
00003d31  PSS_IRQHandler                 
00003d31  PendSV_Handler                 
00003d31  RTC_C_IRQHandler               
00003d31  SVC_Handler                    
00003d31  SysTick_Handler                
00003d31  T32_INT1_IRQHandler            
00003d31  T32_INT2_IRQHandler            
00003d31  T32_INTC_IRQHandler            
00003d31  TA0_0_IRQHandler               
00003d31  TA0_N_IRQHandler               
00003d31  TA1_0_IRQHandler               
00003d31  TA1_N_IRQHandler               
00003d31  TA2_0_IRQHandler               
00003d31  TA2_N_IRQHandler               
00003d31  TA3_0_IRQHandler               
00003d31  TA3_N_IRQHandler               
00003d31  UsageFault_Handler             
00003d31  WDT_A_IRQHandler               
00003d35  __aeabi_errno_addr             
00003d3d  malloc                         
00003d4d  _system_pre_init               
00003d51  C$$EXIT                        
00003d51  abort                          
00003d54  _ctypes_                       
00003ec8  __TI_Handler_Table_Base        
00003ed4  __TI_Handler_Table_Limit       
00003ee0  __TI_CINIT_Base                
00003ef0  __TI_CINIT_Limit               
20000000  _sys_memory                    
20000400  _ftable                        
200004f0  _device                        
20000568  _stream                        
200005b8  ClockFrequency                 
200005bc  Prewait                        
200005c0  CPMwait                        
200005c4  Postwait                       
200005c8  IFlags                         
200005cc  Crystalstable                  
200005d0  __TI_ft_end                    
200005d4  __aeabi_stdin                  
200005d8  __aeabi_stdout                 
200005dc  __aeabi_stderr                 
200005e0  __TI_cleanup_ptr               
200005e4  __TI_dtors_ptr                 
200005e8  __TI_enable_exit_profile_output
200005ec  _lock                          
200005f0  _unlock                        
20000600  errno                          
2000060c  SystemCoreClock                
20000610  __CIOBUF_                      
20000730  __TI_tmpnams                   
200007d0  Messageb                       
200007d8  parmbuf                        
200007e0  Messageindexb                  
2000fe00  __stack                        
20010000  __STACK_END                    
4000480c  WDTCTL_SYM                     
ffffffff  __TI_pprof_out_hndl            
ffffffff  __TI_prof_data_size            
ffffffff  __TI_prof_data_start           
ffffffff  __binit__                      
ffffffff  __c_args__                     
ffffffff  binit                          
UNDEFED   __mpu_init                     
UNDEFED   _system_post_cinit             

[221 symbols]
