******************************************************************************
                  TI ARM Linker PC v18.12.2                    
******************************************************************************
>> Linked Wed Aug 28 15:13:50 2019

OUTPUT FILE NAME:   <Lab14_EdgeInterrupts.out>
ENTRY POINT SYMBOL: "_c_int00_noargs"  address: 00000e19


MEMORY CONFIGURATION

         name            origin    length      used     unused   attr    fill
----------------------  --------  ---------  --------  --------  ----  --------
  MAIN                  00000000   00040000  00000f0a  0003f0f6  R  X
  INFO                  00200000   00004000  00000000  00004000  R  X
  SRAM_CODE             01000000   00010000  0000022f  0000fdd1  RW X
  SRAM_DATA             20000000   00010000  0000022f  0000fdd1  RW  


SEGMENT ALLOCATION MAP

run origin  load origin   length   init length attrs members
----------  ----------- ---------- ----------- ----- -------
00000000    00000000    00000f10   00000f10    r-x
  00000000    00000000    000000e4   000000e4    r-- .intvecs
  000000e4    000000e4    00000dee   00000dee    r-x .text
  00000ed8    00000ed8    00000038   00000038    r-- .cinit
20000000    20000000    0000002f   00000000    rw-
  20000000    20000000    00000028   00000000    rw- .data
  20000028    20000028    00000007   00000000    rw- .bss
2000fe00    2000fe00    00000200   00000000    rw-
  2000fe00    2000fe00    00000200   00000000    rw- .stack


SECTION ALLOCATION MAP

 output                                  attributes/
section   page    origin      length       input sections
--------  ----  ----------  ----------   ----------------
.intvecs   0    00000000    000000e4     
                  00000000    000000e4     startup_msp432p401r_ccs.obj (.intvecs:retain)

.text      0    000000e4    00000dee     
                  000000e4    00000630     TExaS.obj (.text)
                  00000714    0000032c     system_msp432p401r.obj (.text)
                  00000a40    000001e0     Clock.obj (.text)
                  00000c20    0000009c     rtsv7M4_T_le_v4SPD16_eabi.lib : memcpy_t2.asm.obj (.text)
                  00000cbc    0000006c     Lab14_EdgeInterruptsmain.obj (.text)
                  00000d28    00000068     rtsv7M4_T_le_v4SPD16_eabi.lib : copy_decompress_lzss.c.obj (.text:decompress:lzss:__TI_decompress_lzss)
                  00000d90    00000044     Motor.obj (.text)
                  00000dd4    00000044     rtsv7M4_T_le_v4SPD16_eabi.lib : autoinit.c.obj (.text:__TI_auto_init_nobinit_nopinit:__TI_auto_init_nobinit_nopinit)
                  00000e18    00000034                                   : boot_cortex_m.c.obj (.text:_c_int00_noargs:_c_int00_noargs)
                  00000e4c    00000024     CortexM.obj (.text)
                  00000e70    0000001c     rtsv7M4_T_le_v4SPD16_eabi.lib : copy_zero_init.c.obj (.text:decompress:ZI:__TI_zero_init_nomemset:__TI_zero_init_nomemset)
                  00000e8c    00000012     TimerA1.obj (.text)
                  00000e9e    00000010     BumpInt.obj (.text)
                  00000eae    0000000e     rtsv7M4_T_le_v4SPD16_eabi.lib : copy_decompress_none.c.obj (.text:decompress:none:__TI_decompress_none)
                  00000ebc    0000000e     startup_msp432p401r_ccs.obj (.text)
                  00000eca    00000004     rtsv7M4_T_le_v4SPD16_eabi.lib : pre_init.c.obj (.text:_system_pre_init)
                  00000ece    00000004                                   : exit.c.obj (.text:abort:abort)

.cinit     0    00000ed8    00000038     
                  00000ed8    0000000d     (.cinit..data.load) [load image, compression = lzss]
                  00000ee5    00000003     --HOLE-- [fill = 0]
                  00000ee8    0000000c     (__TI_handler_table)
                  00000ef4    00000004     --HOLE-- [fill = 0]
                  00000ef8    00000008     (.cinit..bss.load) [load image, compression = zero_init]
                  00000f00    00000010     (__TI_cinit_table)

.init_array 
*          0    00000000    00000000     UNINITIALIZED

.binit     0    00000000    00000000     

.data      0    20000000    00000028     UNINITIALIZED
                  20000000    00000018     Clock.obj (.data)
                  20000018    0000000c     TExaS.obj (.data)
                  20000024    00000004     system_msp432p401r.obj (.data)

.bss       0    20000028    00000007     UNINITIALIZED
                  20000028    00000004     (.common:PeriodicTask2)
                  2000002c    00000001     (.common:CollisionData)
                  2000002d    00000001     (.common:CollisionFlag)
                  2000002e    00000001     (.common:LogicData)

.stack     0    2000fe00    00000200     UNINITIALIZED
                  2000fe00    00000004     rtsv7M4_T_le_v4SPD16_eabi.lib : boot_cortex_m.c.obj (.stack)
                  2000fe04    000001fc     --HOLE--

MODULE SUMMARY

       Module                         code   ro data   rw data
       ------                         ----   -------   -------
    .\
       TExaS.obj                      1584   0         34     
       system_msp432p401r.obj         812    0         8      
       Clock.obj                      480    0         48     
       startup_msp432p401r_ccs.obj    14     228       0      
       Lab14_EdgeInterruptsmain.obj   108    0         4      
       Motor.obj                      68     0         0      
       CortexM.obj                    36     0         0      
       TimerA1.obj                    18     0         0      
       BumpInt.obj                    16     0         0      
    +--+------------------------------+------+---------+---------+
       Total:                         3136   228       94     
                                                              
    C:\ti\ccs910\ccs\tools\compiler\ti-cgt-arm_18.12.2.LTS\lib\rtsv7M4_T_le_v4SPD16_eabi.lib
       memcpy_t2.asm.obj              156    0         0      
       copy_decompress_lzss.c.obj     104    0         0      
       autoinit.c.obj                 68     0         0      
       boot_cortex_m.c.obj            52     0         0      
       copy_zero_init.c.obj           28     0         0      
       copy_decompress_none.c.obj     14     0         0      
       exit.c.obj                     4      0         0      
       pre_init.c.obj                 4      0         0      
    +--+------------------------------+------+---------+---------+
       Total:                         430    0         0      
                                                              
       Stack:                         0      0         1024   
       Linker Generated:              0      49        0      
    +--+------------------------------+------+---------+---------+
       Grand Total:                   3566   277       1118   


LINKER GENERATED COPY TABLES

__TI_cinit_table @ 00000f00 records: 2, size/record: 8, table size: 16
	.data: load addr=00000ed8, load size=0000000d bytes, run addr=20000000, run size=00000028 bytes, compression=lzss
	.bss: load addr=00000ef8, load size=00000008 bytes, run addr=20000028, run size=00000007 bytes, compression=zero_init


LINKER GENERATED HANDLER TABLE

__TI_handler_table @ 00000ee8 records: 3, size/record: 4, table size: 12
	index: 0, handler: __TI_decompress_lzss
	index: 1, handler: __TI_decompress_none
	index: 2, handler: __TI_zero_init


GLOBAL SYMBOLS: SORTED ALPHABETICALLY BY Name 

address   name                          
-------   ----                          
00000ec9  ADC14_IRQHandler              
00000475  ADC_Init                      
00000ec9  AES256_IRQHandler             
00000e9f  BumpInt_Init                  
00000ea9  Bump_Read                     
00000ec9  BusFault_Handler              
00000ecf  C$$EXIT                       
00000ec9  COMP_E0_IRQHandler            
00000ec9  COMP_E1_IRQHandler            
20000008  CPMwait                       
00000ec9  CS_IRQHandler                 
20000000  ClockFrequency                
00000b95  Clock_Delay1ms                
00000b6b  Clock_Delay1us                
00000b57  Clock_GetFreq                 
00000a41  Clock_Init48MHz               
2000002c  CollisionData                 
2000002d  CollisionFlag                 
20000014  Crystalstable                 
00000ec9  DMA_ERR_IRQHandler            
00000ec9  DMA_INT0_IRQHandler           
00000ec9  DMA_INT1_IRQHandler           
00000ec9  DMA_INT2_IRQHandler           
00000ec9  DMA_INT3_IRQHandler           
00000ec9  DebugMon_Handler              
00000ec9  Default_Handler               
00000e4d  DisableInterrupts             
00000ec9  EUSCIA0_IRQHandler            
00000ec9  EUSCIA1_IRQHandler            
00000ec9  EUSCIA2_IRQHandler            
00000ec9  EUSCIA3_IRQHandler            
00000ec9  EUSCIB0_IRQHandler            
00000ec9  EUSCIB1_IRQHandler            
00000ec9  EUSCIB2_IRQHandler            
00000ec9  EUSCIB3_IRQHandler            
00000e53  EnableInterrupts              
00000e63  EndCritical                   
00000ec9  FLCTL_IRQHandler              
00000ec9  FPU_IRQHandler                
00000cbd  HandleCollision               
00000ec9  HardFault_Handler             
20000010  IFlags                        
000000e5  LogicAnalyzer                 
000000ef  LogicAnalyzer_P1              
000001c5  LogicAnalyzer_P10             
000000fd  LogicAnalyzer_P2              
0000010b  LogicAnalyzer_P2_7654         
0000011b  LogicAnalyzer_P3              
00000129  LogicAnalyzer_P4              
00000147  LogicAnalyzer_P4_765320       
00000137  LogicAnalyzer_P4_765432       
0000017f  LogicAnalyzer_P5              
0000018d  LogicAnalyzer_P6              
0000019b  LogicAnalyzer_P7              
000001a9  LogicAnalyzer_P8              
000001b7  LogicAnalyzer_P9              
2000002e  LogicData                     
00000ec9  MemManage_Handler             
00000dc5  Motor_Backward                
00000d95  Motor_Forward                 
00000d91  Motor_Init                    
00000db5  Motor_Left                    
00000da5  Motor_Right                   
00000d93  Motor_Stop                    
00000ec9  NMI_Handler                   
00000ec9  PCM_IRQHandler                
00000ec9  PORT1_IRQHandler              
00000ec9  PORT2_IRQHandler              
00000ec9  PORT3_IRQHandler              
00000ead  PORT4_IRQHandler              
00000ead  PORT4_IRQHandler              
00000ec9  PORT5_IRQHandler              
00000ec9  PORT6_IRQHandler              
00000ec9  PSS_IRQHandler                
00000ec9  PendSV_Handler                
20000028  PeriodicTask2                 
00000257  PeriodicTask2_Init            
000002d1  PeriodicTask2_Stop            
2000000c  Postwait                      
20000004  Prewait                       
00000ec9  RTC_C_IRQHandler              
00000ebd  Reset_Handler                 
00000ec9  SVC_Handler                   
000001d3  Scope                         
00000e59  StartCritical                 
00000ec9  SysTick_Handler               
20000024  SystemCoreClock               
00000715  SystemCoreClockUpdate         
00000989  SystemInit                    
000002c1  T32_INT1_IRQHandler           
000002c1  T32_INT1_IRQHandler           
00000ec9  T32_INT2_IRQHandler           
00000ec9  T32_INTC_IRQHandler           
00000ec9  TA0_0_IRQHandler              
00000ec9  TA0_N_IRQHandler              
00000e9d  TA1_0_IRQHandler              
00000e9d  TA1_0_IRQHandler              
00000ec9  TA1_N_IRQHandler              
00000ec9  TA2_0_IRQHandler              
00000ec9  TA2_N_IRQHandler              
00000ec9  TA3_0_IRQHandler              
00000ec9  TA3_N_IRQHandler              
00000413  TExaS_Clear0                  
0000041f  TExaS_Clear1                  
0000042b  TExaS_Clear2                  
00000437  TExaS_Clear3                  
00000443  TExaS_Clear4                  
00000445  TExaS_Clear5                  
00000451  TExaS_Clear6                  
00000551  TExaS_Init                    
2000001c  TExaS_ScopeErrConflict        
20000018  TExaS_ScopeErrLostData        
20000020  TExaS_ScopeWrnReconfig        
000003b1  TExaS_Set                     
000003c9  TExaS_Set0                    
000003d5  TExaS_Set1                    
000003e1  TExaS_Set2                    
000003ed  TExaS_Set3                    
000003f9  TExaS_Set4                    
000003fb  TExaS_Set5                    
00000407  TExaS_Set6                    
000006b1  TExaS_Stop                    
00000367  TExaS_Task0                   
00000373  TExaS_Task1                   
0000037f  TExaS_Task2                   
0000038b  TExaS_Task3                   
00000397  TExaS_Task4                   
00000399  TExaS_Task5                   
000003a5  TExaS_Task6                   
00000e8d  TimerA1_Init                  
00000e9b  TimerA1_Stop                  
0000033b  UART_InChar                   
000002e1  UART_Init                     
0000034b  UART_OutChar                  
00000ec9  UsageFault_Handler            
4000480c  WDTCTL_SYM                    
00000ec9  WDT_A_IRQHandler              
00000e6b  WaitForInterrupt              
20010000  __STACK_END                   
00000200  __STACK_SIZE                  
00000f00  __TI_CINIT_Base               
00000f10  __TI_CINIT_Limit              
00000ee8  __TI_Handler_Table_Base       
00000ef4  __TI_Handler_Table_Limit      
00000dd5  __TI_auto_init_nobinit_nopinit
00000d29  __TI_decompress_lzss          
00000eaf  __TI_decompress_none          
ffffffff  __TI_pprof_out_hndl           
ffffffff  __TI_prof_data_size           
ffffffff  __TI_prof_data_start          
00000000  __TI_static_base__            
00000e71  __TI_zero_init_nomemset       
00000c21  __aeabi_memcpy                
00000c21  __aeabi_memcpy4               
00000c21  __aeabi_memcpy8               
ffffffff  __binit__                     
ffffffff  __c_args__                    
UNDEFED   __mpu_init                    
2000fe00  __stack                       
00000e19  _c_int00_noargs               
UNDEFED   _system_post_cinit            
00000ecb  _system_pre_init              
00000ecf  abort                         
ffffffff  binit                         
00000b5d  delay                         
00000000  interruptVectors              
00000d09  main                          
00000cd7  main1                         
00000c21  memcpy                        


GLOBAL SYMBOLS: SORTED BY Symbol Address 

address   name                          
-------   ----                          
00000000  __TI_static_base__            
00000000  interruptVectors              
000000e5  LogicAnalyzer                 
000000ef  LogicAnalyzer_P1              
000000fd  LogicAnalyzer_P2              
0000010b  LogicAnalyzer_P2_7654         
0000011b  LogicAnalyzer_P3              
00000129  LogicAnalyzer_P4              
00000137  LogicAnalyzer_P4_765432       
00000147  LogicAnalyzer_P4_765320       
0000017f  LogicAnalyzer_P5              
0000018d  LogicAnalyzer_P6              
0000019b  LogicAnalyzer_P7              
000001a9  LogicAnalyzer_P8              
000001b7  LogicAnalyzer_P9              
000001c5  LogicAnalyzer_P10             
000001d3  Scope                         
00000200  __STACK_SIZE                  
00000257  PeriodicTask2_Init            
000002c1  T32_INT1_IRQHandler           
000002c1  T32_INT1_IRQHandler           
000002d1  PeriodicTask2_Stop            
000002e1  UART_Init                     
0000033b  UART_InChar                   
0000034b  UART_OutChar                  
00000367  TExaS_Task0                   
00000373  TExaS_Task1                   
0000037f  TExaS_Task2                   
0000038b  TExaS_Task3                   
00000397  TExaS_Task4                   
00000399  TExaS_Task5                   
000003a5  TExaS_Task6                   
000003b1  TExaS_Set                     
000003c9  TExaS_Set0                    
000003d5  TExaS_Set1                    
000003e1  TExaS_Set2                    
000003ed  TExaS_Set3                    
000003f9  TExaS_Set4                    
000003fb  TExaS_Set5                    
00000407  TExaS_Set6                    
00000413  TExaS_Clear0                  
0000041f  TExaS_Clear1                  
0000042b  TExaS_Clear2                  
00000437  TExaS_Clear3                  
00000443  TExaS_Clear4                  
00000445  TExaS_Clear5                  
00000451  TExaS_Clear6                  
00000475  ADC_Init                      
00000551  TExaS_Init                    
000006b1  TExaS_Stop                    
00000715  SystemCoreClockUpdate         
00000989  SystemInit                    
00000a41  Clock_Init48MHz               
00000b57  Clock_GetFreq                 
00000b5d  delay                         
00000b6b  Clock_Delay1us                
00000b95  Clock_Delay1ms                
00000c21  __aeabi_memcpy                
00000c21  __aeabi_memcpy4               
00000c21  __aeabi_memcpy8               
00000c21  memcpy                        
00000cbd  HandleCollision               
00000cd7  main1                         
00000d09  main                          
00000d29  __TI_decompress_lzss          
00000d91  Motor_Init                    
00000d93  Motor_Stop                    
00000d95  Motor_Forward                 
00000da5  Motor_Right                   
00000db5  Motor_Left                    
00000dc5  Motor_Backward                
00000dd5  __TI_auto_init_nobinit_nopinit
00000e19  _c_int00_noargs               
00000e4d  DisableInterrupts             
00000e53  EnableInterrupts              
00000e59  StartCritical                 
00000e63  EndCritical                   
00000e6b  WaitForInterrupt              
00000e71  __TI_zero_init_nomemset       
00000e8d  TimerA1_Init                  
00000e9b  TimerA1_Stop                  
00000e9d  TA1_0_IRQHandler              
00000e9d  TA1_0_IRQHandler              
00000e9f  BumpInt_Init                  
00000ea9  Bump_Read                     
00000ead  PORT4_IRQHandler              
00000ead  PORT4_IRQHandler              
00000eaf  __TI_decompress_none          
00000ebd  Reset_Handler                 
00000ec9  ADC14_IRQHandler              
00000ec9  AES256_IRQHandler             
00000ec9  BusFault_Handler              
00000ec9  COMP_E0_IRQHandler            
00000ec9  COMP_E1_IRQHandler            
00000ec9  CS_IRQHandler                 
00000ec9  DMA_ERR_IRQHandler            
00000ec9  DMA_INT0_IRQHandler           
00000ec9  DMA_INT1_IRQHandler           
00000ec9  DMA_INT2_IRQHandler           
00000ec9  DMA_INT3_IRQHandler           
00000ec9  DebugMon_Handler              
00000ec9  Default_Handler               
00000ec9  EUSCIA0_IRQHandler            
00000ec9  EUSCIA1_IRQHandler            
00000ec9  EUSCIA2_IRQHandler            
00000ec9  EUSCIA3_IRQHandler            
00000ec9  EUSCIB0_IRQHandler            
00000ec9  EUSCIB1_IRQHandler            
00000ec9  EUSCIB2_IRQHandler            
00000ec9  EUSCIB3_IRQHandler            
00000ec9  FLCTL_IRQHandler              
00000ec9  FPU_IRQHandler                
00000ec9  HardFault_Handler             
00000ec9  MemManage_Handler             
00000ec9  NMI_Handler                   
00000ec9  PCM_IRQHandler                
00000ec9  PORT1_IRQHandler              
00000ec9  PORT2_IRQHandler              
00000ec9  PORT3_IRQHandler              
00000ec9  PORT5_IRQHandler              
00000ec9  PORT6_IRQHandler              
00000ec9  PSS_IRQHandler                
00000ec9  PendSV_Handler                
00000ec9  RTC_C_IRQHandler              
00000ec9  SVC_Handler                   
00000ec9  SysTick_Handler               
00000ec9  T32_INT2_IRQHandler           
00000ec9  T32_INTC_IRQHandler           
00000ec9  TA0_0_IRQHandler              
00000ec9  TA0_N_IRQHandler              
00000ec9  TA1_N_IRQHandler              
00000ec9  TA2_0_IRQHandler              
00000ec9  TA2_N_IRQHandler              
00000ec9  TA3_0_IRQHandler              
00000ec9  TA3_N_IRQHandler              
00000ec9  UsageFault_Handler            
00000ec9  WDT_A_IRQHandler              
00000ecb  _system_pre_init              
00000ecf  C$$EXIT                       
00000ecf  abort                         
00000ee8  __TI_Handler_Table_Base       
00000ef4  __TI_Handler_Table_Limit      
00000f00  __TI_CINIT_Base               
00000f10  __TI_CINIT_Limit              
20000000  ClockFrequency                
20000004  Prewait                       
20000008  CPMwait                       
2000000c  Postwait                      
20000010  IFlags                        
20000014  Crystalstable                 
20000018  TExaS_ScopeErrLostData        
2000001c  TExaS_ScopeErrConflict        
20000020  TExaS_ScopeWrnReconfig        
20000024  SystemCoreClock               
20000028  PeriodicTask2                 
2000002c  CollisionData                 
2000002d  CollisionFlag                 
2000002e  LogicData                     
2000fe00  __stack                       
20010000  __STACK_END                   
4000480c  WDTCTL_SYM                    
ffffffff  __TI_pprof_out_hndl           
ffffffff  __TI_prof_data_size           
ffffffff  __TI_prof_data_start          
ffffffff  __binit__                     
ffffffff  __c_args__                    
ffffffff  binit                         
UNDEFED   __mpu_init                    
UNDEFED   _system_post_cinit            

[169 symbols]
