******************************************************************************
                  TI ARM Linker PC v18.12.2                    
******************************************************************************
>> Linked Wed Aug 28 15:13:42 2019

OUTPUT FILE NAME:   <Lab11_LCD.out>
ENTRY POINT SYMBOL: "_c_int00_noargs"  address: 00000db9


MEMORY CONFIGURATION

         name            origin    length      used     unused   attr    fill
----------------------  --------  ---------  --------  --------  ----  --------
  MAIN                  00000000   00040000  0000160a  0003e9f6  R  X
  INFO                  00200000   00004000  00000000  00004000  R  X
  SRAM_CODE             01000000   00010000  00000414  0000fbec  RW X
  SRAM_DATA             20000000   00010000  00000414  0000fbec  RW  


SEGMENT ALLOCATION MAP

run origin  load origin   length   init length attrs members
----------  ----------- ---------- ----------- ----- -------
00000000    00000000    00001610   00001610    r-x
  00000000    00000000    000000e4   000000e4    r-- .intvecs
  000000e4    000000e4    00000d48   00000d48    r-x .text
  00000e2c    00000e2c    000007a6   000007a6    r-- .const
  000015d8    000015d8    00000038   00000038    r-- .cinit
20000000    20000000    00000214   00000000    rw-
  20000000    20000000    000001f8   00000000    rw- .bss
  200001f8    200001f8    0000001c   00000000    rw- .data
2000fe00    2000fe00    00000200   00000000    rw-
  2000fe00    2000fe00    00000200   00000000    rw- .stack


SECTION ALLOCATION MAP

 output                                  attributes/
section   page    origin      length       input sections
--------  ----  ----------  ----------   ----------------
.intvecs   0    00000000    000000e4     
                  00000000    000000e4     startup_msp432p401r_ccs.obj (.intvecs:retain)

.text      0    000000e4    00000d48     
                  000000e4    000004dc     Nokia5110.obj (.text)
                  000005c0    0000032c     system_msp432p401r.obj (.text)
                  000008ec    000001e0     Clock.obj (.text)
                  00000acc    000001a4     Lab11_LCDmain.obj (.text)
                  00000c70    0000009c     rtsv7M4_T_le_v4SPD16_eabi.lib : memcpy_t2.asm.obj (.text)
                  00000d0c    00000068                                   : copy_decompress_lzss.c.obj (.text:decompress:lzss:__TI_decompress_lzss)
                  00000d74    00000044                                   : autoinit.c.obj (.text:__TI_auto_init_nobinit_nopinit:__TI_auto_init_nobinit_nopinit)
                  00000db8    00000034                                   : boot_cortex_m.c.obj (.text:_c_int00_noargs:_c_int00_noargs)
                  00000dec    0000001c                                   : copy_zero_init.c.obj (.text:decompress:ZI:__TI_zero_init_nomemset:__TI_zero_init_nomemset)
                  00000e08    0000000e                                   : copy_decompress_none.c.obj (.text:decompress:none:__TI_decompress_none)
                  00000e16    0000000e     startup_msp432p401r_ccs.obj (.text)
                  00000e24    00000004     rtsv7M4_T_le_v4SPD16_eabi.lib : pre_init.c.obj (.text:_system_pre_init)
                  00000e28    00000004                                   : exit.c.obj (.text:abort:abort)

.const     0    00000e2c    000007a6     
                  00000e2c    000004f7     Lab11_LCDmain.obj (.const:.string:ti)
                  00001323    000001e0     Nokia5110.obj (.const:ASCII)
                  00001503    000000c7     Lab11_LCDmain.obj (.const:.string:Enemy)
                  000015ca    00000008     Nokia5110.obj (.const:.string:Masks)

.cinit     0    000015d8    00000038     
                  000015d8    0000000d     (.cinit..data.load) [load image, compression = lzss]
                  000015e5    00000003     --HOLE-- [fill = 0]
                  000015e8    0000000c     (__TI_handler_table)
                  000015f4    00000004     --HOLE-- [fill = 0]
                  000015f8    00000008     (.cinit..bss.load) [load image, compression = zero_init]
                  00001600    00000010     (__TI_cinit_table)

.init_array 
*          0    00000000    00000000     UNINITIALIZED

.binit     0    00000000    00000000     

.bss       0    20000000    000001f8     UNINITIALIZED
                  20000000    000001f8     (.common:Screen)

.data      0    200001f8    0000001c     UNINITIALIZED
                  200001f8    00000018     Clock.obj (.data)
                  20000210    00000004     system_msp432p401r.obj (.data)

.stack     0    2000fe00    00000200     UNINITIALIZED
                  2000fe00    00000004     rtsv7M4_T_le_v4SPD16_eabi.lib : boot_cortex_m.c.obj (.stack)
                  2000fe04    000001fc     --HOLE--

MODULE SUMMARY

       Module                        code   ro data   rw data
       ------                        ----   -------   -------
    .\
       Nokia5110.obj                 1244   488       1008   
       Lab11_LCDmain.obj             420    1470      0      
       system_msp432p401r.obj        812    0         8      
       Clock.obj                     480    0         48     
       startup_msp432p401r_ccs.obj   14     228       0      
    +--+-----------------------------+------+---------+---------+
       Total:                        2970   2186      1064   
                                                             
    C:\ti\ccs910\ccs\tools\compiler\ti-cgt-arm_18.12.2.LTS\lib\rtsv7M4_T_le_v4SPD16_eabi.lib
       memcpy_t2.asm.obj             156    0         0      
       copy_decompress_lzss.c.obj    104    0         0      
       autoinit.c.obj                68     0         0      
       boot_cortex_m.c.obj           52     0         0      
       copy_zero_init.c.obj          28     0         0      
       copy_decompress_none.c.obj    14     0         0      
       exit.c.obj                    4      0         0      
       pre_init.c.obj                4      0         0      
    +--+-----------------------------+------+---------+---------+
       Total:                        430    0         0      
                                                             
       Stack:                        0      0         1024   
       Linker Generated:             0      49        0      
    +--+-----------------------------+------+---------+---------+
       Grand Total:                  3400   2235      2088   


LINKER GENERATED COPY TABLES

__TI_cinit_table @ 00001600 records: 2, size/record: 8, table size: 16
	.data: load addr=000015d8, load size=0000000d bytes, run addr=200001f8, run size=0000001c bytes, compression=lzss
	.bss: load addr=000015f8, load size=00000008 bytes, run addr=20000000, run size=000001f8 bytes, compression=zero_init


LINKER GENERATED HANDLER TABLE

__TI_handler_table @ 000015e8 records: 3, size/record: 4, table size: 12
	index: 0, handler: __TI_decompress_lzss
	index: 1, handler: __TI_decompress_none
	index: 2, handler: __TI_zero_init


GLOBAL SYMBOLS: SORTED ALPHABETICALLY BY Name 

address   name                          
-------   ----                          
00000e23  ADC14_IRQHandler              
00000e23  AES256_IRQHandler             
00000e23  BusFault_Handler              
00000e29  C$$EXIT                       
00000e23  COMP_E0_IRQHandler            
00000e23  COMP_E1_IRQHandler            
20000200  CPMwait                       
00000e23  CS_IRQHandler                 
200001f8  ClockFrequency                
00000a41  Clock_Delay1ms                
00000a17  Clock_Delay1us                
00000a03  Clock_GetFreq                 
000008ed  Clock_Init48MHz               
2000020c  Crystalstable                 
00000e23  DMA_ERR_IRQHandler            
00000e23  DMA_INT0_IRQHandler           
00000e23  DMA_INT1_IRQHandler           
00000e23  DMA_INT2_IRQHandler           
00000e23  DMA_INT3_IRQHandler           
00000e23  DebugMon_Handler              
00000e23  Default_Handler               
00000e23  EUSCIA0_IRQHandler            
00000e23  EUSCIA1_IRQHandler            
00000e23  EUSCIA2_IRQHandler            
00000e23  EUSCIA3_IRQHandler            
00000e23  EUSCIB0_IRQHandler            
00000e23  EUSCIB1_IRQHandler            
00000e23  EUSCIB2_IRQHandler            
00000e23  EUSCIB3_IRQHandler            
00001503  Enemy                         
00000e23  FLCTL_IRQHandler              
00000e23  FPU_IRQHandler                
00000e23  HardFault_Handler             
20000208  IFlags                        
000015ca  Masks                         
00000e23  MemManage_Handler             
00000e23  NMI_Handler                   
000002d3  Nokia5110_Clear               
00000539  Nokia5110_ClearBuffer         
0000056d  Nokia5110_ClrPxl              
00000563  Nokia5110_DisplayBuffer       
000002ff  Nokia5110_DrawFullImage       
000000fd  Nokia5110_Init                
000001a7  Nokia5110_OutChar             
000001fd  Nokia5110_OutSDec             
000001e7  Nokia5110_OutString           
000001f1  Nokia5110_OutUDec             
00000209  Nokia5110_OutUFix1            
00000355  Nokia5110_PrintBMP            
00000297  Nokia5110_SetCursor           
00000593  Nokia5110_SetPxl              
00000e23  PCM_IRQHandler                
00000e23  PORT1_IRQHandler              
00000e23  PORT2_IRQHandler              
00000e23  PORT3_IRQHandler              
00000e23  PORT4_IRQHandler              
00000e23  PORT5_IRQHandler              
00000e23  PORT6_IRQHandler              
00000e23  PSS_IRQHandler                
00000e23  PendSV_Handler                
20000204  Postwait                      
200001fc  Prewait                       
00000e23  RTC_C_IRQHandler              
00000e17  Reset_Handler                 
00000e23  SVC_Handler                   
20000000  Screen                        
00000e23  SysTick_Handler               
20000210  SystemCoreClock               
000005c1  SystemCoreClockUpdate         
00000835  SystemInit                    
00000e23  T32_INT1_IRQHandler           
00000e23  T32_INT2_IRQHandler           
00000e23  T32_INTC_IRQHandler           
00000e23  TA0_0_IRQHandler              
00000e23  TA0_N_IRQHandler              
00000e23  TA1_0_IRQHandler              
00000e23  TA1_N_IRQHandler              
00000e23  TA2_0_IRQHandler              
00000e23  TA2_N_IRQHandler              
00000e23  TA3_0_IRQHandler              
00000e23  TA3_N_IRQHandler              
00000e23  UsageFault_Handler            
4000480c  WDTCTL_SYM                    
00000e23  WDT_A_IRQHandler              
20010000  __STACK_END                   
00000200  __STACK_SIZE                  
00001600  __TI_CINIT_Base               
00001610  __TI_CINIT_Limit              
000015e8  __TI_Handler_Table_Base       
000015f4  __TI_Handler_Table_Limit      
00000d75  __TI_auto_init_nobinit_nopinit
00000d0d  __TI_decompress_lzss          
00000e09  __TI_decompress_none          
ffffffff  __TI_pprof_out_hndl           
ffffffff  __TI_prof_data_size           
ffffffff  __TI_prof_data_start          
00000000  __TI_static_base__            
00000ded  __TI_zero_init_nomemset       
00000c71  __aeabi_memcpy                
00000c71  __aeabi_memcpy4               
00000c71  __aeabi_memcpy8               
ffffffff  __binit__                     
ffffffff  __c_args__                    
UNDEFED   __mpu_init                    
2000fe00  __stack                       
00000db9  _c_int00_noargs               
UNDEFED   _system_post_cinit            
00000e25  _system_pre_init              
00000e29  abort                         
ffffffff  binit                         
00000a09  delay                         
00000000  interruptVectors              
00000acd  main                          
00000c71  memcpy                        
00000e2c  ti                            


GLOBAL SYMBOLS: SORTED BY Symbol Address 

address   name                          
-------   ----                          
00000000  __TI_static_base__            
00000000  interruptVectors              
000000fd  Nokia5110_Init                
000001a7  Nokia5110_OutChar             
000001e7  Nokia5110_OutString           
000001f1  Nokia5110_OutUDec             
000001fd  Nokia5110_OutSDec             
00000200  __STACK_SIZE                  
00000209  Nokia5110_OutUFix1            
00000297  Nokia5110_SetCursor           
000002d3  Nokia5110_Clear               
000002ff  Nokia5110_DrawFullImage       
00000355  Nokia5110_PrintBMP            
00000539  Nokia5110_ClearBuffer         
00000563  Nokia5110_DisplayBuffer       
0000056d  Nokia5110_ClrPxl              
00000593  Nokia5110_SetPxl              
000005c1  SystemCoreClockUpdate         
00000835  SystemInit                    
000008ed  Clock_Init48MHz               
00000a03  Clock_GetFreq                 
00000a09  delay                         
00000a17  Clock_Delay1us                
00000a41  Clock_Delay1ms                
00000acd  main                          
00000c71  __aeabi_memcpy                
00000c71  __aeabi_memcpy4               
00000c71  __aeabi_memcpy8               
00000c71  memcpy                        
00000d0d  __TI_decompress_lzss          
00000d75  __TI_auto_init_nobinit_nopinit
00000db9  _c_int00_noargs               
00000ded  __TI_zero_init_nomemset       
00000e09  __TI_decompress_none          
00000e17  Reset_Handler                 
00000e23  ADC14_IRQHandler              
00000e23  AES256_IRQHandler             
00000e23  BusFault_Handler              
00000e23  COMP_E0_IRQHandler            
00000e23  COMP_E1_IRQHandler            
00000e23  CS_IRQHandler                 
00000e23  DMA_ERR_IRQHandler            
00000e23  DMA_INT0_IRQHandler           
00000e23  DMA_INT1_IRQHandler           
00000e23  DMA_INT2_IRQHandler           
00000e23  DMA_INT3_IRQHandler           
00000e23  DebugMon_Handler              
00000e23  Default_Handler               
00000e23  EUSCIA0_IRQHandler            
00000e23  EUSCIA1_IRQHandler            
00000e23  EUSCIA2_IRQHandler            
00000e23  EUSCIA3_IRQHandler            
00000e23  EUSCIB0_IRQHandler            
00000e23  EUSCIB1_IRQHandler            
00000e23  EUSCIB2_IRQHandler            
00000e23  EUSCIB3_IRQHandler            
00000e23  FLCTL_IRQHandler              
00000e23  FPU_IRQHandler                
00000e23  HardFault_Handler             
00000e23  MemManage_Handler             
00000e23  NMI_Handler                   
00000e23  PCM_IRQHandler                
00000e23  PORT1_IRQHandler              
00000e23  PORT2_IRQHandler              
00000e23  PORT3_IRQHandler              
00000e23  PORT4_IRQHandler              
00000e23  PORT5_IRQHandler              
00000e23  PORT6_IRQHandler              
00000e23  PSS_IRQHandler                
00000e23  PendSV_Handler                
00000e23  RTC_C_IRQHandler              
00000e23  SVC_Handler                   
00000e23  SysTick_Handler               
00000e23  T32_INT1_IRQHandler           
00000e23  T32_INT2_IRQHandler           
00000e23  T32_INTC_IRQHandler           
00000e23  TA0_0_IRQHandler              
00000e23  TA0_N_IRQHandler              
00000e23  TA1_0_IRQHandler              
00000e23  TA1_N_IRQHandler              
00000e23  TA2_0_IRQHandler              
00000e23  TA2_N_IRQHandler              
00000e23  TA3_0_IRQHandler              
00000e23  TA3_N_IRQHandler              
00000e23  UsageFault_Handler            
00000e23  WDT_A_IRQHandler              
00000e25  _system_pre_init              
00000e29  C$$EXIT                       
00000e29  abort                         
00000e2c  ti                            
00001503  Enemy                         
000015ca  Masks                         
000015e8  __TI_Handler_Table_Base       
000015f4  __TI_Handler_Table_Limit      
00001600  __TI_CINIT_Base               
00001610  __TI_CINIT_Limit              
20000000  Screen                        
200001f8  ClockFrequency                
200001fc  Prewait                       
20000200  CPMwait                       
20000204  Postwait                      
20000208  IFlags                        
2000020c  Crystalstable                 
20000210  SystemCoreClock               
2000fe00  __stack                       
20010000  __STACK_END                   
4000480c  WDTCTL_SYM                    
ffffffff  __TI_pprof_out_hndl           
ffffffff  __TI_prof_data_size           
ffffffff  __TI_prof_data_start          
ffffffff  __binit__                     
ffffffff  __c_args__                    
ffffffff  binit                         
UNDEFED   __mpu_init                    
UNDEFED   _system_post_cinit            

[115 symbols]
