******************************************************************************
                  TI ARM Linker PC v18.12.2                    
******************************************************************************
>> Linked Wed Aug 28 15:13:41 2019

OUTPUT FILE NAME:   <Lab10_Debug.out>
ENTRY POINT SYMBOL: "_c_int00_noargs"  address: 000009b5


MEMORY CONFIGURATION

         name            origin    length      used     unused   attr    fill
----------------------  --------  ---------  --------  --------  ----  --------
  MAIN                  00000000   00040000  00000a60  0003f5a0  R  X
  INFO                  00200000   00004000  00000000  00004000  R  X
  SRAM_CODE             01000000   00010000  0000041c  0000fbe4  RW X
  SRAM_DATA             20000000   00010000  0000041c  0000fbe4  RW  


SEGMENT ALLOCATION MAP

run origin  load origin   length   init length attrs members
----------  ----------- ---------- ----------- ----- -------
00000000    00000000    00000a60   00000a60    r-x
  00000000    00000000    000000e4   000000e4    r-- .intvecs
  000000e4    000000e4    00000944   00000944    r-x .text
  00000a28    00000a28    00000038   00000038    r-- .cinit
20000000    20000000    0000021c   00000000    rw-
  20000000    20000000    00000200   00000000    rw- .bss
  20000200    20000200    0000001c   00000000    rw- .data
2000fe00    2000fe00    00000200   00000000    rw-
  2000fe00    2000fe00    00000200   00000000    rw- .stack


SECTION ALLOCATION MAP

 output                                  attributes/
section   page    origin      length       input sections
--------  ----  ----------  ----------   ----------------
.intvecs   0    00000000    000000e4     
                  00000000    000000e4     startup_msp432p401r_ccs.obj (.intvecs:retain)

.text      0    000000e4    00000944     
                  000000e4    0000032c     system_msp432p401r.obj (.text)
                  00000410    000001e0     Clock.obj (.text)
                  000005f0    00000188     Lab10_Debugmain.obj (.text)
                  00000778    000000f4     LaunchPad.obj (.text)
                  0000086c    0000009c     rtsv7M4_T_le_v4SPD16_eabi.lib : memcpy_t2.asm.obj (.text)
                  00000908    00000068                                   : copy_decompress_lzss.c.obj (.text:decompress:lzss:__TI_decompress_lzss)
                  00000970    00000044                                   : autoinit.c.obj (.text:__TI_auto_init_nobinit_nopinit:__TI_auto_init_nobinit_nopinit)
                  000009b4    00000034                                   : boot_cortex_m.c.obj (.text:_c_int00_noargs:_c_int00_noargs)
                  000009e8    0000001c                                   : copy_zero_init.c.obj (.text:decompress:ZI:__TI_zero_init_nomemset:__TI_zero_init_nomemset)
                  00000a04    0000000e                                   : copy_decompress_none.c.obj (.text:decompress:none:__TI_decompress_none)
                  00000a12    0000000e     startup_msp432p401r_ccs.obj (.text)
                  00000a20    00000004     rtsv7M4_T_le_v4SPD16_eabi.lib : pre_init.c.obj (.text:_system_pre_init)
                  00000a24    00000004                                   : exit.c.obj (.text:abort:abort)

.cinit     0    00000a28    00000038     
                  00000a28    0000000d     (.cinit..data.load) [load image, compression = lzss]
                  00000a35    00000003     --HOLE-- [fill = 0]
                  00000a38    0000000c     (__TI_handler_table)
                  00000a44    00000004     --HOLE-- [fill = 0]
                  00000a48    00000008     (.cinit..bss.load) [load image, compression = zero_init]
                  00000a50    00000010     (__TI_cinit_table)

.init_array 
*          0    00000000    00000000     UNINITIALIZED

.binit     0    00000000    00000000     

.bss       0    20000000    00000200     UNINITIALIZED
                  20000000    00000200     (.common:Buffer)

.data      0    20000200    0000001c     UNINITIALIZED
                  20000200    00000018     Clock.obj (.data)
                  20000218    00000004     system_msp432p401r.obj (.data)

.stack     0    2000fe00    00000200     UNINITIALIZED
                  2000fe00    00000004     rtsv7M4_T_le_v4SPD16_eabi.lib : boot_cortex_m.c.obj (.stack)
                  2000fe04    000001fc     --HOLE--

MODULE SUMMARY

       Module                        code   ro data   rw data
       ------                        ----   -------   -------
    .\
       Lab10_Debugmain.obj           392    0         1024   
       system_msp432p401r.obj        812    0         8      
       Clock.obj                     480    0         48     
       LaunchPad.obj                 244    0         0      
       startup_msp432p401r_ccs.obj   14     228       0      
    +--+-----------------------------+------+---------+---------+
       Total:                        1942   228       1080   
                                                             
    C:\ti\ccs910\ccs\tools\compiler\ti-cgt-arm_18.12.2.LTS\lib\rtsv7M4_T_le_v4SPD16_eabi.lib
       memcpy_t2.asm.obj             156    0         0      
       copy_decompress_lzss.c.obj    104    0         0      
       autoinit.c.obj                68     0         0      
       boot_cortex_m.c.obj           52     0         0      
       copy_zero_init.c.obj          28     0         0      
       copy_decompress_none.c.obj    14     0         0      
       exit.c.obj                    4      0         0      
       pre_init.c.obj                4      0         0      
    +--+-----------------------------+------+---------+---------+
       Total:                        430    0         0      
                                                             
       Stack:                        0      0         1024   
       Linker Generated:             0      49        0      
    +--+-----------------------------+------+---------+---------+
       Grand Total:                  2372   277       2104   


LINKER GENERATED COPY TABLES

__TI_cinit_table @ 00000a50 records: 2, size/record: 8, table size: 16
	.data: load addr=00000a28, load size=0000000d bytes, run addr=20000200, run size=0000001c bytes, compression=lzss
	.bss: load addr=00000a48, load size=00000008 bytes, run addr=20000000, run size=00000200 bytes, compression=zero_init


LINKER GENERATED HANDLER TABLE

__TI_handler_table @ 00000a38 records: 3, size/record: 4, table size: 12
	index: 0, handler: __TI_decompress_lzss
	index: 1, handler: __TI_decompress_none
	index: 2, handler: __TI_zero_init


GLOBAL SYMBOLS: SORTED ALPHABETICALLY BY Name 

address   name                          
-------   ----                          
00000a1f  ADC14_IRQHandler              
00000a1f  AES256_IRQHandler             
20000000  Buffer                        
00000a1f  BusFault_Handler              
00000a25  C$$EXIT                       
00000a1f  COMP_E0_IRQHandler            
00000a1f  COMP_E1_IRQHandler            
20000208  CPMwait                       
00000a1f  CS_IRQHandler                 
20000200  ClockFrequency                
00000565  Clock_Delay1ms                
0000053b  Clock_Delay1us                
00000527  Clock_GetFreq                 
00000411  Clock_Init48MHz               
20000214  Crystalstable                 
00000a1f  DMA_ERR_IRQHandler            
00000a1f  DMA_INT0_IRQHandler           
00000a1f  DMA_INT1_IRQHandler           
00000a1f  DMA_INT2_IRQHandler           
00000a1f  DMA_INT3_IRQHandler           
00000a1f  DebugMon_Handler              
000005f3  Debug_Dump                    
00000603  Debug_FlashInit               
00000605  Debug_FlashRecord             
000005f1  Debug_Init                    
00000a1f  Default_Handler               
00000a1f  EUSCIA0_IRQHandler            
00000a1f  EUSCIA1_IRQHandler            
00000a1f  EUSCIA2_IRQHandler            
00000a1f  EUSCIA3_IRQHandler            
00000a1f  EUSCIB0_IRQHandler            
00000a1f  EUSCIB1_IRQHandler            
00000a1f  EUSCIB2_IRQHandler            
00000a1f  EUSCIB3_IRQHandler            
00000a1f  FLCTL_IRQHandler              
00000a1f  FPU_IRQHandler                
00000a1f  HardFault_Handler             
20000210  IFlags                        
00000779  LaunchPad_Init                
000007e9  LaunchPad_Input               
00000803  LaunchPad_LED                 
00000821  LaunchPad_Output              
00000a1f  MemManage_Handler             
00000a1f  NMI_Handler                   
00000a1f  PCM_IRQHandler                
00000a1f  PORT1_IRQHandler              
00000a1f  PORT2_IRQHandler              
00000a1f  PORT3_IRQHandler              
00000a1f  PORT4_IRQHandler              
00000a1f  PORT5_IRQHandler              
00000a1f  PORT6_IRQHandler              
00000a1f  PSS_IRQHandler                
00000a1f  PendSV_Handler                
2000020c  Postwait                      
20000204  Prewait                       
00000613  Program10_1                   
00000657  Program10_2                   
000006e1  Program10_3                   
00000a1f  RTC_C_IRQHandler              
00000a13  Reset_Handler                 
00000a1f  SVC_Handler                   
0000060f  SysTick_Handler               
0000060f  SysTick_Handler               
20000218  SystemCoreClock               
000000e5  SystemCoreClockUpdate         
00000359  SystemInit                    
00000a1f  T32_INT1_IRQHandler           
00000a1f  T32_INT2_IRQHandler           
00000a1f  T32_INTC_IRQHandler           
00000a1f  TA0_0_IRQHandler              
00000a1f  TA0_N_IRQHandler              
00000a1f  TA1_0_IRQHandler              
00000a1f  TA1_N_IRQHandler              
00000a1f  TA2_0_IRQHandler              
00000a1f  TA2_N_IRQHandler              
00000a1f  TA3_0_IRQHandler              
00000a1f  TA3_N_IRQHandler              
00000a1f  UsageFault_Handler            
4000480c  WDTCTL_SYM                    
00000a1f  WDT_A_IRQHandler              
20010000  __STACK_END                   
00000200  __STACK_SIZE                  
00000a50  __TI_CINIT_Base               
00000a60  __TI_CINIT_Limit              
00000a38  __TI_Handler_Table_Base       
00000a44  __TI_Handler_Table_Limit      
00000971  __TI_auto_init_nobinit_nopinit
00000909  __TI_decompress_lzss          
00000a05  __TI_decompress_none          
ffffffff  __TI_pprof_out_hndl           
ffffffff  __TI_prof_data_size           
ffffffff  __TI_prof_data_start          
00000000  __TI_static_base__            
000009e9  __TI_zero_init_nomemset       
0000086d  __aeabi_memcpy                
0000086d  __aeabi_memcpy4               
0000086d  __aeabi_memcpy8               
ffffffff  __binit__                     
ffffffff  __c_args__                    
UNDEFED   __mpu_init                    
2000fe00  __stack                       
000009b5  _c_int00_noargs               
UNDEFED   _system_post_cinit            
00000a21  _system_pre_init              
00000a25  abort                         
ffffffff  binit                         
0000052d  delay                         
00000000  interruptVectors              
00000611  main                          
0000086d  memcpy                        


GLOBAL SYMBOLS: SORTED BY Symbol Address 

address   name                          
-------   ----                          
00000000  __TI_static_base__            
00000000  interruptVectors              
000000e5  SystemCoreClockUpdate         
00000200  __STACK_SIZE                  
00000359  SystemInit                    
00000411  Clock_Init48MHz               
00000527  Clock_GetFreq                 
0000052d  delay                         
0000053b  Clock_Delay1us                
00000565  Clock_Delay1ms                
000005f1  Debug_Init                    
000005f3  Debug_Dump                    
00000603  Debug_FlashInit               
00000605  Debug_FlashRecord             
0000060f  SysTick_Handler               
0000060f  SysTick_Handler               
00000611  main                          
00000613  Program10_1                   
00000657  Program10_2                   
000006e1  Program10_3                   
00000779  LaunchPad_Init                
000007e9  LaunchPad_Input               
00000803  LaunchPad_LED                 
00000821  LaunchPad_Output              
0000086d  __aeabi_memcpy                
0000086d  __aeabi_memcpy4               
0000086d  __aeabi_memcpy8               
0000086d  memcpy                        
00000909  __TI_decompress_lzss          
00000971  __TI_auto_init_nobinit_nopinit
000009b5  _c_int00_noargs               
000009e9  __TI_zero_init_nomemset       
00000a05  __TI_decompress_none          
00000a13  Reset_Handler                 
00000a1f  ADC14_IRQHandler              
00000a1f  AES256_IRQHandler             
00000a1f  BusFault_Handler              
00000a1f  COMP_E0_IRQHandler            
00000a1f  COMP_E1_IRQHandler            
00000a1f  CS_IRQHandler                 
00000a1f  DMA_ERR_IRQHandler            
00000a1f  DMA_INT0_IRQHandler           
00000a1f  DMA_INT1_IRQHandler           
00000a1f  DMA_INT2_IRQHandler           
00000a1f  DMA_INT3_IRQHandler           
00000a1f  DebugMon_Handler              
00000a1f  Default_Handler               
00000a1f  EUSCIA0_IRQHandler            
00000a1f  EUSCIA1_IRQHandler            
00000a1f  EUSCIA2_IRQHandler            
00000a1f  EUSCIA3_IRQHandler            
00000a1f  EUSCIB0_IRQHandler            
00000a1f  EUSCIB1_IRQHandler            
00000a1f  EUSCIB2_IRQHandler            
00000a1f  EUSCIB3_IRQHandler            
00000a1f  FLCTL_IRQHandler              
00000a1f  FPU_IRQHandler                
00000a1f  HardFault_Handler             
00000a1f  MemManage_Handler             
00000a1f  NMI_Handler                   
00000a1f  PCM_IRQHandler                
00000a1f  PORT1_IRQHandler              
00000a1f  PORT2_IRQHandler              
00000a1f  PORT3_IRQHandler              
00000a1f  PORT4_IRQHandler              
00000a1f  PORT5_IRQHandler              
00000a1f  PORT6_IRQHandler              
00000a1f  PSS_IRQHandler                
00000a1f  PendSV_Handler                
00000a1f  RTC_C_IRQHandler              
00000a1f  SVC_Handler                   
00000a1f  T32_INT1_IRQHandler           
00000a1f  T32_INT2_IRQHandler           
00000a1f  T32_INTC_IRQHandler           
00000a1f  TA0_0_IRQHandler              
00000a1f  TA0_N_IRQHandler              
00000a1f  TA1_0_IRQHandler              
00000a1f  TA1_N_IRQHandler              
00000a1f  TA2_0_IRQHandler              
00000a1f  TA2_N_IRQHandler              
00000a1f  TA3_0_IRQHandler              
00000a1f  TA3_N_IRQHandler              
00000a1f  UsageFault_Handler            
00000a1f  WDT_A_IRQHandler              
00000a21  _system_pre_init              
00000a25  C$$EXIT                       
00000a25  abort                         
00000a38  __TI_Handler_Table_Base       
00000a44  __TI_Handler_Table_Limit      
00000a50  __TI_CINIT_Base               
00000a60  __TI_CINIT_Limit              
20000000  Buffer                        
20000200  ClockFrequency                
20000204  Prewait                       
20000208  CPMwait                       
2000020c  Postwait                      
20000210  IFlags                        
20000214  Crystalstable                 
20000218  SystemCoreClock               
2000fe00  __stack                       
20010000  __STACK_END                   
4000480c  WDTCTL_SYM                    
ffffffff  __TI_pprof_out_hndl           
ffffffff  __TI_prof_data_size           
ffffffff  __TI_prof_data_start          
ffffffff  __binit__                     
ffffffff  __c_args__                    
ffffffff  binit                         
UNDEFED   __mpu_init                    
UNDEFED   _system_post_cinit            

[110 symbols]
