******************************************************************************
                  TI ARM Linker PC v18.12.2                    
******************************************************************************
>> Linked Wed Oct  2 14:49:12 2019

OUTPUT FILE NAME:   <Lab04_SoftwareDesign.out>
ENTRY POINT SYMBOL: "_c_int00_noargs"  address: 00000ab1


MEMORY CONFIGURATION

         name            origin    length      used     unused   attr    fill
----------------------  --------  ---------  --------  --------  ----  --------
  MAIN                  00000000   00040000  00000bac  0003f454  R  X
  INFO                  00200000   00004000  00000000  00004000  R  X
  SRAM_CODE             01000000   00010000  0000021c  0000fde4  RW X
  SRAM_DATA             20000000   00010000  0000021c  0000fde4  RW  


SEGMENT ALLOCATION MAP

run origin  load origin   length   init length attrs members
----------  ----------- ---------- ----------- ----- -------
00000000    00000000    00000bb0   00000bb0    r-x
  00000000    00000000    000000e4   000000e4    r-- .intvecs
  000000e4    000000e4    00000a40   00000a40    r-x .text
  00000b24    00000b24    00000048   00000048    r-- .const
  00000b70    00000b70    00000040   00000040    r-- .cinit
20000000    20000000    0000001c   00000000    rw-
  20000000    20000000    00000014   00000000    rw- .data
  20000014    20000014    00000008   00000000    rw- .bss
2000fe00    2000fe00    00000200   00000000    rw-
  2000fe00    2000fe00    00000200   00000000    rw- .stack


SECTION ALLOCATION MAP

 output                                  attributes/
section   page    origin      length       input sections
--------  ----  ----------  ----------   ----------------
.intvecs   0    00000000    000000e4     
                  00000000    000000e4     startup_msp432p401r_ccs.obj (.intvecs:retain)

.text      0    000000e4    00000a40     
                  000000e4    00000374     Lab04_SoftwareDesignmain.obj (.text)
                  00000458    0000032c     system_msp432p401r.obj (.text)
                  00000784    000001e4     Solution.obj (.text)
                  00000968    0000009c     rtsv7M4_T_le_v4SPD16_eabi.lib : memcpy_t2.asm.obj (.text)
                  00000a04    00000068                                   : copy_decompress_lzss.c.obj (.text:decompress:lzss:__TI_decompress_lzss)
                  00000a6c    00000044                                   : autoinit.c.obj (.text:__TI_auto_init_nobinit_nopinit:__TI_auto_init_nobinit_nopinit)
                  00000ab0    00000034                                   : boot_cortex_m.c.obj (.text:_c_int00_noargs:_c_int00_noargs)
                  00000ae4    0000001c                                   : copy_zero_init.c.obj (.text:decompress:ZI:__TI_zero_init_nomemset:__TI_zero_init_nomemset)
                  00000b00    0000000e                                   : copy_decompress_none.c.obj (.text:decompress:none:__TI_decompress_none)
                  00000b0e    0000000e     startup_msp432p401r_ccs.obj (.text)
                  00000b1c    00000004     rtsv7M4_T_le_v4SPD16_eabi.lib : pre_init.c.obj (.text:_system_pre_init)
                  00000b20    00000004                                   : exit.c.obj (.text:abort:abort)

.const     0    00000b24    00000048     
                  00000b24    00000048     Lab04_SoftwareDesignmain.obj (.const:CornerCases)

.cinit     0    00000b70    00000040     
                  00000b70    00000019     (.cinit..data.load) [load image, compression = lzss]
                  00000b89    00000003     --HOLE-- [fill = 0]
                  00000b8c    0000000c     (__TI_handler_table)
                  00000b98    00000008     (.cinit..bss.load) [load image, compression = zero_init]
                  00000ba0    00000010     (__TI_cinit_table)

.init_array 
*          0    00000000    00000000     UNINITIALIZED

.binit     0    00000000    00000000     

.data      0    20000000    00000014     UNINITIALIZED
                  20000000    00000010     Solution.obj (.data)
                  20000010    00000004     system_msp432p401r.obj (.data)

.bss       0    20000014    00000008     UNINITIALIZED
                  20000014    00000004     (.common:correct)
                  20000018    00000004     (.common:errors)

.stack     0    2000fe00    00000200     UNINITIALIZED
                  2000fe00    00000004     rtsv7M4_T_le_v4SPD16_eabi.lib : boot_cortex_m.c.obj (.stack)
                  2000fe04    000001fc     --HOLE--

MODULE SUMMARY

       Module                         code   ro data   rw data
       ------                         ----   -------   -------
    ..\
       Solution.obj                   484    0         32     
    +--+------------------------------+------+---------+---------+
       Total:                         484    0         32     
                                                              
    .\
       Lab04_SoftwareDesignmain.obj   884    72        16     
       system_msp432p401r.obj         812    0         8      
       startup_msp432p401r_ccs.obj    14     228       0      
    +--+------------------------------+------+---------+---------+
       Total:                         1710   300       24     
                                                              
    C:\ti\ccs910\ccs\tools\compiler\ti-cgt-arm_18.12.2.LTS\lib\rtsv7M4_T_le_v4SPD16_eabi.lib
       memcpy_t2.asm.obj              156    0         0      
       copy_decompress_lzss.c.obj     104    0         0      
       autoinit.c.obj                 68     0         0      
       boot_cortex_m.c.obj            52     0         0      
       copy_zero_init.c.obj           28     0         0      
       copy_decompress_none.c.obj     14     0         0      
       exit.c.obj                     4      0         0      
       pre_init.c.obj                 4      0         0      
    +--+------------------------------+------+---------+---------+
       Total:                         430    0         0      
                                                              
       Stack:                         0      0         1024   
       Linker Generated:              0      61        0      
    +--+------------------------------+------+---------+---------+
       Grand Total:                   2624   361       1080   


LINKER GENERATED COPY TABLES

__TI_cinit_table @ 00000ba0 records: 2, size/record: 8, table size: 16
	.data: load addr=00000b70, load size=00000019 bytes, run addr=20000000, run size=00000014 bytes, compression=lzss
	.bss: load addr=00000b98, load size=00000008 bytes, run addr=20000014, run size=00000008 bytes, compression=zero_init


LINKER GENERATED HANDLER TABLE

__TI_handler_table @ 00000b8c records: 3, size/record: 4, table size: 12
	index: 0, handler: __TI_decompress_lzss
	index: 1, handler: __TI_decompress_none
	index: 2, handler: __TI_zero_init


GLOBAL SYMBOLS: SORTED ALPHABETICALLY BY Name 

address   name                          
-------   ----                          
00000b1b  ADC14_IRQHandler              
00000b1b  AES256_IRQHandler             
00000b1b  BusFault_Handler              
00000b21  C$$EXIT                       
000000ef  CClosed                       
00000b1b  COMP_E0_IRQHandler            
00000b1b  COMP_E1_IRQHandler            
000000ed  COpen                         
00000b1b  CS_IRQHandler                 
2000000c  Centermin                     
20000008  Centeropen                    
000000f1  Classify                      
000002e3  Convert                       
00000b24  CornerCases                   
00000b1b  DMA_ERR_IRQHandler            
00000b1b  DMA_INT0_IRQHandler           
00000b1b  DMA_INT1_IRQHandler           
00000b1b  DMA_INT2_IRQHandler           
00000b1b  DMA_INT3_IRQHandler           
00000b1b  DebugMon_Handler              
00000b1b  Default_Handler               
00000b1b  EUSCIA0_IRQHandler            
00000b1b  EUSCIA1_IRQHandler            
00000b1b  EUSCIA2_IRQHandler            
00000b1b  EUSCIA3_IRQHandler            
00000b1b  EUSCIB0_IRQHandler            
00000b1b  EUSCIB1_IRQHandler            
00000b1b  EUSCIB2_IRQHandler            
00000b1b  EUSCIB3_IRQHandler            
00000b1b  FLCTL_IRQHandler              
00000b1b  FPU_IRQHandler                
00000b1b  HardFault_Handler             
000000e7  LClosed                       
000000e5  LOpen                         
00000b1b  MemManage_Handler             
00000b1b  NMI_Handler                   
00000b1b  PCM_IRQHandler                
00000b1b  PORT1_IRQHandler              
00000b1b  PORT2_IRQHandler              
00000b1b  PORT3_IRQHandler              
00000b1b  PORT4_IRQHandler              
00000b1b  PORT5_IRQHandler              
00000b1b  PORT6_IRQHandler              
00000b1b  PSS_IRQHandler                
00000b1b  PendSV_Handler                
000003bb  Program4_3                    
000000eb  RClosed                       
000000e9  ROpen                         
00000b1b  RTC_C_IRQHandler              
00000b0f  Reset_Handler                 
00000b1b  SVC_Handler                   
00000785  SetParametersForSolution      
20000000  Sidemax                       
20000004  Sidemin                       
000007ad  Solution                      
00000b1b  SysTick_Handler               
20000010  SystemCoreClock               
00000459  SystemCoreClockUpdate         
000006cd  SystemInit                    
00000b1b  T32_INT1_IRQHandler           
00000b1b  T32_INT2_IRQHandler           
00000b1b  T32_INTC_IRQHandler           
00000b1b  TA0_0_IRQHandler              
00000b1b  TA0_N_IRQHandler              
00000b1b  TA1_0_IRQHandler              
00000b1b  TA1_N_IRQHandler              
00000b1b  TA2_0_IRQHandler              
00000b1b  TA2_N_IRQHandler              
00000b1b  TA3_0_IRQHandler              
00000b1b  TA3_N_IRQHandler              
00000b1b  UsageFault_Handler            
4000480c  WDTCTL_SYM                    
00000b1b  WDT_A_IRQHandler              
20010000  __STACK_END                   
00000200  __STACK_SIZE                  
00000ba0  __TI_CINIT_Base               
00000bb0  __TI_CINIT_Limit              
00000b8c  __TI_Handler_Table_Base       
00000b98  __TI_Handler_Table_Limit      
00000a6d  __TI_auto_init_nobinit_nopinit
00000a05  __TI_decompress_lzss          
00000b01  __TI_decompress_none          
ffffffff  __TI_pprof_out_hndl           
ffffffff  __TI_prof_data_size           
ffffffff  __TI_prof_data_start          
00000000  __TI_static_base__            
00000ae5  __TI_zero_init_nomemset       
00000969  __aeabi_memcpy                
00000969  __aeabi_memcpy4               
00000969  __aeabi_memcpy8               
ffffffff  __binit__                     
ffffffff  __c_args__                    
UNDEFED   __mpu_init                    
2000fe00  __stack                       
00000ab1  _c_int00_noargs               
UNDEFED   _system_post_cinit            
00000b1d  _system_pre_init              
00000b21  abort                         
ffffffff  binit                         
20000014  correct                       
20000018  errors                        
00000000  interruptVectors              
0000030d  main                          
00000447  main2                         
00000969  memcpy                        


GLOBAL SYMBOLS: SORTED BY Symbol Address 

address   name                          
-------   ----                          
00000000  __TI_static_base__            
00000000  interruptVectors              
000000e5  LOpen                         
000000e7  LClosed                       
000000e9  ROpen                         
000000eb  RClosed                       
000000ed  COpen                         
000000ef  CClosed                       
000000f1  Classify                      
00000200  __STACK_SIZE                  
000002e3  Convert                       
0000030d  main                          
000003bb  Program4_3                    
00000447  main2                         
00000459  SystemCoreClockUpdate         
000006cd  SystemInit                    
00000785  SetParametersForSolution      
000007ad  Solution                      
00000969  __aeabi_memcpy                
00000969  __aeabi_memcpy4               
00000969  __aeabi_memcpy8               
00000969  memcpy                        
00000a05  __TI_decompress_lzss          
00000a6d  __TI_auto_init_nobinit_nopinit
00000ab1  _c_int00_noargs               
00000ae5  __TI_zero_init_nomemset       
00000b01  __TI_decompress_none          
00000b0f  Reset_Handler                 
00000b1b  ADC14_IRQHandler              
00000b1b  AES256_IRQHandler             
00000b1b  BusFault_Handler              
00000b1b  COMP_E0_IRQHandler            
00000b1b  COMP_E1_IRQHandler            
00000b1b  CS_IRQHandler                 
00000b1b  DMA_ERR_IRQHandler            
00000b1b  DMA_INT0_IRQHandler           
00000b1b  DMA_INT1_IRQHandler           
00000b1b  DMA_INT2_IRQHandler           
00000b1b  DMA_INT3_IRQHandler           
00000b1b  DebugMon_Handler              
00000b1b  Default_Handler               
00000b1b  EUSCIA0_IRQHandler            
00000b1b  EUSCIA1_IRQHandler            
00000b1b  EUSCIA2_IRQHandler            
00000b1b  EUSCIA3_IRQHandler            
00000b1b  EUSCIB0_IRQHandler            
00000b1b  EUSCIB1_IRQHandler            
00000b1b  EUSCIB2_IRQHandler            
00000b1b  EUSCIB3_IRQHandler            
00000b1b  FLCTL_IRQHandler              
00000b1b  FPU_IRQHandler                
00000b1b  HardFault_Handler             
00000b1b  MemManage_Handler             
00000b1b  NMI_Handler                   
00000b1b  PCM_IRQHandler                
00000b1b  PORT1_IRQHandler              
00000b1b  PORT2_IRQHandler              
00000b1b  PORT3_IRQHandler              
00000b1b  PORT4_IRQHandler              
00000b1b  PORT5_IRQHandler              
00000b1b  PORT6_IRQHandler              
00000b1b  PSS_IRQHandler                
00000b1b  PendSV_Handler                
00000b1b  RTC_C_IRQHandler              
00000b1b  SVC_Handler                   
00000b1b  SysTick_Handler               
00000b1b  T32_INT1_IRQHandler           
00000b1b  T32_INT2_IRQHandler           
00000b1b  T32_INTC_IRQHandler           
00000b1b  TA0_0_IRQHandler              
00000b1b  TA0_N_IRQHandler              
00000b1b  TA1_0_IRQHandler              
00000b1b  TA1_N_IRQHandler              
00000b1b  TA2_0_IRQHandler              
00000b1b  TA2_N_IRQHandler              
00000b1b  TA3_0_IRQHandler              
00000b1b  TA3_N_IRQHandler              
00000b1b  UsageFault_Handler            
00000b1b  WDT_A_IRQHandler              
00000b1d  _system_pre_init              
00000b21  C$$EXIT                       
00000b21  abort                         
00000b24  CornerCases                   
00000b8c  __TI_Handler_Table_Base       
00000b98  __TI_Handler_Table_Limit      
00000ba0  __TI_CINIT_Base               
00000bb0  __TI_CINIT_Limit              
20000000  Sidemax                       
20000004  Sidemin                       
20000008  Centeropen                    
2000000c  Centermin                     
20000010  SystemCoreClock               
20000014  correct                       
20000018  errors                        
2000fe00  __stack                       
20010000  __STACK_END                   
4000480c  WDTCTL_SYM                    
ffffffff  __TI_pprof_out_hndl           
ffffffff  __TI_prof_data_size           
ffffffff  __TI_prof_data_start          
ffffffff  __binit__                     
ffffffff  __c_args__                    
ffffffff  binit                         
UNDEFED   __mpu_init                    
UNDEFED   _system_post_cinit            

[105 symbols]
