******************************************************************************
                  TI ARM Linker PC v18.12.2                    
******************************************************************************
>> Linked Wed Aug 28 15:13:56 2019

OUTPUT FILE NAME:   <Lab16_Tach.out>
ENTRY POINT SYMBOL: "_c_int00_noargs"  address: 00001d2d


MEMORY CONFIGURATION

         name            origin    length      used     unused   attr    fill
----------------------  --------  ---------  --------  --------  ----  --------
  MAIN                  00000000   00040000  00001e20  0003e1e0  R  X
  INFO                  00200000   00004000  00000000  00004000  R  X
  SRAM_CODE             01000000   00010000  000015cd  0000ea33  RW X
  SRAM_DATA             20000000   00010000  000015cd  0000ea33  RW  


SEGMENT ALLOCATION MAP

run origin  load origin   length   init length attrs members
----------  ----------- ---------- ----------- ----- -------
00000000    00000000    00001e20   00001e20    r-x
  00000000    00000000    000000e4   000000e4    r-- .intvecs
  000000e4    000000e4    00001d04   00001d04    r-x .text
  00001de8    00001de8    00000038   00000038    r-- .cinit
20000000    20000000    000013d0   00000000    rw-
  20000000    20000000    000013a5   00000000    rw- .bss
  200013a8    200013a8    00000028   00000000    rw- .data
2000fe00    2000fe00    00000200   00000000    rw-
  2000fe00    2000fe00    00000200   00000000    rw- .stack


SECTION ALLOCATION MAP

 output                                  attributes/
section   page    origin      length       input sections
--------  ----  ----------  ----------   ----------------
.intvecs   0    00000000    000000e4     
                  00000000    000000e4     startup_msp432p401r_ccs.obj (.intvecs:retain)

.text      0    000000e4    00001d04     
                  000000e4    000009e8     FlashProgram.obj (.text)
                  00000acc    00000630     TExaS.obj (.text)
                  000010fc    00000428     Lab16_Tachmain.obj (.text)
                  00001524    0000032c     system_msp432p401r.obj (.text)
                  00001850    000001e0     Clock.obj (.text)
                  00001a30    000000f4     LaunchPad.obj (.text)
                  00001b24    0000009c     rtsv7M4_T_le_v4SPD16_eabi.lib : memcpy_t2.asm.obj (.text)
                  00001bc0    0000007a                                   : memset_t2.asm.obj (.text)
                  00001c3a    00000068                                   : copy_decompress_lzss.c.obj (.text:decompress:lzss:__TI_decompress_lzss)
                  00001ca2    00000044     Motor.obj (.text)
                  00001ce6    00000002     --HOLE-- [fill = 0]
                  00001ce8    00000044     rtsv7M4_T_le_v4SPD16_eabi.lib : autoinit.c.obj (.text:__TI_auto_init_nobinit_nopinit:__TI_auto_init_nobinit_nopinit)
                  00001d2c    00000034                                   : boot_cortex_m.c.obj (.text:_c_int00_noargs:_c_int00_noargs)
                  00001d60    00000024     CortexM.obj (.text)
                  00001d84    0000001c     TA3InputCapture.obj (.text)
                  00001da0    00000012     TimerA1.obj (.text)
                  00001db2    0000000e     rtsv7M4_T_le_v4SPD16_eabi.lib : copy_decompress_none.c.obj (.text:decompress:none:__TI_decompress_none)
                  00001dc0    0000000e     startup_msp432p401r_ccs.obj (.text)
                  00001dce    0000000c     rtsv7M4_T_le_v4SPD16_eabi.lib : copy_zero_init.c.obj (.text:decompress:ZI:__TI_zero_init)
                  00001dda    00000006     Bump.obj (.text)
                  00001de0    00000004     rtsv7M4_T_le_v4SPD16_eabi.lib : pre_init.c.obj (.text:_system_pre_init)
                  00001de4    00000004                                   : exit.c.obj (.text:abort:abort)

.cinit     0    00001de8    00000038     
                  00001de8    0000000d     (.cinit..data.load) [load image, compression = lzss]
                  00001df5    00000003     --HOLE-- [fill = 0]
                  00001df8    0000000c     (__TI_handler_table)
                  00001e04    00000004     --HOLE-- [fill = 0]
                  00001e08    00000008     (.cinit..bss.load) [load image, compression = zero_init]
                  00001e10    00000010     (__TI_cinit_table)

.init_array 
*          0    00000000    00000000     UNINITIALIZED

.binit     0    00000000    00000000     

.bss       0    20000000    000013a5     UNINITIALIZED
                  20000000    000007d0     (.common:DutyBuffer)
                  200007d0    000007d0     (.common:PeriodBuffer)
                  20000fa0    000003e8     (.common:SpeedBuffer)
                  20001388    00000004     (.common:Done0)
                  2000138c    00000004     (.common:Done2)
                  20001390    00000004     (.common:Duty)
                  20001394    00000004     (.common:PeriodicTask2)
                  20001398    00000004     (.common:Time)
                  2000139c    00000002     (.common:First0)
                  2000139e    00000002     (.common:First2)
                  200013a0    00000002     (.common:Period0)
                  200013a2    00000002     (.common:Period2)
                  200013a4    00000001     (.common:LogicData)

.data      0    200013a8    00000028     UNINITIALIZED
                  200013a8    00000018     Clock.obj (.data)
                  200013c0    0000000c     TExaS.obj (.data)
                  200013cc    00000004     system_msp432p401r.obj (.data)

.stack     0    2000fe00    00000200     UNINITIALIZED
                  2000fe00    00000004     rtsv7M4_T_le_v4SPD16_eabi.lib : boot_cortex_m.c.obj (.stack)
                  2000fe04    000001fc     --HOLE--

MODULE SUMMARY

       Module                        code   ro data   rw data
       ------                        ----   -------   -------
    .\
       Lab16_Tachmain.obj            1064   0         10048  
       FlashProgram.obj              2536   0         0      
       TExaS.obj                     1584   0         34     
       system_msp432p401r.obj        812    0         8      
       Clock.obj                     480    0         48     
       LaunchPad.obj                 244    0         0      
       startup_msp432p401r_ccs.obj   14     228       0      
       Motor.obj                     68     0         0      
       CortexM.obj                   36     0         0      
       TA3InputCapture.obj           28     0         0      
       TimerA1.obj                   18     0         0      
       Bump.obj                      6      0         0      
    +--+-----------------------------+------+---------+---------+
       Total:                        6890   228       10138  
                                                             
    C:\ti\ccs910\ccs\tools\compiler\ti-cgt-arm_18.12.2.LTS\lib\rtsv7M4_T_le_v4SPD16_eabi.lib
       memcpy_t2.asm.obj             156    0         0      
       memset_t2.asm.obj             122    0         0      
       copy_decompress_lzss.c.obj    104    0         0      
       autoinit.c.obj                68     0         0      
       boot_cortex_m.c.obj           52     0         0      
       copy_decompress_none.c.obj    14     0         0      
       copy_zero_init.c.obj          12     0         0      
       exit.c.obj                    4      0         0      
       pre_init.c.obj                4      0         0      
    +--+-----------------------------+------+---------+---------+
       Total:                        536    0         0      
                                                             
       Stack:                        0      0         1024   
       Linker Generated:             0      49        0      
    +--+-----------------------------+------+---------+---------+
       Grand Total:                  7426   277       11162  


LINKER GENERATED COPY TABLES

__TI_cinit_table @ 00001e10 records: 2, size/record: 8, table size: 16
	.data: load addr=00001de8, load size=0000000d bytes, run addr=200013a8, run size=00000028 bytes, compression=lzss
	.bss: load addr=00001e08, load size=00000008 bytes, run addr=20000000, run size=000013a5 bytes, compression=zero_init


LINKER GENERATED HANDLER TABLE

__TI_handler_table @ 00001df8 records: 3, size/record: 4, table size: 12
	index: 0, handler: __TI_decompress_lzss
	index: 1, handler: __TI_decompress_none
	index: 2, handler: __TI_zero_init


GLOBAL SYMBOLS: SORTED ALPHABETICALLY BY Name 

address   name                          
-------   ----                          
00001dcd  ADC14_IRQHandler              
00000e5d  ADC_Init                      
00001dcd  AES256_IRQHandler             
00001ddb  Bump_Init                     
00001ddd  Bump_Read                     
00001dcd  BusFault_Handler              
00001de5  C$$EXIT                       
00001dcd  COMP_E0_IRQHandler            
00001dcd  COMP_E1_IRQHandler            
200013b0  CPMwait                       
00001dcd  CS_IRQHandler                 
200013a8  ClockFrequency                
000019a5  Clock_Delay1ms                
0000197b  Clock_Delay1us                
00001967  Clock_GetFreq                 
00001851  Clock_Init48MHz               
000011c7  Collect                       
200013bc  Crystalstable                 
00001dcd  DMA_ERR_IRQHandler            
00001dcd  DMA_INT0_IRQHandler           
00001dcd  DMA_INT1_IRQHandler           
00001dcd  DMA_INT2_IRQHandler           
00001dcd  DMA_INT3_IRQHandler           
00001dcd  DebugMon_Handler              
00001353  Debug_FlashInit               
000013af  Debug_FlashRecord             
00001dcd  Default_Handler               
00001d61  DisableInterrupts             
20001388  Done0                         
2000138c  Done2                         
20001390  Duty                          
20000000  DutyBuffer                    
00001dcd  EUSCIA0_IRQHandler            
00001dcd  EUSCIA1_IRQHandler            
00001dcd  EUSCIA2_IRQHandler            
00001dcd  EUSCIA3_IRQHandler            
00001dcd  EUSCIB0_IRQHandler            
00001dcd  EUSCIB1_IRQHandler            
00001dcd  EUSCIB2_IRQHandler            
00001dcd  EUSCIB3_IRQHandler            
00001d67  EnableInterrupts              
00001d77  EndCritical                   
00001dcd  FLCTL_IRQHandler              
00001dcd  FPU_IRQHandler                
2000139c  First0                        
2000139e  First2                        
000008c9  Flash_Erase                   
0000040d  Flash_FastWrite               
00000187  Flash_Init                    
00000193  Flash_Write                   
000003a9  Flash_WriteArray              
00001dcd  HardFault_Handler             
200013b8  IFlags                        
00001a31  LaunchPad_Init                
00001aa1  LaunchPad_Input               
00001abb  LaunchPad_LED                 
00001ad9  LaunchPad_Output              
00000acd  LogicAnalyzer                 
00000ad7  LogicAnalyzer_P1              
00000bad  LogicAnalyzer_P10             
00000ae5  LogicAnalyzer_P2              
00000af3  LogicAnalyzer_P2_7654         
00000b03  LogicAnalyzer_P3              
00000b11  LogicAnalyzer_P4              
00000b2f  LogicAnalyzer_P4_765320       
00000b1f  LogicAnalyzer_P4_765432       
00000b67  LogicAnalyzer_P5              
00000b75  LogicAnalyzer_P6              
00000b83  LogicAnalyzer_P7              
00000b91  LogicAnalyzer_P8              
00000b9f  LogicAnalyzer_P9              
200013a4  LogicData                     
00001dcd  MemManage_Handler             
00001cd7  Motor_Backward                
00001ca7  Motor_Forward                 
00001ca3  Motor_Init                    
00001cc7  Motor_Left                    
00001cb7  Motor_Right                   
00001ca5  Motor_Stop                    
00001dcd  NMI_Handler                   
00001dcd  PCM_IRQHandler                
00001dcd  PORT1_IRQHandler              
00001dcd  PORT2_IRQHandler              
00001dcd  PORT3_IRQHandler              
00001dcd  PORT4_IRQHandler              
00001dcd  PORT5_IRQHandler              
00001dcd  PORT6_IRQHandler              
00001dcd  PSS_IRQHandler                
00001dcd  PendSV_Handler                
200013a0  Period0                       
200013a2  Period2                       
200007d0  PeriodBuffer                  
000010fd  PeriodMeasure0                
00001135  PeriodMeasure2                
20001394  PeriodicTask2                 
00000c3f  PeriodicTask2_Init            
00000cb9  PeriodicTask2_Stop            
200013b4  Postwait                      
200013ac  Prewait                       
0000116d  Program16_1                   
00001dcd  RTC_C_IRQHandler              
00001dc1  Reset_Handler                 
00001dcd  SVC_Handler                   
00000bbb  Scope                         
20000fa0  SpeedBuffer                   
00001d6d  StartCritical                 
00001dcd  SysTick_Handler               
200013cc  SystemCoreClock               
00001525  SystemCoreClockUpdate         
00001799  SystemInit                    
00000ca9  T32_INT1_IRQHandler           
00000ca9  T32_INT1_IRQHandler           
00001dcd  T32_INT2_IRQHandler           
00001dcd  T32_INTC_IRQHandler           
00001dcd  TA0_0_IRQHandler              
00001dcd  TA0_N_IRQHandler              
00001db1  TA1_0_IRQHandler              
00001db1  TA1_0_IRQHandler              
00001dcd  TA1_N_IRQHandler              
00001dcd  TA2_0_IRQHandler              
00001dcd  TA2_N_IRQHandler              
00001d9d  TA3_0_IRQHandler              
00001d9d  TA3_0_IRQHandler              
00001d9f  TA3_N_IRQHandler              
00001d9f  TA3_N_IRQHandler              
00000dfb  TExaS_Clear0                  
00000e07  TExaS_Clear1                  
00000e13  TExaS_Clear2                  
00000e1f  TExaS_Clear3                  
00000e2b  TExaS_Clear4                  
00000e2d  TExaS_Clear5                  
00000e39  TExaS_Clear6                  
00000f39  TExaS_Init                    
200013c4  TExaS_ScopeErrConflict        
200013c0  TExaS_ScopeErrLostData        
200013c8  TExaS_ScopeWrnReconfig        
00000d99  TExaS_Set                     
00000db1  TExaS_Set0                    
00000dbd  TExaS_Set1                    
00000dc9  TExaS_Set2                    
00000dd5  TExaS_Set3                    
00000de1  TExaS_Set4                    
00000de3  TExaS_Set5                    
00000def  TExaS_Set6                    
00001099  TExaS_Stop                    
00000d4f  TExaS_Task0                   
00000d5b  TExaS_Task1                   
00000d67  TExaS_Task2                   
00000d73  TExaS_Task3                   
00000d7f  TExaS_Task4                   
00000d81  TExaS_Task5                   
00000d8d  TExaS_Task6                   
20001398  Time                          
00001da1  TimerA1_Init                  
00001daf  TimerA1_Stop                  
00001d91  TimerA3Capture_Init           
00000d23  UART_InChar                   
00000cc9  UART_Init                     
00000d33  UART_OutChar                  
00001dcd  UsageFault_Handler            
4000480c  WDTCTL_SYM                    
00001dcd  WDT_A_IRQHandler              
00001d7f  WaitForInterrupt              
20010000  __STACK_END                   
00000200  __STACK_SIZE                  
00001e10  __TI_CINIT_Base               
00001e20  __TI_CINIT_Limit              
00001df8  __TI_Handler_Table_Base       
00001e04  __TI_Handler_Table_Limit      
00001ce9  __TI_auto_init_nobinit_nopinit
00001c3b  __TI_decompress_lzss          
00001db3  __TI_decompress_none          
ffffffff  __TI_pprof_out_hndl           
ffffffff  __TI_prof_data_size           
ffffffff  __TI_prof_data_start          
00000000  __TI_static_base__            
00001dcf  __TI_zero_init                
00001bc1  __aeabi_memclr                
00001bc1  __aeabi_memclr4               
00001bc1  __aeabi_memclr8               
00001b25  __aeabi_memcpy                
00001b25  __aeabi_memcpy4               
00001b25  __aeabi_memcpy8               
00001bc3  __aeabi_memset                
00001bc3  __aeabi_memset4               
00001bc3  __aeabi_memset8               
ffffffff  __binit__                     
ffffffff  __c_args__                    
UNDEFED   __mpu_init                    
2000fe00  __stack                       
00001d2d  _c_int00_noargs               
UNDEFED   _system_post_cinit            
00001de1  _system_pre_init              
00001de5  abort                         
ffffffff  binit                         
0000196d  delay                         
00000000  interruptVectors              
000014fb  main                          
000012d3  main1                         
000013fd  main2                         
00001b25  memcpy                        
00001bc9  memset                        
00001d85  ta3dummy                      


GLOBAL SYMBOLS: SORTED BY Symbol Address 

address   name                          
-------   ----                          
00000000  __TI_static_base__            
00000000  interruptVectors              
00000187  Flash_Init                    
00000193  Flash_Write                   
00000200  __STACK_SIZE                  
000003a9  Flash_WriteArray              
0000040d  Flash_FastWrite               
000008c9  Flash_Erase                   
00000acd  LogicAnalyzer                 
00000ad7  LogicAnalyzer_P1              
00000ae5  LogicAnalyzer_P2              
00000af3  LogicAnalyzer_P2_7654         
00000b03  LogicAnalyzer_P3              
00000b11  LogicAnalyzer_P4              
00000b1f  LogicAnalyzer_P4_765432       
00000b2f  LogicAnalyzer_P4_765320       
00000b67  LogicAnalyzer_P5              
00000b75  LogicAnalyzer_P6              
00000b83  LogicAnalyzer_P7              
00000b91  LogicAnalyzer_P8              
00000b9f  LogicAnalyzer_P9              
00000bad  LogicAnalyzer_P10             
00000bbb  Scope                         
00000c3f  PeriodicTask2_Init            
00000ca9  T32_INT1_IRQHandler           
00000ca9  T32_INT1_IRQHandler           
00000cb9  PeriodicTask2_Stop            
00000cc9  UART_Init                     
00000d23  UART_InChar                   
00000d33  UART_OutChar                  
00000d4f  TExaS_Task0                   
00000d5b  TExaS_Task1                   
00000d67  TExaS_Task2                   
00000d73  TExaS_Task3                   
00000d7f  TExaS_Task4                   
00000d81  TExaS_Task5                   
00000d8d  TExaS_Task6                   
00000d99  TExaS_Set                     
00000db1  TExaS_Set0                    
00000dbd  TExaS_Set1                    
00000dc9  TExaS_Set2                    
00000dd5  TExaS_Set3                    
00000de1  TExaS_Set4                    
00000de3  TExaS_Set5                    
00000def  TExaS_Set6                    
00000dfb  TExaS_Clear0                  
00000e07  TExaS_Clear1                  
00000e13  TExaS_Clear2                  
00000e1f  TExaS_Clear3                  
00000e2b  TExaS_Clear4                  
00000e2d  TExaS_Clear5                  
00000e39  TExaS_Clear6                  
00000e5d  ADC_Init                      
00000f39  TExaS_Init                    
00001099  TExaS_Stop                    
000010fd  PeriodMeasure0                
00001135  PeriodMeasure2                
0000116d  Program16_1                   
000011c7  Collect                       
000012d3  main1                         
00001353  Debug_FlashInit               
000013af  Debug_FlashRecord             
000013fd  main2                         
000014fb  main                          
00001525  SystemCoreClockUpdate         
00001799  SystemInit                    
00001851  Clock_Init48MHz               
00001967  Clock_GetFreq                 
0000196d  delay                         
0000197b  Clock_Delay1us                
000019a5  Clock_Delay1ms                
00001a31  LaunchPad_Init                
00001aa1  LaunchPad_Input               
00001abb  LaunchPad_LED                 
00001ad9  LaunchPad_Output              
00001b25  __aeabi_memcpy                
00001b25  __aeabi_memcpy4               
00001b25  __aeabi_memcpy8               
00001b25  memcpy                        
00001bc1  __aeabi_memclr                
00001bc1  __aeabi_memclr4               
00001bc1  __aeabi_memclr8               
00001bc3  __aeabi_memset                
00001bc3  __aeabi_memset4               
00001bc3  __aeabi_memset8               
00001bc9  memset                        
00001c3b  __TI_decompress_lzss          
00001ca3  Motor_Init                    
00001ca5  Motor_Stop                    
00001ca7  Motor_Forward                 
00001cb7  Motor_Right                   
00001cc7  Motor_Left                    
00001cd7  Motor_Backward                
00001ce9  __TI_auto_init_nobinit_nopinit
00001d2d  _c_int00_noargs               
00001d61  DisableInterrupts             
00001d67  EnableInterrupts              
00001d6d  StartCritical                 
00001d77  EndCritical                   
00001d7f  WaitForInterrupt              
00001d85  ta3dummy                      
00001d91  TimerA3Capture_Init           
00001d9d  TA3_0_IRQHandler              
00001d9d  TA3_0_IRQHandler              
00001d9f  TA3_N_IRQHandler              
00001d9f  TA3_N_IRQHandler              
00001da1  TimerA1_Init                  
00001daf  TimerA1_Stop                  
00001db1  TA1_0_IRQHandler              
00001db1  TA1_0_IRQHandler              
00001db3  __TI_decompress_none          
00001dc1  Reset_Handler                 
00001dcd  ADC14_IRQHandler              
00001dcd  AES256_IRQHandler             
00001dcd  BusFault_Handler              
00001dcd  COMP_E0_IRQHandler            
00001dcd  COMP_E1_IRQHandler            
00001dcd  CS_IRQHandler                 
00001dcd  DMA_ERR_IRQHandler            
00001dcd  DMA_INT0_IRQHandler           
00001dcd  DMA_INT1_IRQHandler           
00001dcd  DMA_INT2_IRQHandler           
00001dcd  DMA_INT3_IRQHandler           
00001dcd  DebugMon_Handler              
00001dcd  Default_Handler               
00001dcd  EUSCIA0_IRQHandler            
00001dcd  EUSCIA1_IRQHandler            
00001dcd  EUSCIA2_IRQHandler            
00001dcd  EUSCIA3_IRQHandler            
00001dcd  EUSCIB0_IRQHandler            
00001dcd  EUSCIB1_IRQHandler            
00001dcd  EUSCIB2_IRQHandler            
00001dcd  EUSCIB3_IRQHandler            
00001dcd  FLCTL_IRQHandler              
00001dcd  FPU_IRQHandler                
00001dcd  HardFault_Handler             
00001dcd  MemManage_Handler             
00001dcd  NMI_Handler                   
00001dcd  PCM_IRQHandler                
00001dcd  PORT1_IRQHandler              
00001dcd  PORT2_IRQHandler              
00001dcd  PORT3_IRQHandler              
00001dcd  PORT4_IRQHandler              
00001dcd  PORT5_IRQHandler              
00001dcd  PORT6_IRQHandler              
00001dcd  PSS_IRQHandler                
00001dcd  PendSV_Handler                
00001dcd  RTC_C_IRQHandler              
00001dcd  SVC_Handler                   
00001dcd  SysTick_Handler               
00001dcd  T32_INT2_IRQHandler           
00001dcd  T32_INTC_IRQHandler           
00001dcd  TA0_0_IRQHandler              
00001dcd  TA0_N_IRQHandler              
00001dcd  TA1_N_IRQHandler              
00001dcd  TA2_0_IRQHandler              
00001dcd  TA2_N_IRQHandler              
00001dcd  UsageFault_Handler            
00001dcd  WDT_A_IRQHandler              
00001dcf  __TI_zero_init                
00001ddb  Bump_Init                     
00001ddd  Bump_Read                     
00001de1  _system_pre_init              
00001de5  C$$EXIT                       
00001de5  abort                         
00001df8  __TI_Handler_Table_Base       
00001e04  __TI_Handler_Table_Limit      
00001e10  __TI_CINIT_Base               
00001e20  __TI_CINIT_Limit              
20000000  DutyBuffer                    
200007d0  PeriodBuffer                  
20000fa0  SpeedBuffer                   
20001388  Done0                         
2000138c  Done2                         
20001390  Duty                          
20001394  PeriodicTask2                 
20001398  Time                          
2000139c  First0                        
2000139e  First2                        
200013a0  Period0                       
200013a2  Period2                       
200013a4  LogicData                     
200013a8  ClockFrequency                
200013ac  Prewait                       
200013b0  CPMwait                       
200013b4  Postwait                      
200013b8  IFlags                        
200013bc  Crystalstable                 
200013c0  TExaS_ScopeErrLostData        
200013c4  TExaS_ScopeErrConflict        
200013c8  TExaS_ScopeWrnReconfig        
200013cc  SystemCoreClock               
2000fe00  __stack                       
20010000  __STACK_END                   
4000480c  WDTCTL_SYM                    
ffffffff  __TI_pprof_out_hndl           
ffffffff  __TI_prof_data_size           
ffffffff  __TI_prof_data_start          
ffffffff  __binit__                     
ffffffff  __c_args__                    
ffffffff  binit                         
UNDEFED   __mpu_init                    
UNDEFED   _system_post_cinit            

[203 symbols]
