<?xml version="1.0" encoding="ISO-8859-1" ?>
<link_info>
   <banner>TI ARM Linker PC v18.12.2.LTS</banner>
   <copyright>Copyright (c) 1996-2018 Texas Instruments Incorporated</copyright>
   <link_time>0x5d66fc79</link_time>
   <link_errors>0x0</link_errors>
   <output_file>Competition_BLE.out</output_file>
   <entry_point>
      <name>_c_int00_noargs</name>
      <address>0x490d</address>
   </entry_point>
   <input_file_list>
      <input_file id="fl-2">
         <path>..\</path>
         <kind>object</kind>
         <file>ADC14.obj</file>
         <name>ADC14.obj</name>
      </input_file>
      <input_file id="fl-3">
         <path>..\</path>
         <kind>object</kind>
         <file>AP.obj</file>
         <name>AP.obj</name>
      </input_file>
      <input_file id="fl-4">
         <path>..\</path>
         <kind>object</kind>
         <file>Bump_port4.obj</file>
         <name>Bump_port4.obj</name>
      </input_file>
      <input_file id="fl-5">
         <path>..\</path>
         <kind>object</kind>
         <file>Clock.obj</file>
         <name>Clock.obj</name>
      </input_file>
      <input_file id="fl-6">
         <path>..\</path>
         <kind>object</kind>
         <file>CortexM.obj</file>
         <name>CortexM.obj</name>
      </input_file>
      <input_file id="fl-7">
         <path>..\</path>
         <kind>object</kind>
         <file>GPIO.obj</file>
         <name>GPIO.obj</name>
      </input_file>
      <input_file id="fl-8">
         <path>..\</path>
         <kind>object</kind>
         <file>IRDistance.obj</file>
         <name>IRDistance.obj</name>
      </input_file>
      <input_file id="fl-9">
         <path>..\</path>
         <kind>object</kind>
         <file>LPF.obj</file>
         <name>LPF.obj</name>
      </input_file>
      <input_file id="fl-a">
         <path>..\</path>
         <kind>object</kind>
         <file>LaunchPad.obj</file>
         <name>LaunchPad.obj</name>
      </input_file>
      <input_file id="fl-b">
         <path>..\</path>
         <kind>object</kind>
         <file>Motor.obj</file>
         <name>Motor.obj</name>
      </input_file>
      <input_file id="fl-c">
         <path>..\</path>
         <kind>object</kind>
         <file>Nokia5110.obj</file>
         <name>Nokia5110.obj</name>
      </input_file>
      <input_file id="fl-d">
         <path>..\</path>
         <kind>object</kind>
         <file>PWM.obj</file>
         <name>PWM.obj</name>
      </input_file>
      <input_file id="fl-e">
         <path>.\</path>
         <kind>object</kind>
         <file>Robot_BLEmain.obj</file>
         <name>Robot_BLEmain.obj</name>
      </input_file>
      <input_file id="fl-f">
         <path>..\</path>
         <kind>object</kind>
         <file>TimerA1.obj</file>
         <name>TimerA1.obj</name>
      </input_file>
      <input_file id="fl-10">
         <path>..\</path>
         <kind>object</kind>
         <file>UART0.obj</file>
         <name>UART0.obj</name>
      </input_file>
      <input_file id="fl-11">
         <path>..\</path>
         <kind>object</kind>
         <file>UART1.obj</file>
         <name>UART1.obj</name>
      </input_file>
      <input_file id="fl-12">
         <path>.\</path>
         <kind>object</kind>
         <file>startup_msp432p401r_ccs.obj</file>
         <name>startup_msp432p401r_ccs.obj</name>
      </input_file>
      <input_file id="fl-13">
         <path>.\</path>
         <kind>object</kind>
         <file>system_msp432p401r.obj</file>
         <name>system_msp432p401r.obj</name>
      </input_file>
      <input_file id="fl-17">
         <kind>object</kind>
         <file>&lt;internal&gt;</file>
         <name>&lt;internal&gt;</name>
      </input_file>
      <input_file id="fl-cd">
         <path>C:\ti\ccs910\ccs\tools\compiler\ti-cgt-arm_18.12.2.LTS\lib\</path>
         <kind>archive</kind>
         <file>rtsv7M4_T_le_v4SPD16_eabi.lib</file>
         <name>fopen.c.obj</name>
      </input_file>
      <input_file id="fl-ce">
         <path>C:\ti\ccs910\ccs\tools\compiler\ti-cgt-arm_18.12.2.LTS\lib\</path>
         <kind>archive</kind>
         <file>rtsv7M4_T_le_v4SPD16_eabi.lib</file>
         <name>setvbuf.c.obj</name>
      </input_file>
      <input_file id="fl-cf">
         <path>C:\ti\ccs910\ccs\tools\compiler\ti-cgt-arm_18.12.2.LTS\lib\</path>
         <kind>archive</kind>
         <file>rtsv7M4_T_le_v4SPD16_eabi.lib</file>
         <name>memset_t2.asm.obj</name>
      </input_file>
      <input_file id="fl-d0">
         <path>C:\ti\ccs910\ccs\tools\compiler\ti-cgt-arm_18.12.2.LTS\lib\</path>
         <kind>archive</kind>
         <file>rtsv7M4_T_le_v4SPD16_eabi.lib</file>
         <name>copy_zero_init.c.obj</name>
      </input_file>
      <input_file id="fl-d1">
         <path>C:\ti\ccs910\ccs\tools\compiler\ti-cgt-arm_18.12.2.LTS\lib\</path>
         <kind>archive</kind>
         <file>rtsv7M4_T_le_v4SPD16_eabi.lib</file>
         <name>copy_decompress_none.c.obj</name>
      </input_file>
      <input_file id="fl-d2">
         <path>C:\ti\ccs910\ccs\tools\compiler\ti-cgt-arm_18.12.2.LTS\lib\</path>
         <kind>archive</kind>
         <file>rtsv7M4_T_le_v4SPD16_eabi.lib</file>
         <name>copy_decompress_lzss.c.obj</name>
      </input_file>
      <input_file id="fl-d3">
         <path>C:\ti\ccs910\ccs\tools\compiler\ti-cgt-arm_18.12.2.LTS\lib\</path>
         <kind>archive</kind>
         <file>rtsv7M4_T_le_v4SPD16_eabi.lib</file>
         <name>exit.c.obj</name>
      </input_file>
      <input_file id="fl-d4">
         <path>C:\ti\ccs910\ccs\tools\compiler\ti-cgt-arm_18.12.2.LTS\lib\</path>
         <kind>archive</kind>
         <file>rtsv7M4_T_le_v4SPD16_eabi.lib</file>
         <name>_lock.c.obj</name>
      </input_file>
      <input_file id="fl-d5">
         <path>C:\ti\ccs910\ccs\tools\compiler\ti-cgt-arm_18.12.2.LTS\lib\</path>
         <kind>archive</kind>
         <file>rtsv7M4_T_le_v4SPD16_eabi.lib</file>
         <name>defs.c.obj</name>
      </input_file>
      <input_file id="fl-d6">
         <path>C:\ti\ccs910\ccs\tools\compiler\ti-cgt-arm_18.12.2.LTS\lib\</path>
         <kind>archive</kind>
         <file>rtsv7M4_T_le_v4SPD16_eabi.lib</file>
         <name>memory.c.obj</name>
      </input_file>
      <input_file id="fl-d7">
         <path>C:\ti\ccs910\ccs\tools\compiler\ti-cgt-arm_18.12.2.LTS\lib\</path>
         <kind>archive</kind>
         <file>rtsv7M4_T_le_v4SPD16_eabi.lib</file>
         <name>open.c.obj</name>
      </input_file>
      <input_file id="fl-d8">
         <path>C:\ti\ccs910\ccs\tools\compiler\ti-cgt-arm_18.12.2.LTS\lib\</path>
         <kind>archive</kind>
         <file>rtsv7M4_T_le_v4SPD16_eabi.lib</file>
         <name>add_device.c.obj</name>
      </input_file>
      <input_file id="fl-d9">
         <path>C:\ti\ccs910\ccs\tools\compiler\ti-cgt-arm_18.12.2.LTS\lib\</path>
         <kind>archive</kind>
         <file>rtsv7M4_T_le_v4SPD16_eabi.lib</file>
         <name>boot_cortex_m.c.obj</name>
      </input_file>
      <input_file id="fl-da">
         <path>C:\ti\ccs910\ccs\tools\compiler\ti-cgt-arm_18.12.2.LTS\lib\</path>
         <kind>archive</kind>
         <file>rtsv7M4_T_le_v4SPD16_eabi.lib</file>
         <name>fclose.c.obj</name>
      </input_file>
      <input_file id="fl-db">
         <path>C:\ti\ccs910\ccs\tools\compiler\ti-cgt-arm_18.12.2.LTS\lib\</path>
         <kind>archive</kind>
         <file>rtsv7M4_T_le_v4SPD16_eabi.lib</file>
         <name>fflush.c.obj</name>
      </input_file>
      <input_file id="fl-dc">
         <path>C:\ti\ccs910\ccs\tools\compiler\ti-cgt-arm_18.12.2.LTS\lib\</path>
         <kind>archive</kind>
         <file>rtsv7M4_T_le_v4SPD16_eabi.lib</file>
         <name>getdevice.c.obj</name>
      </input_file>
      <input_file id="fl-dd">
         <path>C:\ti\ccs910\ccs\tools\compiler\ti-cgt-arm_18.12.2.LTS\lib\</path>
         <kind>archive</kind>
         <file>rtsv7M4_T_le_v4SPD16_eabi.lib</file>
         <name>memcpy_t2.asm.obj</name>
      </input_file>
      <input_file id="fl-de">
         <path>C:\ti\ccs910\ccs\tools\compiler\ti-cgt-arm_18.12.2.LTS\lib\</path>
         <kind>archive</kind>
         <file>rtsv7M4_T_le_v4SPD16_eabi.lib</file>
         <name>autoinit.c.obj</name>
      </input_file>
      <input_file id="fl-df">
         <path>C:\ti\ccs910\ccs\tools\compiler\ti-cgt-arm_18.12.2.LTS\lib\</path>
         <kind>archive</kind>
         <file>rtsv7M4_T_le_v4SPD16_eabi.lib</file>
         <name>pre_init.c.obj</name>
      </input_file>
      <input_file id="fl-e0">
         <path>C:\ti\ccs910\ccs\tools\compiler\ti-cgt-arm_18.12.2.LTS\lib\</path>
         <kind>archive</kind>
         <file>rtsv7M4_T_le_v4SPD16_eabi.lib</file>
         <name>cpy_tbl.c.obj</name>
      </input_file>
      <input_file id="fl-e1">
         <path>C:\ti\ccs910\ccs\tools\compiler\ti-cgt-arm_18.12.2.LTS\lib\</path>
         <kind>archive</kind>
         <file>rtsv7M4_T_le_v4SPD16_eabi.lib</file>
         <name>args_main.c.obj</name>
      </input_file>
      <input_file id="fl-e2">
         <path>C:\ti\ccs910\ccs\tools\compiler\ti-cgt-arm_18.12.2.LTS\lib\</path>
         <kind>archive</kind>
         <file>rtsv7M4_T_le_v4SPD16_eabi.lib</file>
         <name>strchr.c.obj</name>
      </input_file>
      <input_file id="fl-e3">
         <path>C:\ti\ccs910\ccs\tools\compiler\ti-cgt-arm_18.12.2.LTS\lib\</path>
         <kind>archive</kind>
         <file>rtsv7M4_T_le_v4SPD16_eabi.lib</file>
         <name>strcmp.c.obj</name>
      </input_file>
      <input_file id="fl-e4">
         <path>C:\ti\ccs910\ccs\tools\compiler\ti-cgt-arm_18.12.2.LTS\lib\</path>
         <kind>archive</kind>
         <file>rtsv7M4_T_le_v4SPD16_eabi.lib</file>
         <name>strncpy.c.obj</name>
      </input_file>
      <input_file id="fl-e5">
         <path>C:\ti\ccs910\ccs\tools\compiler\ti-cgt-arm_18.12.2.LTS\lib\</path>
         <kind>archive</kind>
         <file>rtsv7M4_T_le_v4SPD16_eabi.lib</file>
         <name>write.c.obj</name>
      </input_file>
      <input_file id="fl-e6">
         <path>C:\ti\ccs910\ccs\tools\compiler\ti-cgt-arm_18.12.2.LTS\lib\</path>
         <kind>archive</kind>
         <file>rtsv7M4_T_le_v4SPD16_eabi.lib</file>
         <name>host_device.c.obj</name>
      </input_file>
      <input_file id="fl-e7">
         <path>C:\ti\ccs910\ccs\tools\compiler\ti-cgt-arm_18.12.2.LTS\lib\</path>
         <kind>archive</kind>
         <file>rtsv7M4_T_le_v4SPD16_eabi.lib</file>
         <name>remove.c.obj</name>
      </input_file>
      <input_file id="fl-e8">
         <path>C:\ti\ccs910\ccs\tools\compiler\ti-cgt-arm_18.12.2.LTS\lib\</path>
         <kind>archive</kind>
         <file>rtsv7M4_T_le_v4SPD16_eabi.lib</file>
         <name>close.c.obj</name>
      </input_file>
      <input_file id="fl-e9">
         <path>C:\ti\ccs910\ccs\tools\compiler\ti-cgt-arm_18.12.2.LTS\lib\</path>
         <kind>archive</kind>
         <file>rtsv7M4_T_le_v4SPD16_eabi.lib</file>
         <name>unlink.c.obj</name>
      </input_file>
      <input_file id="fl-ea">
         <path>C:\ti\ccs910\ccs\tools\compiler\ti-cgt-arm_18.12.2.LTS\lib\</path>
         <kind>archive</kind>
         <file>rtsv7M4_T_le_v4SPD16_eabi.lib</file>
         <name>hostclose.c.obj</name>
      </input_file>
      <input_file id="fl-eb">
         <path>C:\ti\ccs910\ccs\tools\compiler\ti-cgt-arm_18.12.2.LTS\lib\</path>
         <kind>archive</kind>
         <file>rtsv7M4_T_le_v4SPD16_eabi.lib</file>
         <name>hostlseek.c.obj</name>
      </input_file>
      <input_file id="fl-ec">
         <path>C:\ti\ccs910\ccs\tools\compiler\ti-cgt-arm_18.12.2.LTS\lib\</path>
         <kind>archive</kind>
         <file>rtsv7M4_T_le_v4SPD16_eabi.lib</file>
         <name>hostopen.c.obj</name>
      </input_file>
      <input_file id="fl-ed">
         <path>C:\ti\ccs910\ccs\tools\compiler\ti-cgt-arm_18.12.2.LTS\lib\</path>
         <kind>archive</kind>
         <file>rtsv7M4_T_le_v4SPD16_eabi.lib</file>
         <name>hostread.c.obj</name>
      </input_file>
      <input_file id="fl-ee">
         <path>C:\ti\ccs910\ccs\tools\compiler\ti-cgt-arm_18.12.2.LTS\lib\</path>
         <kind>archive</kind>
         <file>rtsv7M4_T_le_v4SPD16_eabi.lib</file>
         <name>hostrename.c.obj</name>
      </input_file>
      <input_file id="fl-ef">
         <path>C:\ti\ccs910\ccs\tools\compiler\ti-cgt-arm_18.12.2.LTS\lib\</path>
         <kind>archive</kind>
         <file>rtsv7M4_T_le_v4SPD16_eabi.lib</file>
         <name>hostunlink.c.obj</name>
      </input_file>
      <input_file id="fl-f0">
         <path>C:\ti\ccs910\ccs\tools\compiler\ti-cgt-arm_18.12.2.LTS\lib\</path>
         <kind>archive</kind>
         <file>rtsv7M4_T_le_v4SPD16_eabi.lib</file>
         <name>hostwrite.c.obj</name>
      </input_file>
      <input_file id="fl-f1">
         <path>C:\ti\ccs910\ccs\tools\compiler\ti-cgt-arm_18.12.2.LTS\lib\</path>
         <kind>archive</kind>
         <file>rtsv7M4_T_le_v4SPD16_eabi.lib</file>
         <name>trgmsg.c.obj</name>
      </input_file>
      <input_file id="fl-f2">
         <path>C:\ti\ccs910\ccs\tools\compiler\ti-cgt-arm_18.12.2.LTS\lib\</path>
         <kind>archive</kind>
         <file>rtsv7M4_T_le_v4SPD16_eabi.lib</file>
         <name>strcpy.c.obj</name>
      </input_file>
      <input_file id="fl-f3">
         <path>C:\ti\ccs910\ccs\tools\compiler\ti-cgt-arm_18.12.2.LTS\lib\</path>
         <kind>archive</kind>
         <file>rtsv7M4_T_le_v4SPD16_eabi.lib</file>
         <name>strlen.c.obj</name>
      </input_file>
   </input_file_list>
   <object_component_list>
      <object_component id="oc-23">
         <name>.intvecs:retain</name>
         <load_address>0x0</load_address>
         <run_address>0x0</run_address>
         <size>0xe4</size>
         <input_file_ref idref="fl-12"/>
      </object_component>
      <object_component id="oc-107">
         <name>.text</name>
         <load_address>0xe4</load_address>
         <run_address>0xe4</run_address>
         <size>0x1010</size>
         <input_file_ref idref="fl-3"/>
      </object_component>
      <object_component id="oc-135">
         <name>.text</name>
         <load_address>0x10f4</load_address>
         <run_address>0x10f4</run_address>
         <size>0x93c</size>
         <input_file_ref idref="fl-c"/>
      </object_component>
      <object_component id="oc-a3">
         <name>.text</name>
         <load_address>0x1a30</load_address>
         <run_address>0x1a30</run_address>
         <size>0x780</size>
         <input_file_ref idref="fl-e"/>
      </object_component>
      <object_component id="oc-fb">
         <name>.text</name>
         <load_address>0x21b0</load_address>
         <run_address>0x21b0</run_address>
         <size>0x6bc</size>
         <input_file_ref idref="fl-10"/>
      </object_component>
      <object_component id="oc-b5">
         <name>.text</name>
         <load_address>0x286c</load_address>
         <run_address>0x286c</run_address>
         <size>0x32c</size>
         <input_file_ref idref="fl-13"/>
      </object_component>
      <object_component id="oc-11c">
         <name>.text</name>
         <load_address>0x2b98</load_address>
         <run_address>0x2b98</run_address>
         <size>0x304</size>
         <input_file_ref idref="fl-9"/>
      </object_component>
      <object_component id="oc-116">
         <name>.text</name>
         <load_address>0x2e9c</load_address>
         <run_address>0x2e9c</run_address>
         <size>0x2ec</size>
         <input_file_ref idref="fl-2"/>
      </object_component>
      <object_component id="oc-19b">
         <name>.text</name>
         <load_address>0x3188</load_address>
         <run_address>0x3188</run_address>
         <size>0x228</size>
         <input_file_ref idref="fl-d"/>
      </object_component>
      <object_component id="oc-12f">
         <name>.text</name>
         <load_address>0x33b0</load_address>
         <run_address>0x33b0</run_address>
         <size>0x1e0</size>
         <input_file_ref idref="fl-5"/>
      </object_component>
      <object_component id="oc-73">
         <name>.text</name>
         <load_address>0x3590</load_address>
         <run_address>0x3590</run_address>
         <size>0x1a4</size>
         <input_file_ref idref="fl-11"/>
      </object_component>
      <object_component id="oc-f5">
         <name>.text</name>
         <load_address>0x3734</load_address>
         <run_address>0x3734</run_address>
         <size>0x18c</size>
         <input_file_ref idref="fl-b"/>
      </object_component>
      <object_component id="oc-277">
         <name>.text:_openfile</name>
         <load_address>0x38c0</load_address>
         <run_address>0x38c0</run_address>
         <size>0x10c</size>
         <input_file_ref idref="fl-cd"/>
      </object_component>
      <object_component id="oc-ef">
         <name>.text</name>
         <load_address>0x39cc</load_address>
         <run_address>0x39cc</run_address>
         <size>0xf4</size>
         <input_file_ref idref="fl-a"/>
      </object_component>
      <object_component id="oc-37a">
         <name>.text:aligned_alloc</name>
         <load_address>0x3ac0</load_address>
         <run_address>0x3ac0</run_address>
         <size>0xf4</size>
         <input_file_ref idref="fl-d6"/>
      </object_component>
      <object_component id="oc-28a">
         <name>.text:free</name>
         <load_address>0x3bb4</load_address>
         <run_address>0x3bb4</run_address>
         <size>0xe8</size>
         <input_file_ref idref="fl-d6"/>
      </object_component>
      <object_component id="oc-1b8">
         <name>.text:setvbuf</name>
         <load_address>0x3c9c</load_address>
         <run_address>0x3c9c</run_address>
         <size>0xdc</size>
         <input_file_ref idref="fl-ce"/>
      </object_component>
      <object_component id="oc-1c8">
         <name>.text</name>
         <load_address>0x3d78</load_address>
         <run_address>0x3d78</run_address>
         <size>0xc0</size>
         <input_file_ref idref="fl-7"/>
      </object_component>
      <object_component id="oc-348">
         <name>.text:open</name>
         <load_address>0x3e38</load_address>
         <run_address>0x3e38</run_address>
         <size>0xbc</size>
         <input_file_ref idref="fl-d7"/>
      </object_component>
      <object_component id="oc-1a6">
         <name>.text:add_device</name>
         <load_address>0x3ef4</load_address>
         <run_address>0x3ef4</run_address>
         <size>0xb8</size>
         <input_file_ref idref="fl-d8"/>
      </object_component>
      <object_component id="oc-6d">
         <name>.text</name>
         <load_address>0x3fac</load_address>
         <run_address>0x3fac</run_address>
         <size>0xa8</size>
         <input_file_ref idref="fl-f"/>
      </object_component>
      <object_component id="oc-1ac">
         <name>.text:fopen</name>
         <load_address>0x4054</load_address>
         <run_address>0x4054</run_address>
         <size>0x9c</size>
         <input_file_ref idref="fl-cd"/>
      </object_component>
      <object_component id="oc-37">
         <name>.text</name>
         <load_address>0x40f0</load_address>
         <run_address>0x40f0</run_address>
         <size>0x9c</size>
         <input_file_ref idref="fl-dd"/>
      </object_component>
      <object_component id="oc-122">
         <name>.text</name>
         <load_address>0x418c</load_address>
         <run_address>0x418c</run_address>
         <size>0x7c</size>
         <input_file_ref idref="fl-8"/>
      </object_component>
      <object_component id="oc-3e9">
         <name>.text:split</name>
         <load_address>0x4208</load_address>
         <run_address>0x4208</run_address>
         <size>0x7c</size>
         <input_file_ref idref="fl-d6"/>
      </object_component>
      <object_component id="oc-97">
         <name>.text</name>
         <load_address>0x4284</load_address>
         <run_address>0x4284</run_address>
         <size>0x7a</size>
         <input_file_ref idref="fl-cf"/>
      </object_component>
      <object_component id="oc-2e1">
         <name>.text:_nop</name>
         <load_address>0x42fe</load_address>
         <run_address>0x42fe</run_address>
         <size>0x2</size>
         <input_file_ref idref="fl-d4"/>
      </object_component>
      <object_component id="oc-101">
         <name>.text</name>
         <load_address>0x4300</load_address>
         <run_address>0x4300</run_address>
         <size>0x78</size>
         <input_file_ref idref="fl-4"/>
      </object_component>
      <object_component id="oc-283">
         <name>.text:__TI_closefile</name>
         <load_address>0x4378</load_address>
         <run_address>0x4378</run_address>
         <size>0x74</size>
         <input_file_ref idref="fl-da"/>
      </object_component>
      <object_component id="oc-322">
         <name>.text:HOSTlseek</name>
         <load_address>0x43ec</load_address>
         <run_address>0x43ec</run_address>
         <size>0x68</size>
         <input_file_ref idref="fl-eb"/>
      </object_component>
      <object_component id="oc-32e">
         <name>.text:HOSTrename</name>
         <load_address>0x4454</load_address>
         <run_address>0x4454</run_address>
         <size>0x68</size>
         <input_file_ref idref="fl-ee"/>
      </object_component>
      <object_component id="oc-14">
         <name>.text:decompress:lzss:__TI_decompress_lzss</name>
         <load_address>0x44bc</load_address>
         <run_address>0x44bc</run_address>
         <size>0x68</size>
         <input_file_ref idref="fl-d2"/>
      </object_component>
      <object_component id="oc-30a">
         <name>.text:HOSTopen</name>
         <load_address>0x4524</load_address>
         <run_address>0x4524</run_address>
         <size>0x60</size>
         <input_file_ref idref="fl-ec"/>
      </object_component>
      <object_component id="oc-35e">
         <name>.text:close</name>
         <load_address>0x4584</load_address>
         <run_address>0x4584</run_address>
         <size>0x5c</size>
         <input_file_ref idref="fl-e8"/>
      </object_component>
      <object_component id="oc-316">
         <name>.text:HOSTread</name>
         <load_address>0x45e0</load_address>
         <run_address>0x45e0</run_address>
         <size>0x58</size>
         <input_file_ref idref="fl-ed"/>
      </object_component>
      <object_component id="oc-31c">
         <name>.text:HOSTwrite</name>
         <load_address>0x4638</load_address>
         <run_address>0x4638</run_address>
         <size>0x58</size>
         <input_file_ref idref="fl-f0"/>
      </object_component>
      <object_component id="oc-358">
         <name>.text:__TI_doflush</name>
         <load_address>0x4690</load_address>
         <run_address>0x4690</run_address>
         <size>0x4c</size>
         <input_file_ref idref="fl-db"/>
      </object_component>
      <object_component id="oc-14b">
         <name>.text:exit</name>
         <load_address>0x46dc</load_address>
         <run_address>0x46dc</run_address>
         <size>0x48</size>
         <input_file_ref idref="fl-d3"/>
      </object_component>
      <object_component id="oc-310">
         <name>.text:HOSTclose</name>
         <load_address>0x4724</load_address>
         <run_address>0x4724</run_address>
         <size>0x44</size>
         <input_file_ref idref="fl-ea"/>
      </object_component>
      <object_component id="oc-328">
         <name>.text:HOSTunlink</name>
         <load_address>0x4768</load_address>
         <run_address>0x4768</run_address>
         <size>0x44</size>
         <input_file_ref idref="fl-ef"/>
      </object_component>
      <object_component id="oc-151">
         <name>.text:__TI_auto_init_nobinit_nopinit:__TI_auto_init_nobinit_nopinit</name>
         <load_address>0x47ac</load_address>
         <run_address>0x47ac</run_address>
         <size>0x44</size>
         <input_file_ref idref="fl-de"/>
      </object_component>
      <object_component id="oc-3ca">
         <name>.text:getdevice</name>
         <load_address>0x47f0</load_address>
         <run_address>0x47f0</run_address>
         <size>0x44</size>
         <input_file_ref idref="fl-dc"/>
      </object_component>
      <object_component id="oc-3a1">
         <name>.text:__TI_writemsg</name>
         <load_address>0x4834</load_address>
         <run_address>0x4834</run_address>
         <size>0x38</size>
         <input_file_ref idref="fl-f1"/>
      </object_component>
      <object_component id="oc-26b">
         <name>.text:strncpy</name>
         <load_address>0x486c</load_address>
         <run_address>0x486c</run_address>
         <size>0x36</size>
         <input_file_ref idref="fl-e4"/>
      </object_component>
      <object_component id="oc-296">
         <name>.text:__TI_cleanup</name>
         <load_address>0x48a4</load_address>
         <run_address>0x48a4</run_address>
         <size>0x34</size>
         <input_file_ref idref="fl-cd"/>
      </object_component>
      <object_component id="oc-3a7">
         <name>.text:__TI_readmsg</name>
         <load_address>0x48d8</load_address>
         <run_address>0x48d8</run_address>
         <size>0x34</size>
         <input_file_ref idref="fl-f1"/>
      </object_component>
      <object_component id="oc-55">
         <name>.text:_c_int00_noargs:_c_int00_noargs</name>
         <load_address>0x490c</load_address>
         <run_address>0x490c</run_address>
         <size>0x34</size>
         <input_file_ref idref="fl-d9"/>
      </object_component>
      <object_component id="oc-1b2">
         <name>.text:freopen</name>
         <load_address>0x4940</load_address>
         <run_address>0x4940</run_address>
         <size>0x34</size>
         <input_file_ref idref="fl-cd"/>
      </object_component>
      <object_component id="oc-265">
         <name>.text:finddevice</name>
         <load_address>0x4974</load_address>
         <run_address>0x4974</run_address>
         <size>0x30</size>
         <input_file_ref idref="fl-dc"/>
      </object_component>
      <object_component id="oc-364">
         <name>.text:unlink</name>
         <load_address>0x49a4</load_address>
         <run_address>0x49a4</run_address>
         <size>0x2c</size>
         <input_file_ref idref="fl-e9"/>
      </object_component>
      <object_component id="oc-373">
         <name>.text:free_list_insert</name>
         <load_address>0x49d0</load_address>
         <run_address>0x49d0</run_address>
         <size>0x28</size>
         <input_file_ref idref="fl-d6"/>
      </object_component>
      <object_component id="oc-3d6">
         <name>.text:write</name>
         <load_address>0x49f8</load_address>
         <run_address>0x49f8</run_address>
         <size>0x28</size>
         <input_file_ref idref="fl-e5"/>
      </object_component>
      <object_component id="oc-10d">
         <name>.text</name>
         <load_address>0x4a20</load_address>
         <run_address>0x4a20</run_address>
         <size>0x24</size>
         <input_file_ref idref="fl-6"/>
      </object_component>
      <object_component id="oc-36d">
         <name>.text:free_list_remove</name>
         <load_address>0x4a44</load_address>
         <run_address>0x4a44</run_address>
         <size>0x1c</size>
         <input_file_ref idref="fl-d6"/>
      </object_component>
      <object_component id="oc-300">
         <name>.text:strcmp</name>
         <load_address>0x4a60</load_address>
         <run_address>0x4a60</run_address>
         <size>0x18</size>
         <input_file_ref idref="fl-e3"/>
      </object_component>
      <object_component id="oc-40a">
         <name>.text:strchr</name>
         <load_address>0x4a78</load_address>
         <run_address>0x4a78</run_address>
         <size>0x16</size>
         <input_file_ref idref="fl-e2"/>
      </object_component>
      <object_component id="oc-3bb">
         <name>.text:strcpy</name>
         <load_address>0x4a8e</load_address>
         <run_address>0x4a8e</run_address>
         <size>0x14</size>
         <input_file_ref idref="fl-f2"/>
      </object_component>
      <object_component id="oc-39b">
         <name>.text:strlen</name>
         <load_address>0x4aa2</load_address>
         <run_address>0x4aa2</run_address>
         <size>0x14</size>
         <input_file_ref idref="fl-f3"/>
      </object_component>
      <object_component id="oc-1a">
         <name>.text:decompress:none:__TI_decompress_none</name>
         <load_address>0x4ab6</load_address>
         <run_address>0x4ab6</run_address>
         <size>0xe</size>
         <input_file_ref idref="fl-d1"/>
      </object_component>
      <object_component id="oc-67">
         <name>.text</name>
         <load_address>0x4ac4</load_address>
         <run_address>0x4ac4</run_address>
         <size>0xe</size>
         <input_file_ref idref="fl-12"/>
      </object_component>
      <object_component id="oc-49">
         <name>.text:decompress:ZI:__TI_zero_init</name>
         <load_address>0x4ad2</load_address>
         <run_address>0x4ad2</run_address>
         <size>0xc</size>
         <input_file_ref idref="fl-d0"/>
      </object_component>
      <object_component id="oc-290">
         <name>.text:malloc</name>
         <load_address>0x4ade</load_address>
         <run_address>0x4ade</run_address>
         <size>0x8</size>
         <input_file_ref idref="fl-d6"/>
      </object_component>
      <object_component id="oc-9d">
         <name>.text:_system_pre_init</name>
         <load_address>0x4ae6</load_address>
         <run_address>0x4ae6</run_address>
         <size>0x4</size>
         <input_file_ref idref="fl-df"/>
      </object_component>
      <object_component id="oc-145">
         <name>.text:abort:abort</name>
         <load_address>0x4aea</load_address>
         <run_address>0x4aea</run_address>
         <size>0x4</size>
         <input_file_ref idref="fl-d3"/>
      </object_component>
      <object_component id="oc-231">
         <name>.const:ASCII</name>
         <load_address>0x4aee</load_address>
         <run_address>0x4aee</run_address>
         <size>0x1e0</size>
         <input_file_ref idref="fl-c"/>
      </object_component>
      <object_component id="oc-1f4">
         <name>.const:.string:NPI_StartAdvertisement</name>
         <load_address>0x4cce</load_address>
         <run_address>0x4cce</run_address>
         <size>0x14</size>
         <input_file_ref idref="fl-3"/>
      </object_component>
      <object_component id="oc-1ee">
         <name>.const:.string:NPI_SetAdvertisement1</name>
         <load_address>0x4ce2</load_address>
         <run_address>0x4ce2</run_address>
         <size>0x11</size>
         <input_file_ref idref="fl-3"/>
      </object_component>
      <object_component id="oc-1d3">
         <name>.const:.string:HCI_EXT_ResetSystemCmd</name>
         <load_address>0x4cf3</load_address>
         <run_address>0x4cf3</run_address>
         <size>0x9</size>
         <input_file_ref idref="fl-3"/>
      </object_component>
      <object_component id="oc-237">
         <name>.const:.string:Masks</name>
         <load_address>0x4cfc</load_address>
         <run_address>0x4cfc</run_address>
         <size>0x8</size>
         <input_file_ref idref="fl-c"/>
      </object_component>
      <object_component id="oc-1fd">
         <name>.const:.string:NPI_GetStatus</name>
         <load_address>0x4d04</load_address>
         <run_address>0x4d04</run_address>
         <size>0x6</size>
         <input_file_ref idref="fl-3"/>
      </object_component>
      <object_component id="oc-200">
         <name>.const:.string:NPI_GetVersion</name>
         <load_address>0x4d0a</load_address>
         <run_address>0x4d0a</run_address>
         <size>0x6</size>
         <input_file_ref idref="fl-3"/>
      </object_component>
      <object_component id="oc-1db">
         <name>.const:.string:NPI_Register</name>
         <load_address>0x4d10</load_address>
         <run_address>0x4d10</run_address>
         <size>0x6</size>
         <input_file_ref idref="fl-3"/>
      </object_component>
      <object_component id="oc-45d">
         <name>.cinit..data.load</name>
         <load_address>0x4d18</load_address>
         <run_address>0x4d18</run_address>
         <size>0x120</size>
      </object_component>
      <object_component id="oc-45b">
         <name>__TI_handler_table</name>
         <load_address>0x4e38</load_address>
         <run_address>0x4e38</run_address>
         <size>0xc</size>
      </object_component>
      <object_component id="oc-45e">
         <name>.cinit..bss.load</name>
         <load_address>0x4e48</load_address>
         <run_address>0x4e48</run_address>
         <size>0x8</size>
      </object_component>
      <object_component id="oc-45c">
         <name>__TI_cinit_table</name>
         <load_address>0x4e50</load_address>
         <run_address>0x4e50</run_address>
         <size>0x10</size>
      </object_component>
      <object_component id="oc-430">
         <name>.binit</name>
         <load_address>0x0</load_address>
         <run_address>0x0</run_address>
         <size>0x0</size>
      </object_component>
      <object_component id="oc-1d8">
         <name>.data:NPI_AddService</name>
         <load_address>0x20003d5c</load_address>
         <run_address>0x20003d5c</run_address>
         <size>0x9</size>
         <input_file_ref idref="fl-3"/>
      </object_component>
      <object_component id="oc-1eb">
         <name>.data:NPI_GATTSetDeviceName</name>
         <load_address>0x20003cbb</load_address>
         <run_address>0x20003cbb</run_address>
         <size>0x1c</size>
         <input_file_ref idref="fl-3"/>
      </object_component>
      <object_component id="oc-1f7">
         <name>.data:NPI_GATTSetDeviceNameJacki</name>
         <load_address>0x20003cf0</load_address>
         <run_address>0x20003cf0</run_address>
         <size>0x15</size>
         <input_file_ref idref="fl-3"/>
      </object_component>
      <object_component id="oc-1f1">
         <name>.data:NPI_SetAdvertisementData</name>
         <load_address>0x20003c58</load_address>
         <run_address>0x20003c58</run_address>
         <size>0x25</size>
         <input_file_ref idref="fl-3"/>
      </object_component>
      <object_component id="oc-1fa">
         <name>.data:NPI_SetAdvertisementDataJacki</name>
         <load_address>0x20003c9d</load_address>
         <run_address>0x20003c9d</run_address>
         <size>0x1e</size>
         <input_file_ref idref="fl-3"/>
      </object_component>
      <object_component id="oc-206">
         <name>.data:NPI_ReadConfirmation</name>
         <load_address>0x20003d05</load_address>
         <run_address>0x20003d05</run_address>
         <size>0x15</size>
         <input_file_ref idref="fl-3"/>
      </object_component>
      <object_component id="oc-203">
         <name>.data:NPI_WriteConfirmation</name>
         <load_address>0x20003d6e</load_address>
         <run_address>0x20003d6e</run_address>
         <size>0x9</size>
         <input_file_ref idref="fl-3"/>
      </object_component>
      <object_component id="oc-209">
         <name>.data:NPI_CCCDUpdatedConfirmation</name>
         <load_address>0x20003d65</load_address>
         <run_address>0x20003d65</run_address>
         <size>0x9</size>
         <input_file_ref idref="fl-3"/>
      </object_component>
      <object_component id="oc-1e8">
         <name>.data:NPI_SendNotificationIndication</name>
         <load_address>0x20003d1a</load_address>
         <run_address>0x20003d1a</run_address>
         <size>0x14</size>
         <input_file_ref idref="fl-3"/>
      </object_component>
      <object_component id="oc-1e1">
         <name>.data:NPI_AddCharValue</name>
         <load_address>0x20003d40</load_address>
         <run_address>0x20003d40</run_address>
         <size>0xe</size>
         <input_file_ref idref="fl-3"/>
      </object_component>
      <object_component id="oc-1e4">
         <name>.data:NPI_AddCharDescriptor</name>
         <load_address>0x20003c7d</load_address>
         <run_address>0x20003c7d</run_address>
         <size>0x20</size>
         <input_file_ref idref="fl-3"/>
      </object_component>
      <object_component id="oc-1de">
         <name>.data</name>
         <load_address>0x20003d88</load_address>
         <run_address>0x20003d88</run_address>
         <size>0x8</size>
         <input_file_ref idref="fl-3"/>
      </object_component>
      <object_component id="oc-22d">
         <name>.data</name>
         <load_address>0x20003cd8</load_address>
         <run_address>0x20003cd8</run_address>
         <size>0x18</size>
         <input_file_ref idref="fl-5"/>
      </object_component>
      <object_component id="oc-113">
         <name>.data</name>
         <load_address>0x20003d90</load_address>
         <run_address>0x20003d90</run_address>
         <size>0x8</size>
         <input_file_ref idref="fl-e"/>
      </object_component>
      <object_component id="oc-183">
         <name>.data</name>
         <load_address>0x20003da4</load_address>
         <run_address>0x20003da4</run_address>
         <size>0x4</size>
         <input_file_ref idref="fl-13"/>
      </object_component>
      <object_component id="oc-27d">
         <name>.data</name>
         <load_address>0x20003d9c</load_address>
         <run_address>0x20003d9c</run_address>
         <size>0x4</size>
         <input_file_ref idref="fl-cd"/>
      </object_component>
      <object_component id="oc-23c">
         <name>.data:$O1$$</name>
         <load_address>0x20003d50</load_address>
         <run_address>0x20003d50</run_address>
         <size>0xc</size>
         <input_file_ref idref="fl-d3"/>
      </object_component>
      <object_component id="oc-23f">
         <name>.data:$O1$$</name>
         <load_address>0x20003d78</load_address>
         <run_address>0x20003d78</run_address>
         <size>0x8</size>
         <input_file_ref idref="fl-d4"/>
      </object_component>
      <object_component id="oc-1be">
         <name>.data:_ftable</name>
         <load_address>0x20003aa0</load_address>
         <run_address>0x20003aa0</run_address>
         <size>0xf0</size>
         <input_file_ref idref="fl-d5"/>
      </object_component>
      <object_component id="oc-27e">
         <name>.data</name>
         <load_address>0x20003d30</load_address>
         <run_address>0x20003d30</run_address>
         <size>0x10</size>
         <input_file_ref idref="fl-d5"/>
      </object_component>
      <object_component id="oc-3e4">
         <name>.data:$O1$$</name>
         <load_address>0x20003d80</load_address>
         <run_address>0x20003d80</run_address>
         <size>0x8</size>
         <input_file_ref idref="fl-d6"/>
      </object_component>
      <object_component id="oc-3d0">
         <name>.data</name>
         <load_address>0x20003da0</load_address>
         <run_address>0x20003da0</run_address>
         <size>0x4</size>
         <input_file_ref idref="fl-d7"/>
      </object_component>
      <object_component id="oc-271">
         <name>.data</name>
         <load_address>0x20003d98</load_address>
         <run_address>0x20003d98</run_address>
         <size>0x4</size>
         <input_file_ref idref="fl-d8"/>
      </object_component>
      <object_component id="oc-272">
         <name>.data:_device</name>
         <load_address>0x20003b90</load_address>
         <run_address>0x20003b90</run_address>
         <size>0x78</size>
         <input_file_ref idref="fl-e6"/>
      </object_component>
      <object_component id="oc-3d1">
         <name>.data:_stream</name>
         <load_address>0x20003c08</load_address>
         <run_address>0x20003c08</run_address>
         <size>0x50</size>
         <input_file_ref idref="fl-e6"/>
      </object_component>
      <object_component id="oc-3f4">
         <name>.bss:_CIOBUF_</name>
         <uninitialized>true</uninitialized>
         <run_address>0x200031f8</run_address>
         <size>0x120</size>
         <input_file_ref idref="fl-f1"/>
      </object_component>
      <object_component id="oc-1d2">
         <name>.common:RecvBuf</name>
         <uninitialized>true</uninitialized>
         <run_address>0x20003558</run_address>
         <size>0x80</size>
      </object_component>
      <object_component id="oc-1ce">
         <name>.common:fcserr</name>
         <uninitialized>true</uninitialized>
         <run_address>0x20003688</run_address>
         <size>0x4</size>
      </object_component>
      <object_component id="oc-1d6">
         <name>.common:TimeOutErr</name>
         <uninitialized>true</uninitialized>
         <run_address>0x20003680</run_address>
         <size>0x4</size>
      </object_component>
      <object_component id="oc-1d1">
         <name>.common:NoSOFErr</name>
         <uninitialized>true</uninitialized>
         <run_address>0x20003658</run_address>
         <size>0x4</size>
      </object_component>
      <object_component id="oc-1e7">
         <name>.common:CharacteristicList</name>
         <uninitialized>true</uninitialized>
         <run_address>0x20003418</run_address>
         <size>0xa0</size>
      </object_component>
      <object_component id="oc-1d7">
         <name>.common:NotifyCharacteristicList</name>
         <uninitialized>true</uninitialized>
         <run_address>0x200035d8</run_address>
         <size>0x50</size>
      </object_component>
      <object_component id="oc-217">
         <name>.common:Size</name>
         <uninitialized>true</uninitialized>
         <run_address>0x20003678</run_address>
         <size>0x4</size>
      </object_component>
      <object_component id="oc-215">
         <name>.common:x</name>
         <uninitialized>true</uninitialized>
         <run_address>0x20000000</run_address>
         <size>0x1000</size>
      </object_component>
      <object_component id="oc-212">
         <name>.common:Pt</name>
         <uninitialized>true</uninitialized>
         <run_address>0x2000365c</run_address>
         <size>0x4</size>
      </object_component>
      <object_component id="oc-218">
         <name>.common:I1</name>
         <uninitialized>true</uninitialized>
         <run_address>0x20003640</run_address>
         <size>0x4</size>
      </object_component>
      <object_component id="oc-216">
         <name>.common:LPFSum</name>
         <uninitialized>true</uninitialized>
         <run_address>0x20003644</run_address>
         <size>0x4</size>
      </object_component>
      <object_component id="oc-21a">
         <name>.common:x2</name>
         <uninitialized>true</uninitialized>
         <run_address>0x20001000</run_address>
         <size>0x1000</size>
      </object_component>
      <object_component id="oc-219">
         <name>.common:Pt2</name>
         <uninitialized>true</uninitialized>
         <run_address>0x20003660</run_address>
         <size>0x4</size>
      </object_component>
      <object_component id="oc-21b">
         <name>.common:LPFSum2</name>
         <uninitialized>true</uninitialized>
         <run_address>0x20003648</run_address>
         <size>0x4</size>
      </object_component>
      <object_component id="oc-21d">
         <name>.common:x3</name>
         <uninitialized>true</uninitialized>
         <run_address>0x20002000</run_address>
         <size>0x1000</size>
      </object_component>
      <object_component id="oc-21c">
         <name>.common:Pt3</name>
         <uninitialized>true</uninitialized>
         <run_address>0x20003664</run_address>
         <size>0x4</size>
      </object_component>
      <object_component id="oc-21e">
         <name>.common:LPFSum3</name>
         <uninitialized>true</uninitialized>
         <run_address>0x2000364c</run_address>
         <size>0x4</size>
      </object_component>
      <object_component id="oc-234">
         <name>.common:Screen</name>
         <uninitialized>true</uninitialized>
         <run_address>0x20003000</run_address>
         <size>0x1f8</size>
      </object_component>
      <object_component id="oc-13d">
         <name>.common:Switch1</name>
         <uninitialized>true</uninitialized>
         <run_address>0x20003698</run_address>
         <size>0x2</size>
      </object_component>
      <object_component id="oc-13e">
         <name>.common:Switch2</name>
         <uninitialized>true</uninitialized>
         <run_address>0x2000367c</run_address>
         <size>0x4</size>
      </object_component>
      <object_component id="oc-13c">
         <name>.common:Left</name>
         <uninitialized>true</uninitialized>
         <run_address>0x20003650</run_address>
         <size>0x4</size>
      </object_component>
      <object_component id="oc-12d">
         <name>.common:Center</name>
         <uninitialized>true</uninitialized>
         <run_address>0x2000363c</run_address>
         <size>0x4</size>
      </object_component>
      <object_component id="oc-13b">
         <name>.common:Right</name>
         <uninitialized>true</uninitialized>
         <run_address>0x20003668</run_address>
         <size>0x4</size>
      </object_component>
      <object_component id="oc-128">
         <name>.common:nr</name>
         <uninitialized>true</uninitialized>
         <run_address>0x20003694</run_address>
         <size>0x4</size>
      </object_component>
      <object_component id="oc-12b">
         <name>.common:nc</name>
         <uninitialized>true</uninitialized>
         <run_address>0x2000368c</run_address>
         <size>0x4</size>
      </object_component>
      <object_component id="oc-12c">
         <name>.common:nl</name>
         <uninitialized>true</uninitialized>
         <run_address>0x20003690</run_address>
         <size>0x4</size>
      </object_component>
      <object_component id="oc-12e">
         <name>.common:ADCflag</name>
         <uninitialized>true</uninitialized>
         <run_address>0x20003638</run_address>
         <size>0x4</size>
      </object_component>
      <object_component id="oc-bc">
         <name>.common:TimerA1Task</name>
         <uninitialized>true</uninitialized>
         <run_address>0x20003684</run_address>
         <size>0x4</size>
      </object_component>
      <object_component id="oc-1a5">
         <name>.common:Messageindexb</name>
         <uninitialized>true</uninitialized>
         <run_address>0x20003654</run_address>
         <size>0x4</size>
      </object_component>
      <object_component id="oc-1a2">
         <name>.common:Messageb</name>
         <uninitialized>true</uninitialized>
         <run_address>0x20003628</run_address>
         <size>0x8</size>
      </object_component>
      <object_component id="oc-c5">
         <name>.common:RxPutI</name>
         <uninitialized>true</uninitialized>
         <run_address>0x20003674</run_address>
         <size>0x4</size>
      </object_component>
      <object_component id="oc-c8">
         <name>.common:RxGetI</name>
         <uninitialized>true</uninitialized>
         <run_address>0x20003670</run_address>
         <size>0x4</size>
      </object_component>
      <object_component id="oc-c9">
         <name>.common:RxFifoLost</name>
         <uninitialized>true</uninitialized>
         <run_address>0x2000366c</run_address>
         <size>0x4</size>
      </object_component>
      <object_component id="oc-ca">
         <name>.common:RxFIFO</name>
         <uninitialized>true</uninitialized>
         <run_address>0x20003318</run_address>
         <size>0x100</size>
      </object_component>
      <object_component id="oc-36a">
         <name>.common:__TI_tmpnams</name>
         <uninitialized>true</uninitialized>
         <run_address>0x200034b8</run_address>
         <size>0xa0</size>
      </object_component>
      <object_component id="oc-3ad">
         <name>.common:parmbuf</name>
         <uninitialized>true</uninitialized>
         <run_address>0x20003630</run_address>
         <size>0x8</size>
      </object_component>
      <object_component id="oc-26">
         <name>.sysmem</name>
         <uninitialized>true</uninitialized>
         <run_address>0x200036a0</run_address>
         <size>0x10</size>
         <input_file_ref idref="fl-d6"/>
      </object_component>
      <object_component id="oc-460">
         <name>.sysmem</name>
         <uninitialized>true</uninitialized>
         <run_address>0x200036a0</run_address>
         <size>0x0</size>
      </object_component>
      <object_component id="oc-29">
         <name>.stack</name>
         <uninitialized>true</uninitialized>
         <run_address>0x2000fe00</run_address>
         <size>0x4</size>
         <input_file_ref idref="fl-d9"/>
      </object_component>
      <object_component id="oc-45f">
         <name>.stack</name>
         <uninitialized>true</uninitialized>
         <run_address>0x2000fe00</run_address>
         <size>0x0</size>
      </object_component>
      <object_component id="oc-211">
         <name>.debug_info</name>
         <load_address>0x0</load_address>
         <run_address>0x0</run_address>
         <size>0x3b1</size>
         <input_file_ref idref="fl-2"/>
      </object_component>
      <object_component id="oc-117">
         <name>.debug_info</name>
         <load_address>0x3b1</load_address>
         <run_address>0x3b1</run_address>
         <size>0x83e</size>
         <input_file_ref idref="fl-2"/>
      </object_component>
      <object_component id="oc-189">
         <name>.debug_info</name>
         <load_address>0xbef</load_address>
         <run_address>0xbef</run_address>
         <size>0x37cd</size>
         <input_file_ref idref="fl-2"/>
      </object_component>
      <object_component id="oc-18e">
         <name>.debug_info</name>
         <load_address>0x43bc</load_address>
         <run_address>0x43bc</run_address>
         <size>0x1055</size>
         <input_file_ref idref="fl-2"/>
      </object_component>
      <object_component id="oc-32">
         <name>.debug_info</name>
         <load_address>0x5411</load_address>
         <run_address>0x5411</run_address>
         <size>0x84</size>
         <input_file_ref idref="fl-2"/>
      </object_component>
      <object_component id="oc-c0">
         <name>.debug_info</name>
         <load_address>0x5495</load_address>
         <run_address>0x5495</run_address>
         <size>0x18b</size>
         <input_file_ref idref="fl-2"/>
      </object_component>
      <object_component id="oc-1cf">
         <name>.debug_info</name>
         <load_address>0x5620</load_address>
         <run_address>0x5620</run_address>
         <size>0x74a</size>
         <input_file_ref idref="fl-3"/>
      </object_component>
      <object_component id="oc-1d4">
         <name>.debug_info</name>
         <load_address>0x5d6a</load_address>
         <run_address>0x5d6a</run_address>
         <size>0x119</size>
         <input_file_ref idref="fl-3"/>
      </object_component>
      <object_component id="oc-1fe">
         <name>.debug_info</name>
         <load_address>0x5e83</load_address>
         <run_address>0x5e83</run_address>
         <size>0x107</size>
         <input_file_ref idref="fl-3"/>
      </object_component>
      <object_component id="oc-201">
         <name>.debug_info</name>
         <load_address>0x5f8a</load_address>
         <run_address>0x5f8a</run_address>
         <size>0x109</size>
         <input_file_ref idref="fl-3"/>
      </object_component>
      <object_component id="oc-1d9">
         <name>.debug_info</name>
         <load_address>0x6093</load_address>
         <run_address>0x6093</run_address>
         <size>0x109</size>
         <input_file_ref idref="fl-3"/>
      </object_component>
      <object_component id="oc-1dc">
         <name>.debug_info</name>
         <load_address>0x619c</load_address>
         <run_address>0x619c</run_address>
         <size>0x105</size>
         <input_file_ref idref="fl-3"/>
      </object_component>
      <object_component id="oc-1ef">
         <name>.debug_info</name>
         <load_address>0x62a1</load_address>
         <run_address>0x62a1</run_address>
         <size>0x117</size>
         <input_file_ref idref="fl-3"/>
      </object_component>
      <object_component id="oc-1ec">
         <name>.debug_info</name>
         <load_address>0x63b8</load_address>
         <run_address>0x63b8</run_address>
         <size>0x117</size>
         <input_file_ref idref="fl-3"/>
      </object_component>
      <object_component id="oc-1f8">
         <name>.debug_info</name>
         <load_address>0x64cf</load_address>
         <run_address>0x64cf</run_address>
         <size>0x121</size>
         <input_file_ref idref="fl-3"/>
      </object_component>
      <object_component id="oc-1f2">
         <name>.debug_info</name>
         <load_address>0x65f0</load_address>
         <run_address>0x65f0</run_address>
         <size>0x11d</size>
         <input_file_ref idref="fl-3"/>
      </object_component>
      <object_component id="oc-1fb">
         <name>.debug_info</name>
         <load_address>0x670d</load_address>
         <run_address>0x670d</run_address>
         <size>0x127</size>
         <input_file_ref idref="fl-3"/>
      </object_component>
      <object_component id="oc-1f5">
         <name>.debug_info</name>
         <load_address>0x6834</load_address>
         <run_address>0x6834</run_address>
         <size>0x119</size>
         <input_file_ref idref="fl-3"/>
      </object_component>
      <object_component id="oc-207">
         <name>.debug_info</name>
         <load_address>0x694d</load_address>
         <run_address>0x694d</run_address>
         <size>0x115</size>
         <input_file_ref idref="fl-3"/>
      </object_component>
      <object_component id="oc-204">
         <name>.debug_info</name>
         <load_address>0x6a62</load_address>
         <run_address>0x6a62</run_address>
         <size>0x117</size>
         <input_file_ref idref="fl-3"/>
      </object_component>
      <object_component id="oc-20a">
         <name>.debug_info</name>
         <load_address>0x6b79</load_address>
         <run_address>0x6b79</run_address>
         <size>0x123</size>
         <input_file_ref idref="fl-3"/>
      </object_component>
      <object_component id="oc-1e9">
         <name>.debug_info</name>
         <load_address>0x6c9c</load_address>
         <run_address>0x6c9c</run_address>
         <size>0x129</size>
         <input_file_ref idref="fl-3"/>
      </object_component>
      <object_component id="oc-1e2">
         <name>.debug_info</name>
         <load_address>0x6dc5</load_address>
         <run_address>0x6dc5</run_address>
         <size>0x10d</size>
         <input_file_ref idref="fl-3"/>
      </object_component>
      <object_component id="oc-1e5">
         <name>.debug_info</name>
         <load_address>0x6ed2</load_address>
         <run_address>0x6ed2</run_address>
         <size>0x118</size>
         <input_file_ref idref="fl-3"/>
      </object_component>
      <object_component id="oc-1df">
         <name>.debug_info</name>
         <load_address>0x6fea</load_address>
         <run_address>0x6fea</run_address>
         <size>0x158</size>
         <input_file_ref idref="fl-3"/>
      </object_component>
      <object_component id="oc-108">
         <name>.debug_info</name>
         <load_address>0x7142</load_address>
         <run_address>0x7142</run_address>
         <size>0x1cc5</size>
         <input_file_ref idref="fl-3"/>
      </object_component>
      <object_component id="oc-2aa">
         <name>.debug_info</name>
         <load_address>0x8e07</load_address>
         <run_address>0x8e07</run_address>
         <size>0x155</size>
         <input_file_ref idref="fl-3"/>
      </object_component>
      <object_component id="oc-103">
         <name>.debug_info</name>
         <load_address>0x8f5c</load_address>
         <run_address>0x8f5c</run_address>
         <size>0x22b</size>
         <input_file_ref idref="fl-4"/>
      </object_component>
      <object_component id="oc-22e">
         <name>.debug_info</name>
         <load_address>0x9187</load_address>
         <run_address>0x9187</run_address>
         <size>0x1b3</size>
         <input_file_ref idref="fl-5"/>
      </object_component>
      <object_component id="oc-131">
         <name>.debug_info</name>
         <load_address>0x933a</load_address>
         <run_address>0x933a</run_address>
         <size>0x47b</size>
         <input_file_ref idref="fl-5"/>
      </object_component>
      <object_component id="oc-10e">
         <name>.debug_info</name>
         <load_address>0x97b5</load_address>
         <run_address>0x97b5</run_address>
         <size>0x43c</size>
         <input_file_ref idref="fl-6"/>
      </object_component>
      <object_component id="oc-1cc">
         <name>.debug_info</name>
         <load_address>0x9bf1</load_address>
         <run_address>0x9bf1</run_address>
         <size>0x17f</size>
         <input_file_ref idref="fl-7"/>
      </object_component>
      <object_component id="oc-123">
         <name>.debug_info</name>
         <load_address>0x9d70</load_address>
         <run_address>0x9d70</run_address>
         <size>0x34a</size>
         <input_file_ref idref="fl-8"/>
      </object_component>
      <object_component id="oc-213">
         <name>.debug_info</name>
         <load_address>0xa0ba</load_address>
         <run_address>0xa0ba</run_address>
         <size>0x4c8</size>
         <input_file_ref idref="fl-9"/>
      </object_component>
      <object_component id="oc-11d">
         <name>.debug_info</name>
         <load_address>0xa582</load_address>
         <run_address>0xa582</run_address>
         <size>0x7e9</size>
         <input_file_ref idref="fl-9"/>
      </object_component>
      <object_component id="oc-f0">
         <name>.debug_info</name>
         <load_address>0xad6b</load_address>
         <run_address>0xad6b</run_address>
         <size>0x3ed</size>
         <input_file_ref idref="fl-a"/>
      </object_component>
      <object_component id="oc-f8">
         <name>.debug_info</name>
         <load_address>0xb158</load_address>
         <run_address>0xb158</run_address>
         <size>0x783</size>
         <input_file_ref idref="fl-b"/>
      </object_component>
      <object_component id="oc-235">
         <name>.debug_info</name>
         <load_address>0xb8db</load_address>
         <run_address>0xb8db</run_address>
         <size>0x43a</size>
         <input_file_ref idref="fl-c"/>
      </object_component>
      <object_component id="oc-232">
         <name>.debug_info</name>
         <load_address>0xbd15</load_address>
         <run_address>0xbd15</run_address>
         <size>0xfd</size>
         <input_file_ref idref="fl-c"/>
      </object_component>
      <object_component id="oc-238">
         <name>.debug_info</name>
         <load_address>0xbe12</load_address>
         <run_address>0xbe12</run_address>
         <size>0xff</size>
         <input_file_ref idref="fl-c"/>
      </object_component>
      <object_component id="oc-137">
         <name>.debug_info</name>
         <load_address>0xbf11</load_address>
         <run_address>0xbf11</run_address>
         <size>0x15e9</size>
         <input_file_ref idref="fl-c"/>
      </object_component>
      <object_component id="oc-260">
         <name>.debug_info</name>
         <load_address>0xd4fa</load_address>
         <run_address>0xd4fa</run_address>
         <size>0xc8</size>
         <input_file_ref idref="fl-c"/>
      </object_component>
      <object_component id="oc-19c">
         <name>.debug_info</name>
         <load_address>0xd5c2</load_address>
         <run_address>0xd5c2</run_address>
         <size>0x6e6</size>
         <input_file_ref idref="fl-d"/>
      </object_component>
      <object_component id="oc-129">
         <name>.debug_info</name>
         <load_address>0xdca8</load_address>
         <run_address>0xdca8</run_address>
         <size>0xe91</size>
         <input_file_ref idref="fl-e"/>
      </object_component>
      <object_component id="oc-114">
         <name>.debug_info</name>
         <load_address>0xeb39</load_address>
         <run_address>0xeb39</run_address>
         <size>0x175</size>
         <input_file_ref idref="fl-e"/>
      </object_component>
      <object_component id="oc-a5">
         <name>.debug_info</name>
         <load_address>0xecae</load_address>
         <run_address>0xecae</run_address>
         <size>0xfe3</size>
         <input_file_ref idref="fl-e"/>
      </object_component>
      <object_component id="oc-ce">
         <name>.debug_info</name>
         <load_address>0xfc91</load_address>
         <run_address>0xfc91</run_address>
         <size>0x26b</size>
         <input_file_ref idref="fl-e"/>
      </object_component>
      <object_component id="oc-228">
         <name>.debug_info</name>
         <load_address>0xfefc</load_address>
         <run_address>0xfefc</run_address>
         <size>0x1055</size>
         <input_file_ref idref="fl-e"/>
      </object_component>
      <object_component id="oc-223">
         <name>.debug_info</name>
         <load_address>0x10f51</load_address>
         <run_address>0x10f51</run_address>
         <size>0x37e2</size>
         <input_file_ref idref="fl-e"/>
      </object_component>
      <object_component id="oc-195">
         <name>.debug_info</name>
         <load_address>0x14733</load_address>
         <run_address>0x14733</run_address>
         <size>0x297</size>
         <input_file_ref idref="fl-e"/>
      </object_component>
      <object_component id="oc-140">
         <name>.debug_info</name>
         <load_address>0x149ca</load_address>
         <run_address>0x149ca</run_address>
         <size>0xbb</size>
         <input_file_ref idref="fl-e"/>
      </object_component>
      <object_component id="oc-bd">
         <name>.debug_info</name>
         <load_address>0x14a85</load_address>
         <run_address>0x14a85</run_address>
         <size>0x3dc</size>
         <input_file_ref idref="fl-f"/>
      </object_component>
      <object_component id="oc-6f">
         <name>.debug_info</name>
         <load_address>0x14e61</load_address>
         <run_address>0x14e61</run_address>
         <size>0x335</size>
         <input_file_ref idref="fl-f"/>
      </object_component>
      <object_component id="oc-1a3">
         <name>.debug_info</name>
         <load_address>0x15196</load_address>
         <run_address>0x15196</run_address>
         <size>0x5ef</size>
         <input_file_ref idref="fl-10"/>
      </object_component>
      <object_component id="oc-fd">
         <name>.debug_info</name>
         <load_address>0x15785</load_address>
         <run_address>0x15785</run_address>
         <size>0x1c3f</size>
         <input_file_ref idref="fl-10"/>
      </object_component>
      <object_component id="oc-1c2">
         <name>.debug_info</name>
         <load_address>0x173c4</load_address>
         <run_address>0x173c4</run_address>
         <size>0x2c</size>
         <input_file_ref idref="fl-10"/>
      </object_component>
      <object_component id="oc-c6">
         <name>.debug_info</name>
         <load_address>0x173f0</load_address>
         <run_address>0x173f0</run_address>
         <size>0x43c</size>
         <input_file_ref idref="fl-11"/>
      </object_component>
      <object_component id="oc-74">
         <name>.debug_info</name>
         <load_address>0x1782c</load_address>
         <run_address>0x1782c</run_address>
         <size>0x841</size>
         <input_file_ref idref="fl-11"/>
      </object_component>
      <object_component id="oc-7b">
         <name>.debug_info</name>
         <load_address>0x1806d</load_address>
         <run_address>0x1806d</run_address>
         <size>0x2ee</size>
         <input_file_ref idref="fl-12"/>
      </object_component>
      <object_component id="oc-24">
         <name>.debug_info</name>
         <load_address>0x1835b</load_address>
         <run_address>0x1835b</run_address>
         <size>0x11a</size>
         <input_file_ref idref="fl-12"/>
      </object_component>
      <object_component id="oc-68">
         <name>.debug_info</name>
         <load_address>0x18475</load_address>
         <run_address>0x18475</run_address>
         <size>0x1e1</size>
         <input_file_ref idref="fl-12"/>
      </object_component>
      <object_component id="oc-184">
         <name>.debug_info</name>
         <load_address>0x18656</load_address>
         <run_address>0x18656</run_address>
         <size>0x113</size>
         <input_file_ref idref="fl-13"/>
      </object_component>
      <object_component id="oc-b6">
         <name>.debug_info</name>
         <load_address>0x18769</load_address>
         <run_address>0x18769</run_address>
         <size>0x285</size>
         <input_file_ref idref="fl-13"/>
      </object_component>
      <object_component id="oc-282">
         <name>.debug_info</name>
         <load_address>0x189ee</load_address>
         <run_address>0x189ee</run_address>
         <size>0x3f6</size>
         <input_file_ref idref="fl-cd"/>
      </object_component>
      <object_component id="oc-27a">
         <name>.debug_info</name>
         <load_address>0x18de4</load_address>
         <run_address>0x18de4</run_address>
         <size>0x20f</size>
         <input_file_ref idref="fl-cd"/>
      </object_component>
      <object_component id="oc-297">
         <name>.debug_info</name>
         <load_address>0x18ff3</load_address>
         <run_address>0x18ff3</run_address>
         <size>0x177</size>
         <input_file_ref idref="fl-cd"/>
      </object_component>
      <object_component id="oc-1b3">
         <name>.debug_info</name>
         <load_address>0x1916a</load_address>
         <run_address>0x1916a</run_address>
         <size>0x1e5</size>
         <input_file_ref idref="fl-cd"/>
      </object_component>
      <object_component id="oc-1b0">
         <name>.debug_info</name>
         <load_address>0x1934f</load_address>
         <run_address>0x1934f</run_address>
         <size>0x1ce</size>
         <input_file_ref idref="fl-cd"/>
      </object_component>
      <object_component id="oc-d5">
         <name>.debug_info</name>
         <load_address>0x1951d</load_address>
         <run_address>0x1951d</run_address>
         <size>0x2c</size>
         <input_file_ref idref="fl-cd"/>
      </object_component>
      <object_component id="oc-353">
         <name>.debug_info</name>
         <load_address>0x19549</load_address>
         <run_address>0x19549</run_address>
         <size>0xb2</size>
         <input_file_ref idref="fl-cd"/>
      </object_component>
      <object_component id="oc-29d">
         <name>.debug_info</name>
         <load_address>0x195fb</load_address>
         <run_address>0x195fb</run_address>
         <size>0x375</size>
         <input_file_ref idref="fl-ce"/>
      </object_component>
      <object_component id="oc-1ba">
         <name>.debug_info</name>
         <load_address>0x19970</load_address>
         <run_address>0x19970</run_address>
         <size>0x20c</size>
         <input_file_ref idref="fl-ce"/>
      </object_component>
      <object_component id="oc-29e">
         <name>.debug_info</name>
         <load_address>0x19b7c</load_address>
         <run_address>0x19b7c</run_address>
         <size>0xbf</size>
         <input_file_ref idref="fl-ce"/>
      </object_component>
      <object_component id="oc-99">
         <name>.debug_info</name>
         <load_address>0x19c3b</load_address>
         <run_address>0x19c3b</run_address>
         <size>0x148</size>
         <input_file_ref idref="fl-cf"/>
      </object_component>
      <object_component id="oc-96">
         <name>.debug_info</name>
         <load_address>0x19d83</load_address>
         <run_address>0x19d83</run_address>
         <size>0x2d5</size>
         <input_file_ref idref="fl-d0"/>
      </object_component>
      <object_component id="oc-4d">
         <name>.debug_info</name>
         <load_address>0x1a058</load_address>
         <run_address>0x1a058</run_address>
         <size>0x1b6</size>
         <input_file_ref idref="fl-d0"/>
      </object_component>
      <object_component id="oc-91">
         <name>.debug_info</name>
         <load_address>0x1a20e</load_address>
         <run_address>0x1a20e</run_address>
         <size>0x46</size>
         <input_file_ref idref="fl-d0"/>
      </object_component>
      <object_component id="oc-e6">
         <name>.debug_info</name>
         <load_address>0x1a254</load_address>
         <run_address>0x1a254</run_address>
         <size>0x2c</size>
         <input_file_ref idref="fl-d0"/>
      </object_component>
      <object_component id="oc-42">
         <name>.debug_info</name>
         <load_address>0x1a280</load_address>
         <run_address>0x1a280</run_address>
         <size>0x2a9</size>
         <input_file_ref idref="fl-d1"/>
      </object_component>
      <object_component id="oc-1d">
         <name>.debug_info</name>
         <load_address>0x1a529</load_address>
         <run_address>0x1a529</run_address>
         <size>0x1eb</size>
         <input_file_ref idref="fl-d1"/>
      </object_component>
      <object_component id="oc-3d">
         <name>.debug_info</name>
         <load_address>0x1a714</load_address>
         <run_address>0x1a714</run_address>
         <size>0x46</size>
         <input_file_ref idref="fl-d1"/>
      </object_component>
      <object_component id="oc-89">
         <name>.debug_info</name>
         <load_address>0x1a75a</load_address>
         <run_address>0x1a75a</run_address>
         <size>0x2c</size>
         <input_file_ref idref="fl-d1"/>
      </object_component>
      <object_component id="oc-87">
         <name>.debug_info</name>
         <load_address>0x1a786</load_address>
         <run_address>0x1a786</run_address>
         <size>0x29f</size>
         <input_file_ref idref="fl-d2"/>
      </object_component>
      <object_component id="oc-15">
         <name>.debug_info</name>
         <load_address>0x1aa25</load_address>
         <run_address>0x1aa25</run_address>
         <size>0x251</size>
         <input_file_ref idref="fl-d2"/>
      </object_component>
      <object_component id="oc-2d">
         <name>.debug_info</name>
         <load_address>0x1ac76</load_address>
         <run_address>0x1ac76</run_address>
         <size>0x60</size>
         <input_file_ref idref="fl-d2"/>
      </object_component>
      <object_component id="oc-df">
         <name>.debug_info</name>
         <load_address>0x1acd6</load_address>
         <run_address>0x1acd6</run_address>
         <size>0x46</size>
         <input_file_ref idref="fl-d2"/>
      </object_component>
      <object_component id="oc-82">
         <name>.debug_info</name>
         <load_address>0x1ad1c</load_address>
         <run_address>0x1ad1c</run_address>
         <size>0x39</size>
         <input_file_ref idref="fl-d2"/>
      </object_component>
      <object_component id="oc-243">
         <name>.debug_info</name>
         <load_address>0x1ad55</load_address>
         <run_address>0x1ad55</run_address>
         <size>0x3ae</size>
         <input_file_ref idref="fl-d3"/>
      </object_component>
      <object_component id="oc-23d">
         <name>.debug_info</name>
         <load_address>0x1b103</load_address>
         <run_address>0x1b103</run_address>
         <size>0x191</size>
         <input_file_ref idref="fl-d3"/>
      </object_component>
      <object_component id="oc-146">
         <name>.debug_info</name>
         <load_address>0x1b294</load_address>
         <run_address>0x1b294</run_address>
         <size>0x123</size>
         <input_file_ref idref="fl-d3"/>
      </object_component>
      <object_component id="oc-14c">
         <name>.debug_info</name>
         <load_address>0x1b3b7</load_address>
         <run_address>0x1b3b7</run_address>
         <size>0x185</size>
         <input_file_ref idref="fl-d3"/>
      </object_component>
      <object_component id="oc-2e9">
         <name>.debug_info</name>
         <load_address>0x1b53c</load_address>
         <run_address>0x1b53c</run_address>
         <size>0x2ca</size>
         <input_file_ref idref="fl-d4"/>
      </object_component>
      <object_component id="oc-240">
         <name>.debug_info</name>
         <load_address>0x1b806</load_address>
         <run_address>0x1b806</run_address>
         <size>0x11f</size>
         <input_file_ref idref="fl-d4"/>
      </object_component>
      <object_component id="oc-2e2">
         <name>.debug_info</name>
         <load_address>0x1b925</load_address>
         <run_address>0x1b925</run_address>
         <size>0x12f</size>
         <input_file_ref idref="fl-d4"/>
      </object_component>
      <object_component id="oc-2a5">
         <name>.debug_info</name>
         <load_address>0x1ba54</load_address>
         <run_address>0x1ba54</run_address>
         <size>0x145</size>
         <input_file_ref idref="fl-d5"/>
      </object_component>
      <object_component id="oc-1bf">
         <name>.debug_info</name>
         <load_address>0x1bb99</load_address>
         <run_address>0x1bb99</run_address>
         <size>0x103</size>
         <input_file_ref idref="fl-d5"/>
      </object_component>
      <object_component id="oc-27f">
         <name>.debug_info</name>
         <load_address>0x1bc9c</load_address>
         <run_address>0x1bc9c</run_address>
         <size>0x190</size>
         <input_file_ref idref="fl-d5"/>
      </object_component>
      <object_component id="oc-7e">
         <name>.debug_info</name>
         <load_address>0x1be2c</load_address>
         <run_address>0x1be2c</run_address>
         <size>0x3b3</size>
         <input_file_ref idref="fl-d6"/>
      </object_component>
      <object_component id="oc-27">
         <name>.debug_info</name>
         <load_address>0x1c1df</load_address>
         <run_address>0x1c1df</run_address>
         <size>0x10d</size>
         <input_file_ref idref="fl-d6"/>
      </object_component>
      <object_component id="oc-3e5">
         <name>.debug_info</name>
         <load_address>0x1c2ec</load_address>
         <run_address>0x1c2ec</run_address>
         <size>0x140</size>
         <input_file_ref idref="fl-d6"/>
      </object_component>
      <object_component id="oc-292">
         <name>.debug_info</name>
         <load_address>0x1c42c</load_address>
         <run_address>0x1c42c</run_address>
         <size>0x169</size>
         <input_file_ref idref="fl-d6"/>
      </object_component>
      <object_component id="oc-36f">
         <name>.debug_info</name>
         <load_address>0x1c595</load_address>
         <run_address>0x1c595</run_address>
         <size>0x18f</size>
         <input_file_ref idref="fl-d6"/>
      </object_component>
      <object_component id="oc-375">
         <name>.debug_info</name>
         <load_address>0x1c724</load_address>
         <run_address>0x1c724</run_address>
         <size>0x1a0</size>
         <input_file_ref idref="fl-d6"/>
      </object_component>
      <object_component id="oc-28c">
         <name>.debug_info</name>
         <load_address>0x1c8c4</load_address>
         <run_address>0x1c8c4</run_address>
         <size>0x204</size>
         <input_file_ref idref="fl-d6"/>
      </object_component>
      <object_component id="oc-3eb">
         <name>.debug_info</name>
         <load_address>0x1cac8</load_address>
         <run_address>0x1cac8</run_address>
         <size>0x1dc</size>
         <input_file_ref idref="fl-d6"/>
      </object_component>
      <object_component id="oc-37d">
         <name>.debug_info</name>
         <load_address>0x1cca4</load_address>
         <run_address>0x1cca4</run_address>
         <size>0x29a</size>
         <input_file_ref idref="fl-d6"/>
      </object_component>
      <object_component id="oc-da">
         <name>.debug_info</name>
         <load_address>0x1cf3e</load_address>
         <run_address>0x1cf3e</run_address>
         <size>0xb2</size>
         <input_file_ref idref="fl-d6"/>
      </object_component>
      <object_component id="oc-3d5">
         <name>.debug_info</name>
         <load_address>0x1cff0</load_address>
         <run_address>0x1cff0</run_address>
         <size>0x403</size>
         <input_file_ref idref="fl-d7"/>
      </object_component>
      <object_component id="oc-34b">
         <name>.debug_info</name>
         <load_address>0x1d3f3</load_address>
         <run_address>0x1d3f3</run_address>
         <size>0x246</size>
         <input_file_ref idref="fl-d7"/>
      </object_component>
      <object_component id="oc-3c5">
         <name>.debug_info</name>
         <load_address>0x1d639</load_address>
         <run_address>0x1d639</run_address>
         <size>0x120</size>
         <input_file_ref idref="fl-d7"/>
      </object_component>
      <object_component id="oc-343">
         <name>.debug_info</name>
         <load_address>0x1d759</load_address>
         <run_address>0x1d759</run_address>
         <size>0x2c</size>
         <input_file_ref idref="fl-d7"/>
      </object_component>
      <object_component id="oc-276">
         <name>.debug_info</name>
         <load_address>0x1d785</load_address>
         <run_address>0x1d785</run_address>
         <size>0x446</size>
         <input_file_ref idref="fl-d8"/>
      </object_component>
      <object_component id="oc-1a9">
         <name>.debug_info</name>
         <load_address>0x1dbcb</load_address>
         <run_address>0x1dbcb</run_address>
         <size>0x2dc</size>
         <input_file_ref idref="fl-d8"/>
      </object_component>
      <object_component id="oc-33e">
         <name>.debug_info</name>
         <load_address>0x1dea7</load_address>
         <run_address>0x1dea7</run_address>
         <size>0xea</size>
         <input_file_ref idref="fl-d8"/>
      </object_component>
      <object_component id="oc-339">
         <name>.debug_info</name>
         <load_address>0x1df91</load_address>
         <run_address>0x1df91</run_address>
         <size>0x2c</size>
         <input_file_ref idref="fl-d8"/>
      </object_component>
      <object_component id="oc-2a">
         <name>.debug_info</name>
         <load_address>0x1dfbd</load_address>
         <run_address>0x1dfbd</run_address>
         <size>0x10c</size>
         <input_file_ref idref="fl-d9"/>
      </object_component>
      <object_component id="oc-57">
         <name>.debug_info</name>
         <load_address>0x1e0c9</load_address>
         <run_address>0x1e0c9</run_address>
         <size>0x1aa</size>
         <input_file_ref idref="fl-d9"/>
      </object_component>
      <object_component id="oc-36c">
         <name>.debug_info</name>
         <load_address>0x1e273</load_address>
         <run_address>0x1e273</run_address>
         <size>0x3a6</size>
         <input_file_ref idref="fl-da"/>
      </object_component>
      <object_component id="oc-287">
         <name>.debug_info</name>
         <load_address>0x1e619</load_address>
         <run_address>0x1e619</run_address>
         <size>0x1f4</size>
         <input_file_ref idref="fl-da"/>
      </object_component>
      <object_component id="oc-3dd">
         <name>.debug_info</name>
         <load_address>0x1e80d</load_address>
         <run_address>0x1e80d</run_address>
         <size>0x348</size>
         <input_file_ref idref="fl-db"/>
      </object_component>
      <object_component id="oc-359">
         <name>.debug_info</name>
         <load_address>0x1eb55</load_address>
         <run_address>0x1eb55</run_address>
         <size>0x18b</size>
         <input_file_ref idref="fl-db"/>
      </object_component>
      <object_component id="oc-307">
         <name>.debug_info</name>
         <load_address>0x1ece0</load_address>
         <run_address>0x1ece0</run_address>
         <size>0x42d</size>
         <input_file_ref idref="fl-dc"/>
      </object_component>
      <object_component id="oc-266">
         <name>.debug_info</name>
         <load_address>0x1f10d</load_address>
[...]
      </symbol>
      <symbol id="sm-5a3">
         <name>RxPutI</name>
         <value>0x20003674</value>
      </symbol>
      <symbol id="sm-5a4">
         <name>RxGetI</name>
         <value>0x20003670</value>
      </symbol>
      <symbol id="sm-5a5">
         <name>RxFifoLost</name>
         <value>0x2000366c</value>
      </symbol>
      <symbol id="sm-5a6">
         <name>RxFIFO</name>
         <value>0x20003318</value>
      </symbol>
      <symbol id="sm-5a7">
         <name>RxFifo_Get</name>
         <value>0x35e9</value>
         <object_component_ref idref="oc-73"/>
      </symbol>
      <symbol id="sm-5a8">
         <name>UART1_OutChar</name>
         <value>0x369d</value>
         <object_component_ref idref="oc-73"/>
      </symbol>
      <symbol id="sm-5a9">
         <name>UART1_InChar</name>
         <value>0x368b</value>
         <object_component_ref idref="oc-73"/>
      </symbol>
      <symbol id="sm-5aa">
         <name>UART1_InStatus</name>
         <value>0x361f</value>
         <object_component_ref idref="oc-73"/>
      </symbol>
      <symbol id="sm-5ab">
         <name>EUSCIA2_IRQHandler</name>
         <value>0x36b9</value>
         <object_component_ref idref="oc-73"/>
      </symbol>
      <symbol id="sm-5ac">
         <name>UART1_OutString</name>
         <value>0x36cf</value>
         <object_component_ref idref="oc-73"/>
      </symbol>
      <symbol id="sm-5ad">
         <name>RxFifo_Put</name>
         <value>0x35a3</value>
         <object_component_ref idref="oc-73"/>
      </symbol>
      <symbol id="sm-5ae">
         <name>UART1_Init</name>
         <value>0x362f</value>
         <object_component_ref idref="oc-73"/>
      </symbol>
      <symbol id="sm-5af">
         <name>UART1_FinishOutput</name>
         <value>0x36ed</value>
         <object_component_ref idref="oc-73"/>
      </symbol>
      <symbol id="sm-5b0">
         <name>RxFifo_Init</name>
         <value>0x3591</value>
         <object_component_ref idref="oc-73"/>
      </symbol>
      <symbol id="sm-5c5">
         <name>Reset_Handler</name>
         <value>0x4ac5</value>
         <object_component_ref idref="oc-67"/>
      </symbol>
      <symbol id="sm-5c6">
         <name>Default_Handler</name>
         <value>0x4ad1</value>
         <object_component_ref idref="oc-67"/>
      </symbol>
      <symbol id="sm-5c7">
         <name>interruptVectors</name>
         <value>0x0</value>
         <object_component_ref idref="oc-23"/>
      </symbol>
      <symbol id="sm-60d">
         <name>SystemInit</name>
         <value>0x2ae1</value>
         <object_component_ref idref="oc-b5"/>
      </symbol>
      <symbol id="sm-60e">
         <name>SystemCoreClockUpdate</name>
         <value>0x286d</value>
         <object_component_ref idref="oc-b5"/>
      </symbol>
      <symbol id="sm-60f">
         <name>SystemCoreClock</name>
         <value>0x20003da4</value>
         <object_component_ref idref="oc-183"/>
      </symbol>
      <symbol id="sm-66c">
         <name>__TI_cleanup</name>
         <value>0x48a5</value>
         <object_component_ref idref="oc-296"/>
      </symbol>
      <symbol id="sm-66d">
         <name>freopen</name>
         <value>0x4941</value>
         <object_component_ref idref="oc-1b2"/>
      </symbol>
      <symbol id="sm-66e">
         <name>fopen</name>
         <value>0x4055</value>
         <object_component_ref idref="oc-1ac"/>
      </symbol>
      <symbol id="sm-68f">
         <name>setvbuf</name>
         <value>0x3c9d</value>
         <object_component_ref idref="oc-1b8"/>
      </symbol>
      <symbol id="sm-69e">
         <name>__aeabi_memset</name>
         <value>0x4287</value>
         <object_component_ref idref="oc-97"/>
      </symbol>
      <symbol id="sm-69f">
         <name>memset</name>
         <value>0x428d</value>
         <object_component_ref idref="oc-97"/>
      </symbol>
      <symbol id="sm-6a0">
         <name>__aeabi_memset8</name>
         <value>0x4287</value>
         <object_component_ref idref="oc-97"/>
      </symbol>
      <symbol id="sm-6a1">
         <name>__aeabi_memset4</name>
         <value>0x4287</value>
         <object_component_ref idref="oc-97"/>
      </symbol>
      <symbol id="sm-6a2">
         <name>__aeabi_memclr8</name>
         <value>0x4285</value>
         <object_component_ref idref="oc-97"/>
      </symbol>
      <symbol id="sm-6a3">
         <name>__aeabi_memclr4</name>
         <value>0x4285</value>
         <object_component_ref idref="oc-97"/>
      </symbol>
      <symbol id="sm-6a4">
         <name>__aeabi_memclr</name>
         <value>0x4285</value>
         <object_component_ref idref="oc-97"/>
      </symbol>
      <symbol id="sm-6bb">
         <name>__TI_zero_init</name>
         <value>0x4ad3</value>
         <object_component_ref idref="oc-49"/>
      </symbol>
      <symbol id="sm-6d2">
         <name>__TI_decompress_none</name>
         <value>0x4ab7</value>
         <object_component_ref idref="oc-1a"/>
      </symbol>
      <symbol id="sm-6f5">
         <name>__TI_decompress_lzss</name>
         <value>0x44bd</value>
         <object_component_ref idref="oc-14"/>
      </symbol>
      <symbol id="sm-71b">
         <name>C$$EXIT</name>
         <value>0x4aeb</value>
         <object_component_ref idref="oc-145"/>
      </symbol>
      <symbol id="sm-71c">
         <name>abort</name>
         <value>0x4aeb</value>
         <object_component_ref idref="oc-145"/>
      </symbol>
      <symbol id="sm-71d">
         <name>__TI_dtors_ptr</name>
         <value>0x20003d54</value>
         <object_component_ref idref="oc-23c"/>
      </symbol>
      <symbol id="sm-71e">
         <name>__TI_cleanup_ptr</name>
         <value>0x20003d50</value>
         <object_component_ref idref="oc-23c"/>
      </symbol>
      <symbol id="sm-71f">
         <name>__TI_enable_exit_profile_output</name>
         <value>0x20003d58</value>
         <object_component_ref idref="oc-23c"/>
      </symbol>
      <symbol id="sm-720">
         <name>exit</name>
         <value>0x46dd</value>
         <object_component_ref idref="oc-14b"/>
      </symbol>
      <symbol id="sm-735">
         <name>_nop</name>
         <value>0x42ff</value>
         <object_component_ref idref="oc-2e1"/>
      </symbol>
      <symbol id="sm-736">
         <name>_lock</name>
         <value>0x20003d78</value>
         <object_component_ref idref="oc-23f"/>
      </symbol>
      <symbol id="sm-737">
         <name>_unlock</name>
         <value>0x20003d7c</value>
         <object_component_ref idref="oc-23f"/>
      </symbol>
      <symbol id="sm-74c">
         <name>__TI_tmpnams</name>
         <value>0x200034b8</value>
      </symbol>
      <symbol id="sm-74d">
         <name>__aeabi_stdout</name>
         <value>0x20003d38</value>
         <object_component_ref idref="oc-27e"/>
      </symbol>
      <symbol id="sm-74e">
         <name>__aeabi_stderr</name>
         <value>0x20003d3c</value>
         <object_component_ref idref="oc-27e"/>
      </symbol>
      <symbol id="sm-74f">
         <name>__aeabi_stdin</name>
         <value>0x20003d34</value>
         <object_component_ref idref="oc-27e"/>
      </symbol>
      <symbol id="sm-750">
         <name>_ftable</name>
         <value>0x20003aa0</value>
         <object_component_ref idref="oc-1be"/>
      </symbol>
      <symbol id="sm-751">
         <name>__TI_ft_end</name>
         <value>0x20003d30</value>
         <object_component_ref idref="oc-27e"/>
      </symbol>
      <symbol id="sm-7d3">
         <name>_sys_memory</name>
         <value>0x200036a0</value>
         <object_component_ref idref="oc-26"/>
      </symbol>
      <symbol id="sm-7d4">
         <name>free</name>
         <value>0x3bb5</value>
         <object_component_ref idref="oc-28a"/>
      </symbol>
      <symbol id="sm-7d5">
         <name>memalign</name>
         <value>0x3ac1</value>
         <object_component_ref idref="oc-37a"/>
      </symbol>
      <symbol id="sm-7d6">
         <name>malloc</name>
         <value>0x4adf</value>
         <object_component_ref idref="oc-290"/>
      </symbol>
      <symbol id="sm-7d7">
         <name>aligned_alloc</name>
         <value>0x3ac1</value>
         <object_component_ref idref="oc-37a"/>
      </symbol>
      <symbol id="sm-7fe">
         <name>open</name>
         <value>0x3e39</value>
         <object_component_ref idref="oc-348"/>
      </symbol>
      <symbol id="sm-823">
         <name>add_device</name>
         <value>0x3ef5</value>
         <object_component_ref idref="oc-1a6"/>
      </symbol>
      <symbol id="sm-836">
         <name>__stack</name>
         <value>0x2000fe00</value>
         <object_component_ref idref="oc-29"/>
      </symbol>
      <symbol id="sm-837">
         <name>_c_int00_noargs</name>
         <value>0x490d</value>
         <object_component_ref idref="oc-55"/>
      </symbol>
      <symbol id="sm-84c">
         <name>__TI_closefile</name>
         <value>0x4379</value>
         <object_component_ref idref="oc-283"/>
      </symbol>
      <symbol id="sm-85c">
         <name>__TI_doflush</name>
         <value>0x4691</value>
         <object_component_ref idref="oc-358"/>
      </symbol>
      <symbol id="sm-87a">
         <name>finddevice</name>
         <value>0x4975</value>
         <object_component_ref idref="oc-265"/>
      </symbol>
      <symbol id="sm-87b">
         <name>getdevice</name>
         <value>0x47f1</value>
         <object_component_ref idref="oc-3ca"/>
      </symbol>
      <symbol id="sm-896">
         <name>memcpy</name>
         <value>0x40f1</value>
         <object_component_ref idref="oc-37"/>
      </symbol>
      <symbol id="sm-897">
         <name>__aeabi_memcpy</name>
         <value>0x40f1</value>
         <object_component_ref idref="oc-37"/>
      </symbol>
      <symbol id="sm-898">
         <name>__aeabi_memcpy8</name>
         <value>0x40f1</value>
         <object_component_ref idref="oc-37"/>
      </symbol>
      <symbol id="sm-899">
         <name>__aeabi_memcpy4</name>
         <value>0x40f1</value>
         <object_component_ref idref="oc-37"/>
      </symbol>
      <symbol id="sm-8c1">
         <name>__TI_auto_init_nobinit_nopinit</name>
         <value>0x47ad</value>
         <object_component_ref idref="oc-151"/>
      </symbol>
      <symbol id="sm-8cb">
         <name>_system_pre_init</name>
         <value>0x4ae7</value>
         <object_component_ref idref="oc-9d"/>
      </symbol>
      <symbol id="sm-8dd">
         <name>strchr</name>
         <value>0x4a79</value>
         <object_component_ref idref="oc-40a"/>
      </symbol>
      <symbol id="sm-8ec">
         <name>strcmp</name>
         <value>0x4a61</value>
         <object_component_ref idref="oc-300"/>
      </symbol>
      <symbol id="sm-8fc">
         <name>strncpy</name>
         <value>0x486d</value>
         <object_component_ref idref="oc-26b"/>
      </symbol>
      <symbol id="sm-90c">
         <name>write</name>
         <value>0x49f9</value>
         <object_component_ref idref="oc-3d6"/>
      </symbol>
      <symbol id="sm-91d">
         <name>_stream</name>
         <value>0x20003c08</value>
         <object_component_ref idref="oc-3d1"/>
      </symbol>
      <symbol id="sm-91e">
         <name>_device</name>
         <value>0x20003b90</value>
         <object_component_ref idref="oc-272"/>
      </symbol>
      <symbol id="sm-933">
         <name>close</name>
         <value>0x4585</value>
         <object_component_ref idref="oc-35e"/>
      </symbol>
      <symbol id="sm-943">
         <name>unlink</name>
         <value>0x49a5</value>
         <object_component_ref idref="oc-364"/>
      </symbol>
      <symbol id="sm-954">
         <name>HOSTclose</name>
         <value>0x4725</value>
         <object_component_ref idref="oc-310"/>
      </symbol>
      <symbol id="sm-965">
         <name>HOSTlseek</name>
         <value>0x43ed</value>
         <object_component_ref idref="oc-322"/>
      </symbol>
      <symbol id="sm-977">
         <name>parmbuf</name>
         <value>0x20003630</value>
      </symbol>
      <symbol id="sm-978">
         <name>HOSTopen</name>
         <value>0x4525</value>
         <object_component_ref idref="oc-30a"/>
      </symbol>
      <symbol id="sm-989">
         <name>HOSTread</name>
         <value>0x45e1</value>
         <object_component_ref idref="oc-316"/>
      </symbol>
      <symbol id="sm-99a">
         <name>HOSTrename</name>
         <value>0x4455</value>
         <object_component_ref idref="oc-32e"/>
      </symbol>
      <symbol id="sm-9ab">
         <name>HOSTunlink</name>
         <value>0x4769</value>
         <object_component_ref idref="oc-328"/>
      </symbol>
      <symbol id="sm-9bc">
         <name>HOSTwrite</name>
         <value>0x4639</value>
         <object_component_ref idref="oc-31c"/>
      </symbol>
      <symbol id="sm-9e0">
         <name>__TI_readmsg</name>
         <value>0x48d9</value>
         <object_component_ref idref="oc-3a7"/>
      </symbol>
      <symbol id="sm-9e1">
         <name>C$$IO$$</name>
         <value>0x4863</value>
         <object_component_ref idref="oc-3a1"/>
      </symbol>
      <symbol id="sm-9e2">
         <name>__CIOBUF_</name>
         <value>0x200031f8</value>
         <object_component_ref idref="oc-3f4"/>
      </symbol>
      <symbol id="sm-9e3">
         <name>__TI_writemsg</name>
         <value>0x4835</value>
         <object_component_ref idref="oc-3a1"/>
      </symbol>
      <symbol id="sm-9f1">
         <name>strcpy</name>
         <value>0x4a8f</value>
         <object_component_ref idref="oc-3bb"/>
      </symbol>
      <symbol id="sm-9ff">
         <name>strlen</name>
         <value>0x4aa3</value>
         <object_component_ref idref="oc-39b"/>
      </symbol>
      <symbol id="sm-a00">
         <name>__TI_static_base__</name>
         <value>0x0</value>
      </symbol>
      <symbol id="sm-a03">
         <name>__mpu_init</name>
         <value>0x0</value>
      </symbol>
      <symbol id="sm-a04">
         <name>_system_post_cinit</name>
         <value>0x0</value>
      </symbol>
      <symbol id="sm-a05">
         <name>NMI_Handler</name>
         <value>0x4ad1</value>
      </symbol>
      <symbol id="sm-a06">
         <name>HardFault_Handler</name>
         <value>0x4ad1</value>
      </symbol>
      <symbol id="sm-a07">
         <name>MemManage_Handler</name>
         <value>0x4ad1</value>
      </symbol>
      <symbol id="sm-a08">
         <name>BusFault_Handler</name>
         <value>0x4ad1</value>
      </symbol>
      <symbol id="sm-a09">
         <name>UsageFault_Handler</name>
         <value>0x4ad1</value>
      </symbol>
      <symbol id="sm-a0a">
         <name>SVC_Handler</name>
         <value>0x4ad1</value>
      </symbol>
      <symbol id="sm-a0b">
         <name>DebugMon_Handler</name>
         <value>0x4ad1</value>
      </symbol>
      <symbol id="sm-a0c">
         <name>PendSV_Handler</name>
         <value>0x4ad1</value>
      </symbol>
      <symbol id="sm-a0d">
         <name>SysTick_Handler</name>
         <value>0x4ad1</value>
      </symbol>
      <symbol id="sm-a0e">
         <name>PSS_IRQHandler</name>
         <value>0x4ad1</value>
      </symbol>
      <symbol id="sm-a0f">
         <name>CS_IRQHandler</name>
         <value>0x4ad1</value>
      </symbol>
      <symbol id="sm-a10">
         <name>PCM_IRQHandler</name>
         <value>0x4ad1</value>
      </symbol>
      <symbol id="sm-a11">
         <name>WDT_A_IRQHandler</name>
         <value>0x4ad1</value>
      </symbol>
      <symbol id="sm-a12">
         <name>FPU_IRQHandler</name>
         <value>0x4ad1</value>
      </symbol>
      <symbol id="sm-a13">
         <name>FLCTL_IRQHandler</name>
         <value>0x4ad1</value>
      </symbol>
      <symbol id="sm-a14">
         <name>COMP_E0_IRQHandler</name>
         <value>0x4ad1</value>
      </symbol>
      <symbol id="sm-a15">
         <name>COMP_E1_IRQHandler</name>
         <value>0x4ad1</value>
      </symbol>
      <symbol id="sm-a16">
         <name>TA0_0_IRQHandler</name>
         <value>0x4ad1</value>
      </symbol>
      <symbol id="sm-a17">
         <name>TA0_N_IRQHandler</name>
         <value>0x4ad1</value>
      </symbol>
      <symbol id="sm-a18">
         <name>TA1_0_IRQHandler</name>
         <value>0x401f</value>
      </symbol>
      <symbol id="sm-a19">
         <name>TA1_N_IRQHandler</name>
         <value>0x4ad1</value>
      </symbol>
      <symbol id="sm-a1a">
         <name>TA2_0_IRQHandler</name>
         <value>0x4ad1</value>
      </symbol>
      <symbol id="sm-a1b">
         <name>TA2_N_IRQHandler</name>
         <value>0x4ad1</value>
      </symbol>
      <symbol id="sm-a1c">
         <name>TA3_0_IRQHandler</name>
         <value>0x4ad1</value>
      </symbol>
      <symbol id="sm-a1d">
         <name>TA3_N_IRQHandler</name>
         <value>0x4ad1</value>
      </symbol>
      <symbol id="sm-a1e">
         <name>EUSCIA0_IRQHandler</name>
         <value>0x4ad1</value>
      </symbol>
      <symbol id="sm-a1f">
         <name>EUSCIA1_IRQHandler</name>
         <value>0x4ad1</value>
      </symbol>
      <symbol id="sm-a20">
         <name>EUSCIA2_IRQHandler</name>
         <value>0x36b9</value>
      </symbol>
      <symbol id="sm-a21">
         <name>EUSCIA3_IRQHandler</name>
         <value>0x4ad1</value>
      </symbol>
      <symbol id="sm-a22">
         <name>EUSCIB0_IRQHandler</name>
         <value>0x4ad1</value>
      </symbol>
      <symbol id="sm-a23">
         <name>EUSCIB1_IRQHandler</name>
         <value>0x4ad1</value>
      </symbol>
      <symbol id="sm-a24">
         <name>EUSCIB2_IRQHandler</name>
         <value>0x4ad1</value>
      </symbol>
      <symbol id="sm-a25">
         <name>EUSCIB3_IRQHandler</name>
         <value>0x4ad1</value>
      </symbol>
      <symbol id="sm-a26">
         <name>ADC14_IRQHandler</name>
         <value>0x4ad1</value>
      </symbol>
      <symbol id="sm-a27">
         <name>T32_INT1_IRQHandler</name>
         <value>0x4ad1</value>
      </symbol>
      <symbol id="sm-a28">
         <name>T32_INT2_IRQHandler</name>
         <value>0x4ad1</value>
      </symbol>
      <symbol id="sm-a29">
         <name>T32_INTC_IRQHandler</name>
         <value>0x4ad1</value>
      </symbol>
      <symbol id="sm-a2a">
         <name>AES256_IRQHandler</name>
         <value>0x4ad1</value>
      </symbol>
      <symbol id="sm-a2b">
         <name>RTC_C_IRQHandler</name>
         <value>0x4ad1</value>
      </symbol>
      <symbol id="sm-a2c">
         <name>DMA_ERR_IRQHandler</name>
         <value>0x4ad1</value>
      </symbol>
      <symbol id="sm-a2d">
         <name>DMA_INT3_IRQHandler</name>
         <value>0x4ad1</value>
      </symbol>
      <symbol id="sm-a2e">
         <name>DMA_INT2_IRQHandler</name>
         <value>0x4ad1</value>
      </symbol>
      <symbol id="sm-a2f">
         <name>DMA_INT1_IRQHandler</name>
         <value>0x4ad1</value>
      </symbol>
      <symbol id="sm-a30">
         <name>DMA_INT0_IRQHandler</name>
         <value>0x4ad1</value>
      </symbol>
      <symbol id="sm-a31">
         <name>PORT1_IRQHandler</name>
         <value>0x4ad1</value>
      </symbol>
      <symbol id="sm-a32">
         <name>PORT2_IRQHandler</name>
         <value>0x4ad1</value>
      </symbol>
      <symbol id="sm-a33">
         <name>PORT3_IRQHandler</name>
         <value>0x4ad1</value>
      </symbol>
      <symbol id="sm-a34">
         <name>PORT4_IRQHandler</name>
         <value>0x4ad1</value>
      </symbol>
      <symbol id="sm-a35">
         <name>PORT5_IRQHandler</name>
         <value>0x4ad1</value>
      </symbol>
      <symbol id="sm-a36">
         <name>PORT6_IRQHandler</name>
         <value>0x4ad1</value>
      </symbol>
      <symbol id="sm-a37">
         <name>remove</name>
         <value>0x49a5</value>
      </symbol>
   </symbol_table>
   <title>Link successful</title>
</link_info>
