******************************************************************************
                  TI ARM Linker PC v18.12.2                    
******************************************************************************
>> Linked Wed Aug 28 15:14:16 2019

OUTPUT FILE NAME:   <PeriodicSysTickInt.out>
ENTRY POINT SYMBOL: "_c_int00_noargs"  address: 000008e5


MEMORY CONFIGURATION

         name            origin    length      used     unused   attr    fill
----------------------  --------  ---------  --------  --------  ----  --------
  MAIN                  00000000   00040000  000009b4  0003f64c  R  X
  INFO                  00200000   00004000  00000000  00004000  R  X
  SRAM_CODE             01000000   00010000  00000224  0000fddc  RW X
  SRAM_DATA             20000000   00010000  00000224  0000fddc  RW  


SEGMENT ALLOCATION MAP

run origin  load origin   length   init length attrs members
----------  ----------- ---------- ----------- ----- -------
00000000    00000000    000009b8   000009b8    r-x
  00000000    00000000    000000e4   000000e4    r-- .intvecs
  000000e4    000000e4    00000898   00000898    r-x .text
  00000980    00000980    00000038   00000038    r-- .cinit
20000000    20000000    00000024   00000000    rw-
  20000000    20000000    0000001c   00000000    rw- .data
  2000001c    2000001c    00000008   00000000    rw- .bss
2000fe00    2000fe00    00000200   00000000    rw-
  2000fe00    2000fe00    00000200   00000000    rw- .stack


SECTION ALLOCATION MAP

 output                                  attributes/
section   page    origin      length       input sections
--------  ----  ----------  ----------   ----------------
.intvecs   0    00000000    000000e4     
                  00000000    000000e4     startup_msp432p401r_ccs.obj (.intvecs:retain)

.text      0    000000e4    00000898     
                  000000e4    0000032c     system_msp432p401r.obj (.text)
                  00000410    000001e0     Clock.obj (.text)
                  000005f0    000000f4     LaunchPad.obj (.text)
                  000006e4    0000009c     rtsv7M4_T_le_v4SPD16_eabi.lib : memcpy_t2.asm.obj (.text)
                  00000780    00000078     PeriodicSysTickIntsMain.obj (.text)
                  000007f8    00000068     rtsv7M4_T_le_v4SPD16_eabi.lib : copy_decompress_lzss.c.obj (.text:decompress:lzss:__TI_decompress_lzss)
                  00000860    00000044                                   : autoinit.c.obj (.text:__TI_auto_init_nobinit_nopinit:__TI_auto_init_nobinit_nopinit)
                  000008a4    00000040     SysTickInts.obj (.text)
                  000008e4    00000034     rtsv7M4_T_le_v4SPD16_eabi.lib : boot_cortex_m.c.obj (.text:_c_int00_noargs:_c_int00_noargs)
                  00000918    00000024     CortexM.obj (.text)
                  0000093c    0000001c     rtsv7M4_T_le_v4SPD16_eabi.lib : copy_zero_init.c.obj (.text:decompress:ZI:__TI_zero_init_nomemset:__TI_zero_init_nomemset)
                  00000958    0000000e                                   : copy_decompress_none.c.obj (.text:decompress:none:__TI_decompress_none)
                  00000966    0000000e     startup_msp432p401r_ccs.obj (.text)
                  00000974    00000004     rtsv7M4_T_le_v4SPD16_eabi.lib : pre_init.c.obj (.text:_system_pre_init)
                  00000978    00000004                                   : exit.c.obj (.text:abort:abort)

.cinit     0    00000980    00000038     
                  00000980    0000000d     (.cinit..data.load) [load image, compression = lzss]
                  0000098d    00000003     --HOLE-- [fill = 0]
                  00000990    0000000c     (__TI_handler_table)
                  0000099c    00000004     --HOLE-- [fill = 0]
                  000009a0    00000008     (.cinit..bss.load) [load image, compression = zero_init]
                  000009a8    00000010     (__TI_cinit_table)

.init_array 
*          0    00000000    00000000     UNINITIALIZED

.binit     0    00000000    00000000     

.data      0    20000000    0000001c     UNINITIALIZED
                  20000000    00000018     Clock.obj (.data)
                  20000018    00000004     system_msp432p401r.obj (.data)

.bss       0    2000001c    00000008     UNINITIALIZED
                  2000001c    00000004     (.common:MainCount)
                  20000020    00000004     (.common:Time)

.stack     0    2000fe00    00000200     UNINITIALIZED
                  2000fe00    00000004     rtsv7M4_T_le_v4SPD16_eabi.lib : boot_cortex_m.c.obj (.stack)
                  2000fe04    000001fc     --HOLE--

MODULE SUMMARY

       Module                        code   ro data   rw data
       ------                        ----   -------   -------
    .\
       system_msp432p401r.obj        812    0         8      
       Clock.obj                     480    0         48     
       LaunchPad.obj                 244    0         0      
       startup_msp432p401r_ccs.obj   14     228       0      
       PeriodicSysTickIntsMain.obj   120    0         16     
       SysTickInts.obj               64     0         0      
       CortexM.obj                   36     0         0      
    +--+-----------------------------+------+---------+---------+
       Total:                        1770   228       72     
                                                             
    C:\ti\ccs910\ccs\tools\compiler\ti-cgt-arm_18.12.2.LTS\lib\rtsv7M4_T_le_v4SPD16_eabi.lib
       memcpy_t2.asm.obj             156    0         0      
       copy_decompress_lzss.c.obj    104    0         0      
       autoinit.c.obj                68     0         0      
       boot_cortex_m.c.obj           52     0         0      
       copy_zero_init.c.obj          28     0         0      
       copy_decompress_none.c.obj    14     0         0      
       exit.c.obj                    4      0         0      
       pre_init.c.obj                4      0         0      
    +--+-----------------------------+------+---------+---------+
       Total:                        430    0         0      
                                                             
       Stack:                        0      0         1024   
       Linker Generated:             0      49        0      
    +--+-----------------------------+------+---------+---------+
       Grand Total:                  2200   277       1096   


LINKER GENERATED COPY TABLES

__TI_cinit_table @ 000009a8 records: 2, size/record: 8, table size: 16
	.data: load addr=00000980, load size=0000000d bytes, run addr=20000000, run size=0000001c bytes, compression=lzss
	.bss: load addr=000009a0, load size=00000008 bytes, run addr=2000001c, run size=00000008 bytes, compression=zero_init


LINKER GENERATED HANDLER TABLE

__TI_handler_table @ 00000990 records: 3, size/record: 4, table size: 12
	index: 0, handler: __TI_decompress_lzss
	index: 1, handler: __TI_decompress_none
	index: 2, handler: __TI_zero_init


GLOBAL SYMBOLS: SORTED ALPHABETICALLY BY Name 

address   name                          
-------   ----                          
00000973  ADC14_IRQHandler              
00000973  AES256_IRQHandler             
00000973  BusFault_Handler              
00000979  C$$EXIT                       
00000973  COMP_E0_IRQHandler            
00000973  COMP_E1_IRQHandler            
20000008  CPMwait                       
00000973  CS_IRQHandler                 
20000000  ClockFrequency                
00000565  Clock_Delay1ms                
0000053b  Clock_Delay1us                
00000527  Clock_GetFreq                 
00000411  Clock_Init48MHz               
20000014  Crystalstable                 
00000973  DMA_ERR_IRQHandler            
00000973  DMA_INT0_IRQHandler           
00000973  DMA_INT1_IRQHandler           
00000973  DMA_INT2_IRQHandler           
00000973  DMA_INT3_IRQHandler           
00000973  DebugMon_Handler              
00000973  Default_Handler               
00000919  DisableInterrupts             
00000973  EUSCIA0_IRQHandler            
00000973  EUSCIA1_IRQHandler            
00000973  EUSCIA2_IRQHandler            
00000973  EUSCIA3_IRQHandler            
00000973  EUSCIB0_IRQHandler            
00000973  EUSCIB1_IRQHandler            
00000973  EUSCIB2_IRQHandler            
00000973  EUSCIB3_IRQHandler            
0000091f  EnableInterrupts              
0000092f  EndCritical                   
00000973  FLCTL_IRQHandler              
00000973  FPU_IRQHandler                
00000973  HardFault_Handler             
20000010  IFlags                        
000005f1  LaunchPad_Init                
00000661  LaunchPad_Input               
0000067b  LaunchPad_LED                 
00000699  LaunchPad_Output              
2000001c  MainCount                     
00000973  MemManage_Handler             
00000973  NMI_Handler                   
00000973  PCM_IRQHandler                
00000973  PORT1_IRQHandler              
00000973  PORT2_IRQHandler              
00000973  PORT3_IRQHandler              
00000973  PORT4_IRQHandler              
00000973  PORT5_IRQHandler              
00000973  PORT6_IRQHandler              
00000973  PSS_IRQHandler                
00000973  PendSV_Handler                
2000000c  Postwait                      
20000004  Prewait                       
00000973  RTC_C_IRQHandler              
00000967  Reset_Handler                 
00000973  SVC_Handler                   
00000925  StartCritical                 
00000781  SysTick_Handler               
00000781  SysTick_Handler               
000008a5  SysTick_Init                  
20000018  SystemCoreClock               
000000e5  SystemCoreClockUpdate         
00000359  SystemInit                    
00000973  T32_INT1_IRQHandler           
00000973  T32_INT2_IRQHandler           
00000973  T32_INTC_IRQHandler           
00000973  TA0_0_IRQHandler              
00000973  TA0_N_IRQHandler              
00000973  TA1_0_IRQHandler              
00000973  TA1_N_IRQHandler              
00000973  TA2_0_IRQHandler              
00000973  TA2_N_IRQHandler              
00000973  TA3_0_IRQHandler              
00000973  TA3_N_IRQHandler              
20000020  Time                          
00000973  UsageFault_Handler            
4000480c  WDTCTL_SYM                    
00000973  WDT_A_IRQHandler              
00000937  WaitForInterrupt              
20010000  __STACK_END                   
00000200  __STACK_SIZE                  
000009a8  __TI_CINIT_Base               
000009b8  __TI_CINIT_Limit              
00000990  __TI_Handler_Table_Base       
0000099c  __TI_Handler_Table_Limit      
00000861  __TI_auto_init_nobinit_nopinit
000007f9  __TI_decompress_lzss          
00000959  __TI_decompress_none          
ffffffff  __TI_pprof_out_hndl           
ffffffff  __TI_prof_data_size           
ffffffff  __TI_prof_data_start          
00000000  __TI_static_base__            
0000093d  __TI_zero_init_nomemset       
000006e5  __aeabi_memcpy                
000006e5  __aeabi_memcpy4               
000006e5  __aeabi_memcpy8               
ffffffff  __binit__                     
ffffffff  __c_args__                    
UNDEFED   __mpu_init                    
2000fe00  __stack                       
000008e5  _c_int00_noargs               
UNDEFED   _system_post_cinit            
00000975  _system_pre_init              
00000979  abort                         
ffffffff  binit                         
0000052d  delay                         
00000000  interruptVectors              
000007ab  main                          
000006e5  memcpy                        


GLOBAL SYMBOLS: SORTED BY Symbol Address 

address   name                          
-------   ----                          
00000000  __TI_static_base__            
00000000  interruptVectors              
000000e5  SystemCoreClockUpdate         
00000200  __STACK_SIZE                  
00000359  SystemInit                    
00000411  Clock_Init48MHz               
00000527  Clock_GetFreq                 
0000052d  delay                         
0000053b  Clock_Delay1us                
00000565  Clock_Delay1ms                
000005f1  LaunchPad_Init                
00000661  LaunchPad_Input               
0000067b  LaunchPad_LED                 
00000699  LaunchPad_Output              
000006e5  __aeabi_memcpy                
000006e5  __aeabi_memcpy4               
000006e5  __aeabi_memcpy8               
000006e5  memcpy                        
00000781  SysTick_Handler               
00000781  SysTick_Handler               
000007ab  main                          
000007f9  __TI_decompress_lzss          
00000861  __TI_auto_init_nobinit_nopinit
000008a5  SysTick_Init                  
000008e5  _c_int00_noargs               
00000919  DisableInterrupts             
0000091f  EnableInterrupts              
00000925  StartCritical                 
0000092f  EndCritical                   
00000937  WaitForInterrupt              
0000093d  __TI_zero_init_nomemset       
00000959  __TI_decompress_none          
00000967  Reset_Handler                 
00000973  ADC14_IRQHandler              
00000973  AES256_IRQHandler             
00000973  BusFault_Handler              
00000973  COMP_E0_IRQHandler            
00000973  COMP_E1_IRQHandler            
00000973  CS_IRQHandler                 
00000973  DMA_ERR_IRQHandler            
00000973  DMA_INT0_IRQHandler           
00000973  DMA_INT1_IRQHandler           
00000973  DMA_INT2_IRQHandler           
00000973  DMA_INT3_IRQHandler           
00000973  DebugMon_Handler              
00000973  Default_Handler               
00000973  EUSCIA0_IRQHandler            
00000973  EUSCIA1_IRQHandler            
00000973  EUSCIA2_IRQHandler            
00000973  EUSCIA3_IRQHandler            
00000973  EUSCIB0_IRQHandler            
00000973  EUSCIB1_IRQHandler            
00000973  EUSCIB2_IRQHandler            
00000973  EUSCIB3_IRQHandler            
00000973  FLCTL_IRQHandler              
00000973  FPU_IRQHandler                
00000973  HardFault_Handler             
00000973  MemManage_Handler             
00000973  NMI_Handler                   
00000973  PCM_IRQHandler                
00000973  PORT1_IRQHandler              
00000973  PORT2_IRQHandler              
00000973  PORT3_IRQHandler              
00000973  PORT4_IRQHandler              
00000973  PORT5_IRQHandler              
00000973  PORT6_IRQHandler              
00000973  PSS_IRQHandler                
00000973  PendSV_Handler                
00000973  RTC_C_IRQHandler              
00000973  SVC_Handler                   
00000973  T32_INT1_IRQHandler           
00000973  T32_INT2_IRQHandler           
00000973  T32_INTC_IRQHandler           
00000973  TA0_0_IRQHandler              
00000973  TA0_N_IRQHandler              
00000973  TA1_0_IRQHandler              
00000973  TA1_N_IRQHandler              
00000973  TA2_0_IRQHandler              
00000973  TA2_N_IRQHandler              
00000973  TA3_0_IRQHandler              
00000973  TA3_N_IRQHandler              
00000973  UsageFault_Handler            
00000973  WDT_A_IRQHandler              
00000975  _system_pre_init              
00000979  C$$EXIT                       
00000979  abort                         
00000990  __TI_Handler_Table_Base       
0000099c  __TI_Handler_Table_Limit      
000009a8  __TI_CINIT_Base               
000009b8  __TI_CINIT_Limit              
20000000  ClockFrequency                
20000004  Prewait                       
20000008  CPMwait                       
2000000c  Postwait                      
20000010  IFlags                        
20000014  Crystalstable                 
20000018  SystemCoreClock               
2000001c  MainCount                     
20000020  Time                          
2000fe00  __stack                       
20010000  __STACK_END                   
4000480c  WDTCTL_SYM                    
ffffffff  __TI_pprof_out_hndl           
ffffffff  __TI_prof_data_size           
ffffffff  __TI_prof_data_start          
ffffffff  __binit__                     
ffffffff  __c_args__                    
ffffffff  binit                         
UNDEFED   __mpu_init                    
UNDEFED   _system_post_cinit            

[110 symbols]
