******************************************************************************
                  TI ARM Linker PC v18.12.2                    
******************************************************************************
>> Linked Wed Aug 28 15:13:15 2019

OUTPUT FILE NAME:   <EdgeInterrupt.out>
ENTRY POINT SYMBOL: "_c_int00_noargs"  address: 00000f05


MEMORY CONFIGURATION

         name            origin    length      used     unused   attr    fill
----------------------  --------  ---------  --------  --------  ----  --------
  MAIN                  00000000   00040000  00000fd4  0003f02c  R  X
  INFO                  00200000   00004000  00000000  00004000  R  X
  SRAM_CODE             01000000   00010000  00000235  0000fdcb  RW X
  SRAM_DATA             20000000   00010000  00000235  0000fdcb  RW  


SEGMENT ALLOCATION MAP

run origin  load origin   length   init length attrs members
----------  ----------- ---------- ----------- ----- -------
00000000    00000000    00000fd8   00000fd8    r-x
  00000000    00000000    000000e4   000000e4    r-- .intvecs
  000000e4    000000e4    00000eb8   00000eb8    r-x .text
  00000fa0    00000fa0    00000038   00000038    r-- .cinit
20000000    20000000    00000035   00000000    rw-
  20000000    20000000    00000028   00000000    rw- .data
  20000028    20000028    0000000d   00000000    rw- .bss
2000fe00    2000fe00    00000200   00000000    rw-
  2000fe00    2000fe00    00000200   00000000    rw- .stack


SECTION ALLOCATION MAP

 output                                  attributes/
section   page    origin      length       input sections
--------  ----  ----------  ----------   ----------------
.intvecs   0    00000000    000000e4     
                  00000000    000000e4     startup_msp432p401r_ccs.obj (.intvecs:retain)

.text      0    000000e4    00000eb8     
                  000000e4    00000630     TExaS.obj (.text)
                  00000714    0000032c     system_msp432p401r.obj (.text)
                  00000a40    000001e0     Clock.obj (.text)
                  00000c20    0000019c     EdgeInterrupt.obj (.text)
                  00000dbc    0000009c     rtsv7M4_T_le_v4SPD16_eabi.lib : memcpy_t2.asm.obj (.text)
                  00000e58    00000068                                   : copy_decompress_lzss.c.obj (.text:decompress:lzss:__TI_decompress_lzss)
                  00000ec0    00000044                                   : autoinit.c.obj (.text:__TI_auto_init_nobinit_nopinit:__TI_auto_init_nobinit_nopinit)
                  00000f04    00000034                                   : boot_cortex_m.c.obj (.text:_c_int00_noargs:_c_int00_noargs)
                  00000f38    00000024     CortexM.obj (.text)
                  00000f5c    0000001c     rtsv7M4_T_le_v4SPD16_eabi.lib : copy_zero_init.c.obj (.text:decompress:ZI:__TI_zero_init_nomemset:__TI_zero_init_nomemset)
                  00000f78    0000000e                                   : copy_decompress_none.c.obj (.text:decompress:none:__TI_decompress_none)
                  00000f86    0000000e     startup_msp432p401r_ccs.obj (.text)
                  00000f94    00000004     rtsv7M4_T_le_v4SPD16_eabi.lib : pre_init.c.obj (.text:_system_pre_init)
                  00000f98    00000004                                   : exit.c.obj (.text:abort:abort)

.cinit     0    00000fa0    00000038     
                  00000fa0    0000000d     (.cinit..data.load) [load image, compression = lzss]
                  00000fad    00000003     --HOLE-- [fill = 0]
                  00000fb0    0000000c     (__TI_handler_table)
                  00000fbc    00000004     --HOLE-- [fill = 0]
                  00000fc0    00000008     (.cinit..bss.load) [load image, compression = zero_init]
                  00000fc8    00000010     (__TI_cinit_table)

.init_array 
*          0    00000000    00000000     UNINITIALIZED

.binit     0    00000000    00000000     

.data      0    20000000    00000028     UNINITIALIZED
                  20000000    00000018     Clock.obj (.data)
                  20000018    0000000c     TExaS.obj (.data)
                  20000024    00000004     system_msp432p401r.obj (.data)

.bss       0    20000028    0000000d     UNINITIALIZED
                  20000028    00000004     (.common:FallingEdges1)
                  2000002c    00000004     (.common:FallingEdges4)
                  20000030    00000004     (.common:PeriodicTask2)
                  20000034    00000001     (.common:LogicData)

.stack     0    2000fe00    00000200     UNINITIALIZED
                  2000fe00    00000004     rtsv7M4_T_le_v4SPD16_eabi.lib : boot_cortex_m.c.obj (.stack)
                  2000fe04    000001fc     --HOLE--

MODULE SUMMARY

       Module                        code   ro data   rw data
       ------                        ----   -------   -------
    .\
       TExaS.obj                     1584   0         34     
       system_msp432p401r.obj        812    0         8      
       Clock.obj                     480    0         48     
       EdgeInterrupt.obj             412    0         16     
       startup_msp432p401r_ccs.obj   14     228       0      
       CortexM.obj                   36     0         0      
    +--+-----------------------------+------+---------+---------+
       Total:                        3338   228       106    
                                                             
    C:\ti\ccs910\ccs\tools\compiler\ti-cgt-arm_18.12.2.LTS\lib\rtsv7M4_T_le_v4SPD16_eabi.lib
       memcpy_t2.asm.obj             156    0         0      
       copy_decompress_lzss.c.obj    104    0         0      
       autoinit.c.obj                68     0         0      
       boot_cortex_m.c.obj           52     0         0      
       copy_zero_init.c.obj          28     0         0      
       copy_decompress_none.c.obj    14     0         0      
       exit.c.obj                    4      0         0      
       pre_init.c.obj                4      0         0      
    +--+-----------------------------+------+---------+---------+
       Total:                        430    0         0      
                                                             
       Stack:                        0      0         1024   
       Linker Generated:             0      49        0      
    +--+-----------------------------+------+---------+---------+
       Grand Total:                  3768   277       1130   


LINKER GENERATED COPY TABLES

__TI_cinit_table @ 00000fc8 records: 2, size/record: 8, table size: 16
	.data: load addr=00000fa0, load size=0000000d bytes, run addr=20000000, run size=00000028 bytes, compression=lzss
	.bss: load addr=00000fc0, load size=00000008 bytes, run addr=20000028, run size=0000000d bytes, compression=zero_init


LINKER GENERATED HANDLER TABLE

__TI_handler_table @ 00000fb0 records: 3, size/record: 4, table size: 12
	index: 0, handler: __TI_decompress_lzss
	index: 1, handler: __TI_decompress_none
	index: 2, handler: __TI_zero_init


GLOBAL SYMBOLS: SORTED ALPHABETICALLY BY Name 

address   name                          
-------   ----                          
00000f93  ADC14_IRQHandler              
00000475  ADC_Init                      
00000f93  AES256_IRQHandler             
00000f93  BusFault_Handler              
00000f99  C$$EXIT                       
00000f93  COMP_E0_IRQHandler            
00000f93  COMP_E1_IRQHandler            
20000008  CPMwait                       
00000f93  CS_IRQHandler                 
20000000  ClockFrequency                
00000b95  Clock_Delay1ms                
00000b6b  Clock_Delay1us                
00000b57  Clock_GetFreq                 
00000a41  Clock_Init48MHz               
20000014  Crystalstable                 
00000f93  DMA_ERR_IRQHandler            
00000f93  DMA_INT0_IRQHandler           
00000f93  DMA_INT1_IRQHandler           
00000f93  DMA_INT2_IRQHandler           
00000f93  DMA_INT3_IRQHandler           
00000f93  DebugMon_Handler              
00000f93  Default_Handler               
00000f39  DisableInterrupts             
00000f93  EUSCIA0_IRQHandler            
00000f93  EUSCIA1_IRQHandler            
00000f93  EUSCIA2_IRQHandler            
00000f93  EUSCIA3_IRQHandler            
00000f93  EUSCIB0_IRQHandler            
00000f93  EUSCIB1_IRQHandler            
00000f93  EUSCIB2_IRQHandler            
00000f93  EUSCIB3_IRQHandler            
00000c21  EdgeTrigger_Init              
00000f3f  EnableInterrupts              
00000f4f  EndCritical                   
00000f93  FLCTL_IRQHandler              
00000f93  FPU_IRQHandler                
20000028  FallingEdges1                 
2000002c  FallingEdges4                 
00000f93  HardFault_Handler             
20000010  IFlags                        
000000e5  LogicAnalyzer                 
000000ef  LogicAnalyzer_P1              
000001c5  LogicAnalyzer_P10             
000000fd  LogicAnalyzer_P2              
0000010b  LogicAnalyzer_P2_7654         
0000011b  LogicAnalyzer_P3              
00000129  LogicAnalyzer_P4              
00000147  LogicAnalyzer_P4_765320       
00000137  LogicAnalyzer_P4_765432       
0000017f  LogicAnalyzer_P5              
0000018d  LogicAnalyzer_P6              
0000019b  LogicAnalyzer_P7              
000001a9  LogicAnalyzer_P8              
000001b7  LogicAnalyzer_P9              
20000034  LogicData                     
00000f93  MemManage_Handler             
00000f93  NMI_Handler                   
00000f93  PCM_IRQHandler                
00000c93  PORT1_IRQHandler              
00000c93  PORT1_IRQHandler              
00000f93  PORT2_IRQHandler              
00000f93  PORT3_IRQHandler              
00000f93  PORT4_IRQHandler              
00000f93  PORT5_IRQHandler              
00000f93  PORT6_IRQHandler              
00000f93  PSS_IRQHandler                
00000f93  PendSV_Handler                
20000030  PeriodicTask2                 
00000257  PeriodicTask2_Init            
000002d1  PeriodicTask2_Stop            
2000000c  Postwait                      
20000004  Prewait                       
00000f93  RTC_C_IRQHandler              
00000f87  Reset_Handler                 
00000f93  SVC_Handler                   
000001d3  Scope                         
00000f45  StartCritical                 
00000f93  SysTick_Handler               
20000024  SystemCoreClock               
00000715  SystemCoreClockUpdate         
00000989  SystemInit                    
000002c1  T32_INT1_IRQHandler           
000002c1  T32_INT1_IRQHandler           
00000f93  T32_INT2_IRQHandler           
00000f93  T32_INTC_IRQHandler           
00000f93  TA0_0_IRQHandler              
00000f93  TA0_N_IRQHandler              
00000f93  TA1_0_IRQHandler              
00000f93  TA1_N_IRQHandler              
00000f93  TA2_0_IRQHandler              
00000f93  TA2_N_IRQHandler              
00000f93  TA3_0_IRQHandler              
00000f93  TA3_N_IRQHandler              
00000413  TExaS_Clear0                  
0000041f  TExaS_Clear1                  
0000042b  TExaS_Clear2                  
00000437  TExaS_Clear3                  
00000443  TExaS_Clear4                  
00000445  TExaS_Clear5                  
00000451  TExaS_Clear6                  
00000551  TExaS_Init                    
2000001c  TExaS_ScopeErrConflict        
20000018  TExaS_ScopeErrLostData        
20000020  TExaS_ScopeWrnReconfig        
000003b1  TExaS_Set                     
000003c9  TExaS_Set0                    
000003d5  TExaS_Set1                    
000003e1  TExaS_Set2                    
000003ed  TExaS_Set3                    
000003f9  TExaS_Set4                    
000003fb  TExaS_Set5                    
00000407  TExaS_Set6                    
000006b1  TExaS_Stop                    
00000367  TExaS_Task0                   
00000373  TExaS_Task1                   
0000037f  TExaS_Task2                   
0000038b  TExaS_Task3                   
00000397  TExaS_Task4                   
00000399  TExaS_Task5                   
000003a5  TExaS_Task6                   
0000033b  UART_InChar                   
000002e1  UART_Init                     
0000034b  UART_OutChar                  
00000f93  UsageFault_Handler            
4000480c  WDTCTL_SYM                    
00000f93  WDT_A_IRQHandler              
00000f57  WaitForInterrupt              
20010000  __STACK_END                   
00000200  __STACK_SIZE                  
00000fc8  __TI_CINIT_Base               
00000fd8  __TI_CINIT_Limit              
00000fb0  __TI_Handler_Table_Base       
00000fbc  __TI_Handler_Table_Limit      
00000ec1  __TI_auto_init_nobinit_nopinit
00000e59  __TI_decompress_lzss          
00000f79  __TI_decompress_none          
ffffffff  __TI_pprof_out_hndl           
ffffffff  __TI_prof_data_size           
ffffffff  __TI_prof_data_start          
00000000  __TI_static_base__            
00000f5d  __TI_zero_init_nomemset       
00000dbd  __aeabi_memcpy                
00000dbd  __aeabi_memcpy4               
00000dbd  __aeabi_memcpy8               
ffffffff  __binit__                     
ffffffff  __c_args__                    
UNDEFED   __mpu_init                    
2000fe00  __stack                       
00000f05  _c_int00_noargs               
UNDEFED   _system_post_cinit            
00000f95  _system_pre_init              
00000f99  abort                         
ffffffff  binit                         
00000b5d  delay                         
00000000  interruptVectors              
00000d01  main                          
00000dbd  memcpy                        


GLOBAL SYMBOLS: SORTED BY Symbol Address 

address   name                          
-------   ----                          
00000000  __TI_static_base__            
00000000  interruptVectors              
000000e5  LogicAnalyzer                 
000000ef  LogicAnalyzer_P1              
000000fd  LogicAnalyzer_P2              
0000010b  LogicAnalyzer_P2_7654         
0000011b  LogicAnalyzer_P3              
00000129  LogicAnalyzer_P4              
00000137  LogicAnalyzer_P4_765432       
00000147  LogicAnalyzer_P4_765320       
0000017f  LogicAnalyzer_P5              
0000018d  LogicAnalyzer_P6              
0000019b  LogicAnalyzer_P7              
000001a9  LogicAnalyzer_P8              
000001b7  LogicAnalyzer_P9              
000001c5  LogicAnalyzer_P10             
000001d3  Scope                         
00000200  __STACK_SIZE                  
00000257  PeriodicTask2_Init            
000002c1  T32_INT1_IRQHandler           
000002c1  T32_INT1_IRQHandler           
000002d1  PeriodicTask2_Stop            
000002e1  UART_Init                     
0000033b  UART_InChar                   
0000034b  UART_OutChar                  
00000367  TExaS_Task0                   
00000373  TExaS_Task1                   
0000037f  TExaS_Task2                   
0000038b  TExaS_Task3                   
00000397  TExaS_Task4                   
00000399  TExaS_Task5                   
000003a5  TExaS_Task6                   
000003b1  TExaS_Set                     
000003c9  TExaS_Set0                    
000003d5  TExaS_Set1                    
000003e1  TExaS_Set2                    
000003ed  TExaS_Set3                    
000003f9  TExaS_Set4                    
000003fb  TExaS_Set5                    
00000407  TExaS_Set6                    
00000413  TExaS_Clear0                  
0000041f  TExaS_Clear1                  
0000042b  TExaS_Clear2                  
00000437  TExaS_Clear3                  
00000443  TExaS_Clear4                  
00000445  TExaS_Clear5                  
00000451  TExaS_Clear6                  
00000475  ADC_Init                      
00000551  TExaS_Init                    
000006b1  TExaS_Stop                    
00000715  SystemCoreClockUpdate         
00000989  SystemInit                    
00000a41  Clock_Init48MHz               
00000b57  Clock_GetFreq                 
00000b5d  delay                         
00000b6b  Clock_Delay1us                
00000b95  Clock_Delay1ms                
00000c21  EdgeTrigger_Init              
00000c93  PORT1_IRQHandler              
00000c93  PORT1_IRQHandler              
00000d01  main                          
00000dbd  __aeabi_memcpy                
00000dbd  __aeabi_memcpy4               
00000dbd  __aeabi_memcpy8               
00000dbd  memcpy                        
00000e59  __TI_decompress_lzss          
00000ec1  __TI_auto_init_nobinit_nopinit
00000f05  _c_int00_noargs               
00000f39  DisableInterrupts             
00000f3f  EnableInterrupts              
00000f45  StartCritical                 
00000f4f  EndCritical                   
00000f57  WaitForInterrupt              
00000f5d  __TI_zero_init_nomemset       
00000f79  __TI_decompress_none          
00000f87  Reset_Handler                 
00000f93  ADC14_IRQHandler              
00000f93  AES256_IRQHandler             
00000f93  BusFault_Handler              
00000f93  COMP_E0_IRQHandler            
00000f93  COMP_E1_IRQHandler            
00000f93  CS_IRQHandler                 
00000f93  DMA_ERR_IRQHandler            
00000f93  DMA_INT0_IRQHandler           
00000f93  DMA_INT1_IRQHandler           
00000f93  DMA_INT2_IRQHandler           
00000f93  DMA_INT3_IRQHandler           
00000f93  DebugMon_Handler              
00000f93  Default_Handler               
00000f93  EUSCIA0_IRQHandler            
00000f93  EUSCIA1_IRQHandler            
00000f93  EUSCIA2_IRQHandler            
00000f93  EUSCIA3_IRQHandler            
00000f93  EUSCIB0_IRQHandler            
00000f93  EUSCIB1_IRQHandler            
00000f93  EUSCIB2_IRQHandler            
00000f93  EUSCIB3_IRQHandler            
00000f93  FLCTL_IRQHandler              
00000f93  FPU_IRQHandler                
00000f93  HardFault_Handler             
00000f93  MemManage_Handler             
00000f93  NMI_Handler                   
00000f93  PCM_IRQHandler                
00000f93  PORT2_IRQHandler              
00000f93  PORT3_IRQHandler              
00000f93  PORT4_IRQHandler              
00000f93  PORT5_IRQHandler              
00000f93  PORT6_IRQHandler              
00000f93  PSS_IRQHandler                
00000f93  PendSV_Handler                
00000f93  RTC_C_IRQHandler              
00000f93  SVC_Handler                   
00000f93  SysTick_Handler               
00000f93  T32_INT2_IRQHandler           
00000f93  T32_INTC_IRQHandler           
00000f93  TA0_0_IRQHandler              
00000f93  TA0_N_IRQHandler              
00000f93  TA1_0_IRQHandler              
00000f93  TA1_N_IRQHandler              
00000f93  TA2_0_IRQHandler              
00000f93  TA2_N_IRQHandler              
00000f93  TA3_0_IRQHandler              
00000f93  TA3_N_IRQHandler              
00000f93  UsageFault_Handler            
00000f93  WDT_A_IRQHandler              
00000f95  _system_pre_init              
00000f99  C$$EXIT                       
00000f99  abort                         
00000fb0  __TI_Handler_Table_Base       
00000fbc  __TI_Handler_Table_Limit      
00000fc8  __TI_CINIT_Base               
00000fd8  __TI_CINIT_Limit              
20000000  ClockFrequency                
20000004  Prewait                       
20000008  CPMwait                       
2000000c  Postwait                      
20000010  IFlags                        
20000014  Crystalstable                 
20000018  TExaS_ScopeErrLostData        
2000001c  TExaS_ScopeErrConflict        
20000020  TExaS_ScopeWrnReconfig        
20000024  SystemCoreClock               
20000028  FallingEdges1                 
2000002c  FallingEdges4                 
20000030  PeriodicTask2                 
20000034  LogicData                     
2000fe00  __stack                       
20010000  __STACK_END                   
4000480c  WDTCTL_SYM                    
ffffffff  __TI_pprof_out_hndl           
ffffffff  __TI_prof_data_size           
ffffffff  __TI_prof_data_start          
ffffffff  __binit__                     
ffffffff  __c_args__                    
ffffffff  binit                         
UNDEFED   __mpu_init                    
UNDEFED   _system_post_cinit            

[157 symbols]
