******************************************************************************
                  TI ARM Linker PC v18.12.2                    
******************************************************************************
>> Linked Wed Aug 28 15:13:44 2019

OUTPUT FILE NAME:   <Lab12_Motors.out>
ENTRY POINT SYMBOL: "_c_int00_noargs"  address: 000009f1


MEMORY CONFIGURATION

         name            origin    length      used     unused   attr    fill
----------------------  --------  ---------  --------  --------  ----  --------
  MAIN                  00000000   00040000  00000a6e  0003f592  R  X
  INFO                  00200000   00004000  00000000  00004000  R  X
  SRAM_CODE             01000000   00010000  0000021c  0000fde4  RW X
  SRAM_DATA             20000000   00010000  0000021c  0000fde4  RW  


SEGMENT ALLOCATION MAP

run origin  load origin   length   init length attrs members
----------  ----------- ---------- ----------- ----- -------
00000000    00000000    00000a70   00000a70    r-x
  00000000    00000000    000000e4   000000e4    r-- .intvecs
  000000e4    000000e4    0000096a   0000096a    r-x .text
  00000a50    00000a50    00000020   00000020    r-- .cinit
20000000    20000000    0000001c   00000000    rw-
  20000000    20000000    0000001c   00000000    rw- .data
2000fe00    2000fe00    00000200   00000000    rw-
  2000fe00    2000fe00    00000200   00000000    rw- .stack


SECTION ALLOCATION MAP

 output                                  attributes/
section   page    origin      length       input sections
--------  ----  ----------  ----------   ----------------
.intvecs   0    00000000    000000e4     
                  00000000    000000e4     startup_msp432p401r_ccs.obj (.intvecs:retain)

.text      0    000000e4    0000096a     
                  000000e4    0000032c     system_msp432p401r.obj (.text)
                  00000410    000001e0     Clock.obj (.text)
                  000005f0    0000015c     Lab12_Motorsmain.obj (.text)
                  0000074c    000000f4     LaunchPad.obj (.text)
                  00000840    0000009c     rtsv7M4_T_le_v4SPD16_eabi.lib : memcpy_t2.asm.obj (.text)
                  000008dc    00000068     MotorSimple.obj (.text)
                  00000944    00000068     rtsv7M4_T_le_v4SPD16_eabi.lib : copy_decompress_lzss.c.obj (.text:decompress:lzss:__TI_decompress_lzss)
                  000009ac    00000044                                   : autoinit.c.obj (.text:__TI_auto_init_nobinit_nopinit:__TI_auto_init_nobinit_nopinit)
                  000009f0    00000034                                   : boot_cortex_m.c.obj (.text:_c_int00_noargs:_c_int00_noargs)
                  00000a24    0000000e                                   : copy_decompress_none.c.obj (.text:decompress:none:__TI_decompress_none)
                  00000a32    0000000e     startup_msp432p401r_ccs.obj (.text)
                  00000a40    00000006     Bump.obj (.text)
                  00000a46    00000004     rtsv7M4_T_le_v4SPD16_eabi.lib : pre_init.c.obj (.text:_system_pre_init)
                  00000a4a    00000004                                   : exit.c.obj (.text:abort:abort)

.cinit     0    00000a50    00000020     
                  00000a50    0000000d     (.cinit..data.load) [load image, compression = lzss]
                  00000a5d    00000003     --HOLE-- [fill = 0]
                  00000a60    00000008     (__TI_handler_table)
                  00000a68    00000008     (__TI_cinit_table)

.init_array 
*          0    00000000    00000000     UNINITIALIZED

.binit     0    00000000    00000000     

.data      0    20000000    0000001c     UNINITIALIZED
                  20000000    00000018     Clock.obj (.data)
                  20000018    00000004     system_msp432p401r.obj (.data)

.stack     0    2000fe00    00000200     UNINITIALIZED
                  2000fe00    00000004     rtsv7M4_T_le_v4SPD16_eabi.lib : boot_cortex_m.c.obj (.stack)
                  2000fe04    000001fc     --HOLE--

MODULE SUMMARY

       Module                        code   ro data   rw data
       ------                        ----   -------   -------
    .\
       system_msp432p401r.obj        812    0         8      
       Clock.obj                     480    0         48     
       Lab12_Motorsmain.obj          348    0         0      
       LaunchPad.obj                 244    0         0      
       startup_msp432p401r_ccs.obj   14     228       0      
       MotorSimple.obj               104    0         0      
       Bump.obj                      6      0         0      
    +--+-----------------------------+------+---------+---------+
       Total:                        2008   228       56     
                                                             
    C:\ti\ccs910\ccs\tools\compiler\ti-cgt-arm_18.12.2.LTS\lib\rtsv7M4_T_le_v4SPD16_eabi.lib
       memcpy_t2.asm.obj             156    0         0      
       copy_decompress_lzss.c.obj    104    0         0      
       autoinit.c.obj                68     0         0      
       boot_cortex_m.c.obj           52     0         0      
       copy_decompress_none.c.obj    14     0         0      
       exit.c.obj                    4      0         0      
       pre_init.c.obj                4      0         0      
    +--+-----------------------------+------+---------+---------+
       Total:                        402    0         0      
                                                             
       Stack:                        0      0         1024   
       Linker Generated:             0      29        0      
    +--+-----------------------------+------+---------+---------+
       Grand Total:                  2410   257       1080   


LINKER GENERATED COPY TABLES

__TI_cinit_table @ 00000a68 records: 1, size/record: 8, table size: 8
	.data: load addr=00000a50, load size=0000000d bytes, run addr=20000000, run size=0000001c bytes, compression=lzss


LINKER GENERATED HANDLER TABLE

__TI_handler_table @ 00000a60 records: 2, size/record: 4, table size: 8
	index: 0, handler: __TI_decompress_lzss
	index: 1, handler: __TI_decompress_none


GLOBAL SYMBOLS: SORTED ALPHABETICALLY BY Name 

address   name                          
-------   ----                          
00000a3f  ADC14_IRQHandler              
00000a3f  AES256_IRQHandler             
00000a41  Bump_Init                     
00000a43  Bump_Read                     
00000a3f  BusFault_Handler              
00000a4b  C$$EXIT                       
00000a3f  COMP_E0_IRQHandler            
00000a3f  COMP_E1_IRQHandler            
20000008  CPMwait                       
00000a3f  CS_IRQHandler                 
20000000  ClockFrequency                
00000565  Clock_Delay1ms                
0000053b  Clock_Delay1us                
00000527  Clock_GetFreq                 
00000411  Clock_Init48MHz               
20000014  Crystalstable                 
00000a3f  DMA_ERR_IRQHandler            
00000a3f  DMA_INT0_IRQHandler           
00000a3f  DMA_INT1_IRQHandler           
00000a3f  DMA_INT2_IRQHandler           
00000a3f  DMA_INT3_IRQHandler           
00000a3f  DebugMon_Handler              
00000a3f  Default_Handler               
00000a3f  EUSCIA0_IRQHandler            
00000a3f  EUSCIA1_IRQHandler            
00000a3f  EUSCIA2_IRQHandler            
00000a3f  EUSCIA3_IRQHandler            
00000a3f  EUSCIB0_IRQHandler            
00000a3f  EUSCIB1_IRQHandler            
00000a3f  EUSCIB2_IRQHandler            
00000a3f  EUSCIB3_IRQHandler            
00000a3f  FLCTL_IRQHandler              
00000a3f  FPU_IRQHandler                
00000a3f  HardFault_Handler             
20000010  IFlags                        
0000074d  LaunchPad_Init                
000007bd  LaunchPad_Input               
000007d7  LaunchPad_LED                 
000007f5  LaunchPad_Output              
00000a3f  MemManage_Handler             
0000090d  Motor_BackwardSimple          
000008ff  Motor_ForwardSimple           
000008dd  Motor_InitSimple              
0000091b  Motor_LeftSimple              
00000929  Motor_RightSimple             
000008df  Motor_StopSimple              
00000a3f  NMI_Handler                   
00000a3f  PCM_IRQHandler                
00000a3f  PORT1_IRQHandler              
00000a3f  PORT2_IRQHandler              
00000a3f  PORT3_IRQHandler              
00000a3f  PORT4_IRQHandler              
00000a3f  PORT5_IRQHandler              
00000a3f  PORT6_IRQHandler              
00000a3f  PSS_IRQHandler                
000005f1  Pause                         
00000a3f  PendSV_Handler                
2000000c  Postwait                      
20000004  Prewait                       
00000605  Program12_1                   
00000659  Program12_2                   
000006a9  Program12_3                   
00000a3f  RTC_C_IRQHandler              
00000a33  Reset_Handler                 
00000a3f  SVC_Handler                   
00000a3f  SysTick_Handler               
20000018  SystemCoreClock               
000000e5  SystemCoreClockUpdate         
00000359  SystemInit                    
00000a3f  T32_INT1_IRQHandler           
00000a3f  T32_INT2_IRQHandler           
00000a3f  T32_INTC_IRQHandler           
00000a3f  TA0_0_IRQHandler              
00000a3f  TA0_N_IRQHandler              
00000a3f  TA1_0_IRQHandler              
00000a3f  TA1_N_IRQHandler              
00000a3f  TA2_0_IRQHandler              
00000a3f  TA2_N_IRQHandler              
00000a3f  TA3_0_IRQHandler              
00000a3f  TA3_N_IRQHandler              
00000a3f  UsageFault_Handler            
4000480c  WDTCTL_SYM                    
00000a3f  WDT_A_IRQHandler              
20010000  __STACK_END                   
00000200  __STACK_SIZE                  
00000a68  __TI_CINIT_Base               
00000a70  __TI_CINIT_Limit              
00000a60  __TI_Handler_Table_Base       
00000a68  __TI_Handler_Table_Limit      
000009ad  __TI_auto_init_nobinit_nopinit
00000945  __TI_decompress_lzss          
00000a25  __TI_decompress_none          
ffffffff  __TI_pprof_out_hndl           
ffffffff  __TI_prof_data_size           
ffffffff  __TI_prof_data_start          
00000000  __TI_static_base__            
00000841  __aeabi_memcpy                
00000841  __aeabi_memcpy4               
00000841  __aeabi_memcpy8               
ffffffff  __binit__                     
ffffffff  __c_args__                    
UNDEFED   __mpu_init                    
2000fe00  __stack                       
000009f1  _c_int00_noargs               
UNDEFED   _system_post_cinit            
00000a47  _system_pre_init              
00000a4b  abort                         
ffffffff  binit                         
0000052d  delay                         
00000000  interruptVectors              
000006cd  main                          
00000841  memcpy                        


GLOBAL SYMBOLS: SORTED BY Symbol Address 

address   name                          
-------   ----                          
00000000  __TI_static_base__            
00000000  interruptVectors              
000000e5  SystemCoreClockUpdate         
00000200  __STACK_SIZE                  
00000359  SystemInit                    
00000411  Clock_Init48MHz               
00000527  Clock_GetFreq                 
0000052d  delay                         
0000053b  Clock_Delay1us                
00000565  Clock_Delay1ms                
000005f1  Pause                         
00000605  Program12_1                   
00000659  Program12_2                   
000006a9  Program12_3                   
000006cd  main                          
0000074d  LaunchPad_Init                
000007bd  LaunchPad_Input               
000007d7  LaunchPad_LED                 
000007f5  LaunchPad_Output              
00000841  __aeabi_memcpy                
00000841  __aeabi_memcpy4               
00000841  __aeabi_memcpy8               
00000841  memcpy                        
000008dd  Motor_InitSimple              
000008df  Motor_StopSimple              
000008ff  Motor_ForwardSimple           
0000090d  Motor_BackwardSimple          
0000091b  Motor_LeftSimple              
00000929  Motor_RightSimple             
00000945  __TI_decompress_lzss          
000009ad  __TI_auto_init_nobinit_nopinit
000009f1  _c_int00_noargs               
00000a25  __TI_decompress_none          
00000a33  Reset_Handler                 
00000a3f  ADC14_IRQHandler              
00000a3f  AES256_IRQHandler             
00000a3f  BusFault_Handler              
00000a3f  COMP_E0_IRQHandler            
00000a3f  COMP_E1_IRQHandler            
00000a3f  CS_IRQHandler                 
00000a3f  DMA_ERR_IRQHandler            
00000a3f  DMA_INT0_IRQHandler           
00000a3f  DMA_INT1_IRQHandler           
00000a3f  DMA_INT2_IRQHandler           
00000a3f  DMA_INT3_IRQHandler           
00000a3f  DebugMon_Handler              
00000a3f  Default_Handler               
00000a3f  EUSCIA0_IRQHandler            
00000a3f  EUSCIA1_IRQHandler            
00000a3f  EUSCIA2_IRQHandler            
00000a3f  EUSCIA3_IRQHandler            
00000a3f  EUSCIB0_IRQHandler            
00000a3f  EUSCIB1_IRQHandler            
00000a3f  EUSCIB2_IRQHandler            
00000a3f  EUSCIB3_IRQHandler            
00000a3f  FLCTL_IRQHandler              
00000a3f  FPU_IRQHandler                
00000a3f  HardFault_Handler             
00000a3f  MemManage_Handler             
00000a3f  NMI_Handler                   
00000a3f  PCM_IRQHandler                
00000a3f  PORT1_IRQHandler              
00000a3f  PORT2_IRQHandler              
00000a3f  PORT3_IRQHandler              
00000a3f  PORT4_IRQHandler              
00000a3f  PORT5_IRQHandler              
00000a3f  PORT6_IRQHandler              
00000a3f  PSS_IRQHandler                
00000a3f  PendSV_Handler                
00000a3f  RTC_C_IRQHandler              
00000a3f  SVC_Handler                   
00000a3f  SysTick_Handler               
00000a3f  T32_INT1_IRQHandler           
00000a3f  T32_INT2_IRQHandler           
00000a3f  T32_INTC_IRQHandler           
00000a3f  TA0_0_IRQHandler              
00000a3f  TA0_N_IRQHandler              
00000a3f  TA1_0_IRQHandler              
00000a3f  TA1_N_IRQHandler              
00000a3f  TA2_0_IRQHandler              
00000a3f  TA2_N_IRQHandler              
00000a3f  TA3_0_IRQHandler              
00000a3f  TA3_N_IRQHandler              
00000a3f  UsageFault_Handler            
00000a3f  WDT_A_IRQHandler              
00000a41  Bump_Init                     
00000a43  Bump_Read                     
00000a47  _system_pre_init              
00000a4b  C$$EXIT                       
00000a4b  abort                         
00000a60  __TI_Handler_Table_Base       
00000a68  __TI_CINIT_Base               
00000a68  __TI_Handler_Table_Limit      
00000a70  __TI_CINIT_Limit              
20000000  ClockFrequency                
20000004  Prewait                       
20000008  CPMwait                       
2000000c  Postwait                      
20000010  IFlags                        
20000014  Crystalstable                 
20000018  SystemCoreClock               
2000fe00  __stack                       
20010000  __STACK_END                   
4000480c  WDTCTL_SYM                    
ffffffff  __TI_pprof_out_hndl           
ffffffff  __TI_prof_data_size           
ffffffff  __TI_prof_data_start          
ffffffff  __binit__                     
ffffffff  __c_args__                    
ffffffff  binit                         
UNDEFED   __mpu_init                    
UNDEFED   _system_post_cinit            

[112 symbols]
