******************************************************************************
                  TI ARM Linker PC v18.12.2                    
******************************************************************************
>> Linked Wed Aug 28 15:14:03 2019

OUTPUT FILE NAME:   <Lab18_UART.out>
ENTRY POINT SYMBOL: "_c_int00_noargs"  address: 000025b9


MEMORY CONFIGURATION

         name            origin    length      used     unused   attr    fill
----------------------  --------  ---------  --------  --------  ----  --------
  MAIN                  00000000   00040000  0000285a  0003d7a6  R  X
  INFO                  00200000   00004000  00000000  00004000  R  X
  SRAM_CODE             01000000   00010000  00000b4a  0000f4b6  RW X
  SRAM_DATA             20000000   00010000  00000b4a  0000f4b6  RW  


SEGMENT ALLOCATION MAP

run origin  load origin   length   init length attrs members
----------  ----------- ---------- ----------- ----- -------
00000000    00000000    00002860   00002860    r-x
  00000000    00000000    000000e4   000000e4    r-- .intvecs
  000000e4    000000e4    000026de   000026de    r-x .text
  000027c8    000027c8    00000098   00000098    r-- .cinit
20000000    20000000    0000094c   00000000    rw-
  20000000    20000000    00000400   00000000    rw- .sysmem
  20000400    20000400    0000033a   00000000    rw- .bss
  2000073c    2000073c    00000210   00000000    rw- .data
2000fe00    2000fe00    00000200   00000000    rw-
  2000fe00    2000fe00    00000200   00000000    rw- .stack


SECTION ALLOCATION MAP

 output                                  attributes/
section   page    origin      length       input sections
--------  ----  ----------  ----------   ----------------
.intvecs   0    00000000    000000e4     
                  00000000    000000e4     startup_msp432p401r_ccs.obj (.intvecs:retain)

.text      0    000000e4    000026de     
                  000000e4    000006bc     UART0.obj (.text)
                  000007a0    000005b6     EUSCIA0.obj (.text)
                  00000d56    00000002     rtsv7M4_T_le_v4SPD16_eabi.lib : _lock.c.obj (.text:_nop)
                  00000d58    0000043c     Lab18_UARTmain.obj (.text)
                  00001194    0000032c     system_msp432p401r.obj (.text)
                  000014c0    000001e0     Clock.obj (.text)
                  000016a0    0000010c     rtsv7M4_T_le_v4SPD16_eabi.lib : fopen.c.obj (.text:_openfile)
                  000017ac    000000f4     LaunchPad.obj (.text)
                  000018a0    000000f4     rtsv7M4_T_le_v4SPD16_eabi.lib : memory.c.obj (.text:aligned_alloc)
                  00001994    000000e8                                   : memory.c.obj (.text:free)
                  00001a7c    000000dc                                   : setvbuf.c.obj (.text:setvbuf)
                  00001b58    000000bc                                   : open.c.obj (.text:open)
                  00001c14    000000b8                                   : add_device.c.obj (.text:add_device)
                  00001ccc    0000009c                                   : fopen.c.obj (.text:fopen)
                  00001d68    0000009c                                   : memcpy_t2.asm.obj (.text)
                  00001e04    0000007c                                   : memory.c.obj (.text:split)
                  00001e80    0000007a                                   : memset_t2.asm.obj (.text)
                  00001efa    00000002     --HOLE-- [fill = 0]
                  00001efc    00000078     FIFO0.obj (.text)
                  00001f74    00000074     rtsv7M4_T_le_v4SPD16_eabi.lib : fclose.c.obj (.text:__TI_closefile)
                  00001fe8    0000006c     SysTick.obj (.text)
                  00002054    00000068     rtsv7M4_T_le_v4SPD16_eabi.lib : hostlseek.c.obj (.text:HOSTlseek)
                  000020bc    00000068                                   : hostrename.c.obj (.text:HOSTrename)
                  00002124    00000068                                   : copy_decompress_lzss.c.obj (.text:decompress:lzss:__TI_decompress_lzss)
                  0000218c    00000060                                   : hostopen.c.obj (.text:HOSTopen)
                  000021ec    0000005c                                   : close.c.obj (.text:close)
                  00002248    00000058                                   : hostread.c.obj (.text:HOSTread)
                  000022a0    00000058                                   : hostwrite.c.obj (.text:HOSTwrite)
                  000022f8    0000004c                                   : fflush.c.obj (.text:__TI_doflush)
                  00002344    00000048                                   : exit.c.obj (.text:exit)
                  0000238c    00000044                                   : hostclose.c.obj (.text:HOSTclose)
                  000023d0    00000044                                   : hostunlink.c.obj (.text:HOSTunlink)
                  00002414    00000044     Motor.obj (.text)
                  00002458    00000044     rtsv7M4_T_le_v4SPD16_eabi.lib : autoinit.c.obj (.text:__TI_auto_init_nobinit_nopinit:__TI_auto_init_nobinit_nopinit)
                  0000249c    00000044                                   : getdevice.c.obj (.text:getdevice)
                  000024e0    00000038                                   : trgmsg.c.obj (.text:__TI_writemsg)
                  00002518    00000036                                   : strncpy.c.obj (.text:strncpy)
                  0000254e    00000002     --HOLE-- [fill = 0]
                  00002550    00000034                                   : fopen.c.obj (.text:__TI_cleanup)
                  00002584    00000034                                   : trgmsg.c.obj (.text:__TI_readmsg)
                  000025b8    00000034                                   : boot_cortex_m.c.obj (.text:_c_int00_noargs:_c_int00_noargs)
                  000025ec    00000034                                   : fopen.c.obj (.text:freopen)
                  00002620    00000030                                   : getdevice.c.obj (.text:finddevice)
                  00002650    0000002c                                   : unlink.c.obj (.text:unlink)
                  0000267c    00000028                                   : memory.c.obj (.text:free_list_insert)
                  000026a4    00000028                                   : write.c.obj (.text:write)
                  000026cc    00000024     CortexM.obj (.text)
                  000026f0    0000001c     rtsv7M4_T_le_v4SPD16_eabi.lib : copy_zero_init.c.obj (.text:decompress:ZI:__TI_zero_init_nomemset:__TI_zero_init_nomemset)
                  0000270c    0000001c                                   : memory.c.obj (.text:free_list_remove)
                  00002728    00000018                                   : strcmp.c.obj (.text:strcmp)
                  00002740    00000016                                   : strchr.c.obj (.text:strchr)
                  00002756    00000014                                   : strcpy.c.obj (.text:strcpy)
                  0000276a    00000014                                   : strlen.c.obj (.text:strlen)
                  0000277e    00000012     TimerA1.obj (.text)
                  00002790    0000000e     rtsv7M4_T_le_v4SPD16_eabi.lib : copy_decompress_none.c.obj (.text:decompress:none:__TI_decompress_none)
                  0000279e    0000000e     startup_msp432p401r_ccs.obj (.text)
                  000027ac    00000008     rtsv7M4_T_le_v4SPD16_eabi.lib : memory.c.obj (.text:malloc)
                  000027b4    00000006     Bump.obj (.text)
                  000027ba    00000004     rtsv7M4_T_le_v4SPD16_eabi.lib : pre_init.c.obj (.text:_system_pre_init)
                  000027be    00000004                                   : exit.c.obj (.text:abort:abort)

.cinit     0    000027c8    00000098     
                  000027c8    00000073     (.cinit..data.load) [load image, compression = lzss]
                  0000283b    00000001     --HOLE-- [fill = 0]
                  0000283c    0000000c     (__TI_handler_table)
                  00002848    00000008     (.cinit..bss.load) [load image, compression = zero_init]
                  00002850    00000010     (__TI_cinit_table)

.init_array 
*          0    00000000    00000000     UNINITIALIZED

.binit     0    00000000    00000000     

.sysmem    0    20000000    00000400     UNINITIALIZED
                  20000000    00000010     rtsv7M4_T_le_v4SPD16_eabi.lib : memory.c.obj (.sysmem)
                  20000010    000003f0     --HOLE--

.bss       0    20000400    0000033a     UNINITIALIZED
                  20000400    00000120     rtsv7M4_T_le_v4SPD16_eabi.lib : trgmsg.c.obj (.bss:_CIOBUF_)
                  20000520    00000100     (.common:TxHistogram)
                  20000620    000000a0     (.common:__TI_tmpnams)
                  200006c0    00000040     (.common:String)
                  20000700    00000008     (.common:Messageb)
                  20000708    00000008     (.common:Messagec)
                  20000710    00000008     (.common:parmbuf)
                  20000718    00000004     (.common:Elapsed)
                  2000071c    00000004     (.common:First)
                  20000720    00000004     (.common:MaxTime)
                  20000724    00000004     (.common:Messageindexb)
                  20000728    00000004     (.common:Messageindexc)
                  2000072c    00000004     (.common:NumErrors)
                  20000730    00000004     (.common:NumSuccess)
                  20000734    00000004     (.common:Size)
                  20000738    00000001     (.common:ReadData)
                  20000739    00000001     (.common:WriteData)

.data      0    2000073c    00000210     UNINITIALIZED
                  2000073c    000000f0     rtsv7M4_T_le_v4SPD16_eabi.lib : defs.c.obj (.data:_ftable)
                  2000082c    00000078                                   : host_device.c.obj (.data:_device)
                  200008a4    00000050                                   : host_device.c.obj (.data:_stream)
                  200008f4    00000018     Clock.obj (.data)
                  2000090c    00000010     rtsv7M4_T_le_v4SPD16_eabi.lib : defs.c.obj (.data)
                  2000091c    0000000c                                   : exit.c.obj (.data:$O1$$)
                  20000928    00000008                                   : _lock.c.obj (.data:$O1$$)
                  20000930    00000008                                   : memory.c.obj (.data:$O1$$)
                  20000938    00000004     Lab18_UARTmain.obj (.data)
                  2000093c    00000004     rtsv7M4_T_le_v4SPD16_eabi.lib : add_device.c.obj (.data)
                  20000940    00000004                                   : fopen.c.obj (.data)
                  20000944    00000004                                   : open.c.obj (.data)
                  20000948    00000004     system_msp432p401r.obj (.data)

.stack     0    2000fe00    00000200     UNINITIALIZED
                  2000fe00    00000004     rtsv7M4_T_le_v4SPD16_eabi.lib : boot_cortex_m.c.obj (.stack)
                  2000fe04    000001fc     --HOLE--

MODULE SUMMARY

       Module                        code   ro data   rw data
       ------                        ----   -------   -------
    .\
       UART0.obj                     1724   0         24     
       EUSCIA0.obj                   1462   0         24     
       Lab18_UARTmain.obj            1084   0         188    
       system_msp432p401r.obj        812    0         8      
       FIFO0.obj                     120    0         512    
       Clock.obj                     480    0         48     
       LaunchPad.obj                 244    0         0      
       startup_msp432p401r_ccs.obj   14     228       0      
       SysTick.obj                   108    0         0      
       Motor.obj                     68     0         0      
       CortexM.obj                   36     0         0      
       TimerA1.obj                   18     0         0      
       Bump.obj                      6      0         0      
    +--+-----------------------------+------+---------+---------+
       Total:                        6176   228       804    
                                                             
    C:\ti\ccs910\ccs\tools\compiler\ti-cgt-arm_18.12.2.LTS\lib\rtsv7M4_T_le_v4SPD16_eabi.lib
       defs.c.obj                    0      0         832    
       memory.c.obj                  676    0         16     
       trgmsg.c.obj                  108    0         576    
       fopen.c.obj                   528    0         8      
       host_device.c.obj             0      0         400    
       setvbuf.c.obj                 220    0         0      
       open.c.obj                    188    0         8      
       add_device.c.obj              184    0         8      
       memcpy_t2.asm.obj             156    0         0      
       memset_t2.asm.obj             122    0         0      
       fclose.c.obj                  116    0         0      
       getdevice.c.obj               116    0         0      
       hostopen.c.obj                96     0         16     
       copy_decompress_lzss.c.obj    104    0         0      
       hostlseek.c.obj               104    0         0      
       hostrename.c.obj              104    0         0      
       exit.c.obj                    76     0         24     
       close.c.obj                   92     0         0      
       hostread.c.obj                88     0         0      
       hostwrite.c.obj               88     0         0      
       fflush.c.obj                  76     0         0      
       autoinit.c.obj                68     0         0      
       hostclose.c.obj               68     0         0      
       hostunlink.c.obj              68     0         0      
       strncpy.c.obj                 54     0         0      
       boot_cortex_m.c.obj           52     0         0      
       unlink.c.obj                  44     0         0      
       write.c.obj                   40     0         0      
       copy_zero_init.c.obj          28     0         0      
       strcmp.c.obj                  24     0         0      
       strchr.c.obj                  22     0         0      
       strcpy.c.obj                  20     0         0      
       strlen.c.obj                  20     0         0      
       _lock.c.obj                   2      0         16     
       copy_decompress_none.c.obj    14     0         0      
       pre_init.c.obj                4      0         0      
    +--+-----------------------------+------+---------+---------+
       Total:                        3770   0         1904   
                                                             
       Heap:                         0      0         2048   
       Stack:                        0      0         1024   
       Linker Generated:             0      151       0      
    +--+-----------------------------+------+---------+---------+
       Grand Total:                  9946   379       5780   


LINKER GENERATED COPY TABLES

__TI_cinit_table @ 00002850 records: 2, size/record: 8, table size: 16
	.data: load addr=000027c8, load size=00000073 bytes, run addr=2000073c, run size=00000210 bytes, compression=lzss
	.bss: load addr=00002848, load size=00000008 bytes, run addr=20000400, run size=0000033a bytes, compression=zero_init


LINKER GENERATED HANDLER TABLE

__TI_handler_table @ 0000283c records: 3, size/record: 4, table size: 12
	index: 0, handler: __TI_decompress_lzss
	index: 1, handler: __TI_decompress_none
	index: 2, handler: __TI_zero_init


GLOBAL SYMBOLS: SORTED ALPHABETICALLY BY Name 

address   name                           
-------   ----                           
000027ab  ADC14_IRQHandler               
000027ab  AES256_IRQHandler              
000027b5  Bump_Init                      
000027b7  Bump_Read                      
000027ab  BusFault_Handler               
000027bf  C$$EXIT                        
0000250f  C$$IO$$                        
000027ab  COMP_E0_IRQHandler             
000027ab  COMP_E1_IRQHandler             
200008fc  CPMwait                        
000027ab  CS_IRQHandler                  
200008f4  ClockFrequency                 
00001615  Clock_Delay1ms                 
000015eb  Clock_Delay1us                 
000015d7  Clock_GetFreq                  
000014c1  Clock_Init48MHz                
20000908  Crystalstable                  
000027ab  DMA_ERR_IRQHandler             
000027ab  DMA_INT0_IRQHandler            
000027ab  DMA_INT1_IRQHandler            
000027ab  DMA_INT2_IRQHandler            
000027ab  DMA_INT3_IRQHandler            
000027ab  DebugMon_Handler               
000027ab  Default_Handler                
000026cd  DisableInterrupts              
00000831  EUSCIA0_IRQHandler             
00000831  EUSCIA0_IRQHandler             
00000805  EUSCIA0_InChar                 
00000ccd  EUSCIA0_InString               
00000885  EUSCIA0_InUDec                 
00000b81  EUSCIA0_InUHex                 
000007a1  EUSCIA0_Init                   
00000817  EUSCIA0_OutChar                
00000867  EUSCIA0_OutString              
00000909  EUSCIA0_OutUDec                
00000a99  EUSCIA0_OutUDec4               
00000ad1  EUSCIA0_OutUDec5               
00000b0d  EUSCIA0_OutUFix1               
00000b35  EUSCIA0_OutUFix2               
00000c49  EUSCIA0_OutUHex                
00000caf  EUSCIA0_OutUHex2               
00000c8d  EUSCIA0outnibble               
000027ab  EUSCIA1_IRQHandler             
000027ab  EUSCIA2_IRQHandler             
000027ab  EUSCIA3_IRQHandler             
000027ab  EUSCIB0_IRQHandler             
000027ab  EUSCIB1_IRQHandler             
000027ab  EUSCIB2_IRQHandler             
000027ab  EUSCIB3_IRQHandler             
20000718  Elapsed                        
000026d3  EnableInterrupts               
000026e3  EndCritical                    
000027ab  FLCTL_IRQHandler               
000027ab  FPU_IRQHandler                 
2000071c  First                          
0000238d  HOSTclose                      
00002055  HOSTlseek                      
0000218d  HOSTopen                       
00002249  HOSTread                       
000020bd  HOSTrename                     
000023d1  HOSTunlink                     
000022a1  HOSTwrite                      
000027ab  HardFault_Handler              
20000904  IFlags                         
000017ad  LaunchPad_Init                 
0000181d  LaunchPad_Input                
00001837  LaunchPad_LED                  
00001855  LaunchPad_Output               
20000720  MaxTime                        
000027ab  MemManage_Handler              
20000700  Messageb                       
20000708  Messagec                       
20000724  Messageindexb                  
20000728  Messageindexc                  
00002449  Motor_Backward                 
00002419  Motor_Forward                  
00002415  Motor_Init                     
00002439  Motor_Left                     
00002429  Motor_Right                    
00002417  Motor_Stop                     
000027ab  NMI_Handler                    
2000072c  NumErrors                      
20000730  NumSuccess                     
000027ab  PCM_IRQHandler                 
000027ab  PORT1_IRQHandler               
000027ab  PORT2_IRQHandler               
000027ab  PORT3_IRQHandler               
000027ab  PORT4_IRQHandler               
000027ab  PORT5_IRQHandler               
000027ab  PORT6_IRQHandler               
000027ab  PSS_IRQHandler                 
000027ab  PendSV_Handler                 
20000900  Postwait                       
200008f8  Prewait                        
00000db5  Program18_1                    
00000e23  Program18_2                    
00000edd  Program18_3                    
00000fc1  Program18_4                    
000027ab  RTC_C_IRQHandler               
00000d59  Random                         
20000738  ReadData                       
0000279f  Reset_Handler                  
00001f5f  RxFifo0_Get                    
00001f4f  RxFifo0_Init                   
00001f51  RxFifo0_Put                    
00001f6b  RxFifo0_Size                   
000027ab  SVC_Handler                    
20000734  Size                           
000026d9  StartCritical                  
200006c0  String                         
000027ab  SysTick_Handler                
00001fe9  SysTick_Init                   
00001ff9  SysTick_Wait                   
0000201f  SysTick_Wait10ms               
20000948  SystemCoreClock                
00001195  SystemCoreClockUpdate          
00001409  SystemInit                     
000027ab  T32_INT1_IRQHandler            
000027ab  T32_INT2_IRQHandler            
000027ab  T32_INTC_IRQHandler            
000027ab  TA0_0_IRQHandler               
000027ab  TA0_N_IRQHandler               
0000278f  TA1_0_IRQHandler               
0000278f  TA1_0_IRQHandler               
000027ab  TA1_N_IRQHandler               
000027ab  TA2_0_IRQHandler               
000027ab  TA2_N_IRQHandler               
000027ab  TA3_0_IRQHandler               
000027ab  TA3_N_IRQHandler               
00000d71  TestFifo                       
0000277f  TimerA1_Init                   
0000278d  TimerA1_Stop                   
00001f3f  TxFifo0_Get                    
00001efd  TxFifo0_Init                   
00001f25  TxFifo0_Put                    
00001f4b  TxFifo0_Size                   
20000520  TxHistogram                    
0000012b  UART0_InChar                   
000005b5  UART0_InString                 
00000175  UART0_InUDec                   
00000469  UART0_InUHex                   
000000e5  UART0_Init                     
00000715  UART0_Initprintf               
0000013b  UART0_OutChar                  
00000157  UART0_OutString                
000001f9  UART0_OutUDec                  
00000365  UART0_OutUDec4                 
000003b9  UART0_OutUDec5                 
000003f5  UART0_OutUFix1                 
0000041d  UART0_OutUFix2                 
0000052d  UART0_OutUHex                  
00000599  UART0_OutUHex2                 
000027ab  UsageFault_Handler             
4000480c  WDTCTL_SYM                     
000027ab  WDT_A_IRQHandler               
000026eb  WaitForInterrupt               
20000739  WriteData                      
20000400  __CIOBUF_                      
20010000  __STACK_END                    
00000200  __STACK_SIZE                   
00000400  __SYSMEM_SIZE                  
00002850  __TI_CINIT_Base                
00002860  __TI_CINIT_Limit               
0000283c  __TI_Handler_Table_Base        
00002848  __TI_Handler_Table_Limit       
00002459  __TI_auto_init_nobinit_nopinit 
00002551  __TI_cleanup                   
2000091c  __TI_cleanup_ptr               
00001f75  __TI_closefile                 
00002125  __TI_decompress_lzss           
00002791  __TI_decompress_none           
000022f9  __TI_doflush                   
20000920  __TI_dtors_ptr                 
20000924  __TI_enable_exit_profile_output
2000090c  __TI_ft_end                    
ffffffff  __TI_pprof_out_hndl            
ffffffff  __TI_prof_data_size            
ffffffff  __TI_prof_data_start           
00002585  __TI_readmsg                   
00000000  __TI_static_base__             
20000620  __TI_tmpnams                   
000024e1  __TI_writemsg                  
000026f1  __TI_zero_init_nomemset        
00001e81  __aeabi_memclr                 
00001e81  __aeabi_memclr4                
00001e81  __aeabi_memclr8                
00001d69  __aeabi_memcpy                 
00001d69  __aeabi_memcpy4                
00001d69  __aeabi_memcpy8                
00001e83  __aeabi_memset                 
00001e83  __aeabi_memset4                
00001e83  __aeabi_memset8                
20000918  __aeabi_stderr                 
20000910  __aeabi_stdin                  
20000914  __aeabi_stdout                 
ffffffff  __binit__                      
ffffffff  __c_args__                     
UNDEFED   __mpu_init                     
2000fe00  __stack                        
000025b9  _c_int00_noargs                
2000082c  _device                        
2000073c  _ftable                        
20000928  _lock                          
00000d57  _nop                           
200008a4  _stream                        
20000000  _sys_memory                    
UNDEFED   _system_post_cinit             
000027bb  _system_pre_init               
2000092c  _unlock                        
000027bf  abort                          
00001c15  add_device                     
000018a1  aligned_alloc                  
ffffffff  binit                          
000021ed  close                          
000015dd  delay                          
00002345  exit                           
0000064f  ferror                         
0000062f  fgetc                          
00002621  finddevice                     
00001ccd  fopen                          
00001995  free                           
000025ed  freopen                        
0000249d  getdevice                      
00000000  interruptVectors               
000010b9  main                           
000027ad  malloc                         
000018a1  memalign                       
00001d69  memcpy                         
00001e89  memset                         
00001b59  open                           
00000571  outnibble                      
20000710  parmbuf                        
00002651  remove                         
00001a7d  setvbuf                        
00002741  strchr                         
00002729  strcmp                         
00002757  strcpy                         
0000276b  strlen                         
00002519  strncpy                        
0000066d  uart_close                     
000006eb  uart_lseek                     
0000065d  uart_open                      
0000067f  uart_read                      
00000707  uart_rename                    
000006fb  uart_unlink                    
000006a9  uart_write                     
00002651  unlink                         
000026a5  write                          


GLOBAL SYMBOLS: SORTED BY Symbol Address 

address   name                           
-------   ----                           
00000000  __TI_static_base__             
00000000  interruptVectors               
000000e5  UART0_Init                     
0000012b  UART0_InChar                   
0000013b  UART0_OutChar                  
00000157  UART0_OutString                
00000175  UART0_InUDec                   
000001f9  UART0_OutUDec                  
00000200  __STACK_SIZE                   
00000365  UART0_OutUDec4                 
000003b9  UART0_OutUDec5                 
000003f5  UART0_OutUFix1                 
00000400  __SYSMEM_SIZE                  
0000041d  UART0_OutUFix2                 
00000469  UART0_InUHex                   
0000052d  UART0_OutUHex                  
00000571  outnibble                      
00000599  UART0_OutUHex2                 
000005b5  UART0_InString                 
0000062f  fgetc                          
0000064f  ferror                         
0000065d  uart_open                      
0000066d  uart_close                     
0000067f  uart_read                      
000006a9  uart_write                     
000006eb  uart_lseek                     
000006fb  uart_unlink                    
00000707  uart_rename                    
00000715  UART0_Initprintf               
000007a1  EUSCIA0_Init                   
00000805  EUSCIA0_InChar                 
00000817  EUSCIA0_OutChar                
00000831  EUSCIA0_IRQHandler             
00000831  EUSCIA0_IRQHandler             
00000867  EUSCIA0_OutString              
00000885  EUSCIA0_InUDec                 
00000909  EUSCIA0_OutUDec                
00000a99  EUSCIA0_OutUDec4               
00000ad1  EUSCIA0_OutUDec5               
00000b0d  EUSCIA0_OutUFix1               
00000b35  EUSCIA0_OutUFix2               
00000b81  EUSCIA0_InUHex                 
00000c49  EUSCIA0_OutUHex                
00000c8d  EUSCIA0outnibble               
00000caf  EUSCIA0_OutUHex2               
00000ccd  EUSCIA0_InString               
00000d57  _nop                           
00000d59  Random                         
00000d71  TestFifo                       
00000db5  Program18_1                    
00000e23  Program18_2                    
00000edd  Program18_3                    
00000fc1  Program18_4                    
000010b9  main                           
00001195  SystemCoreClockUpdate          
00001409  SystemInit                     
000014c1  Clock_Init48MHz                
000015d7  Clock_GetFreq                  
000015dd  delay                          
000015eb  Clock_Delay1us                 
00001615  Clock_Delay1ms                 
000017ad  LaunchPad_Init                 
0000181d  LaunchPad_Input                
00001837  LaunchPad_LED                  
00001855  LaunchPad_Output               
000018a1  aligned_alloc                  
000018a1  memalign                       
00001995  free                           
00001a7d  setvbuf                        
00001b59  open                           
00001c15  add_device                     
00001ccd  fopen                          
00001d69  __aeabi_memcpy                 
00001d69  __aeabi_memcpy4                
00001d69  __aeabi_memcpy8                
00001d69  memcpy                         
00001e81  __aeabi_memclr                 
00001e81  __aeabi_memclr4                
00001e81  __aeabi_memclr8                
00001e83  __aeabi_memset                 
00001e83  __aeabi_memset4                
00001e83  __aeabi_memset8                
00001e89  memset                         
00001efd  TxFifo0_Init                   
00001f25  TxFifo0_Put                    
00001f3f  TxFifo0_Get                    
00001f4b  TxFifo0_Size                   
00001f4f  RxFifo0_Init                   
00001f51  RxFifo0_Put                    
00001f5f  RxFifo0_Get                    
00001f6b  RxFifo0_Size                   
00001f75  __TI_closefile                 
00001fe9  SysTick_Init                   
00001ff9  SysTick_Wait                   
0000201f  SysTick_Wait10ms               
00002055  HOSTlseek                      
000020bd  HOSTrename                     
00002125  __TI_decompress_lzss           
0000218d  HOSTopen                       
000021ed  close                          
00002249  HOSTread                       
000022a1  HOSTwrite                      
000022f9  __TI_doflush                   
00002345  exit                           
0000238d  HOSTclose                      
000023d1  HOSTunlink                     
00002415  Motor_Init                     
00002417  Motor_Stop                     
00002419  Motor_Forward                  
00002429  Motor_Right                    
00002439  Motor_Left                     
00002449  Motor_Backward                 
00002459  __TI_auto_init_nobinit_nopinit 
0000249d  getdevice                      
000024e1  __TI_writemsg                  
0000250f  C$$IO$$                        
00002519  strncpy                        
00002551  __TI_cleanup                   
00002585  __TI_readmsg                   
000025b9  _c_int00_noargs                
000025ed  freopen                        
00002621  finddevice                     
00002651  remove                         
00002651  unlink                         
000026a5  write                          
000026cd  DisableInterrupts              
000026d3  EnableInterrupts               
000026d9  StartCritical                  
000026e3  EndCritical                    
000026eb  WaitForInterrupt               
000026f1  __TI_zero_init_nomemset        
00002729  strcmp                         
00002741  strchr                         
00002757  strcpy                         
0000276b  strlen                         
0000277f  TimerA1_Init                   
0000278d  TimerA1_Stop                   
0000278f  TA1_0_IRQHandler               
0000278f  TA1_0_IRQHandler               
00002791  __TI_decompress_none           
0000279f  Reset_Handler                  
000027ab  ADC14_IRQHandler               
000027ab  AES256_IRQHandler              
000027ab  BusFault_Handler               
000027ab  COMP_E0_IRQHandler             
000027ab  COMP_E1_IRQHandler             
000027ab  CS_IRQHandler                  
000027ab  DMA_ERR_IRQHandler             
000027ab  DMA_INT0_IRQHandler            
000027ab  DMA_INT1_IRQHandler            
000027ab  DMA_INT2_IRQHandler            
000027ab  DMA_INT3_IRQHandler            
000027ab  DebugMon_Handler               
000027ab  Default_Handler                
000027ab  EUSCIA1_IRQHandler             
000027ab  EUSCIA2_IRQHandler             
000027ab  EUSCIA3_IRQHandler             
000027ab  EUSCIB0_IRQHandler             
000027ab  EUSCIB1_IRQHandler             
000027ab  EUSCIB2_IRQHandler             
000027ab  EUSCIB3_IRQHandler             
000027ab  FLCTL_IRQHandler               
000027ab  FPU_IRQHandler                 
000027ab  HardFault_Handler              
000027ab  MemManage_Handler              
000027ab  NMI_Handler                    
000027ab  PCM_IRQHandler                 
000027ab  PORT1_IRQHandler               
000027ab  PORT2_IRQHandler               
000027ab  PORT3_IRQHandler               
000027ab  PORT4_IRQHandler               
000027ab  PORT5_IRQHandler               
000027ab  PORT6_IRQHandler               
000027ab  PSS_IRQHandler                 
000027ab  PendSV_Handler                 
000027ab  RTC_C_IRQHandler               
000027ab  SVC_Handler                    
000027ab  SysTick_Handler                
000027ab  T32_INT1_IRQHandler            
000027ab  T32_INT2_IRQHandler            
000027ab  T32_INTC_IRQHandler            
000027ab  TA0_0_IRQHandler               
000027ab  TA0_N_IRQHandler               
000027ab  TA1_N_IRQHandler               
000027ab  TA2_0_IRQHandler               
000027ab  TA2_N_IRQHandler               
000027ab  TA3_0_IRQHandler               
000027ab  TA3_N_IRQHandler               
000027ab  UsageFault_Handler             
000027ab  WDT_A_IRQHandler               
000027ad  malloc                         
000027b5  Bump_Init                      
000027b7  Bump_Read                      
000027bb  _system_pre_init               
000027bf  C$$EXIT                        
000027bf  abort                          
0000283c  __TI_Handler_Table_Base        
00002848  __TI_Handler_Table_Limit       
00002850  __TI_CINIT_Base                
00002860  __TI_CINIT_Limit               
20000000  _sys_memory                    
20000400  __CIOBUF_                      
20000520  TxHistogram                    
20000620  __TI_tmpnams                   
200006c0  String                         
20000700  Messageb                       
20000708  Messagec                       
20000710  parmbuf                        
20000718  Elapsed                        
2000071c  First                          
20000720  MaxTime                        
20000724  Messageindexb                  
20000728  Messageindexc                  
2000072c  NumErrors                      
20000730  NumSuccess                     
20000734  Size                           
20000738  ReadData                       
20000739  WriteData                      
2000073c  _ftable                        
2000082c  _device                        
200008a4  _stream                        
200008f4  ClockFrequency                 
200008f8  Prewait                        
200008fc  CPMwait                        
20000900  Postwait                       
20000904  IFlags                         
20000908  Crystalstable                  
2000090c  __TI_ft_end                    
20000910  __aeabi_stdin                  
20000914  __aeabi_stdout                 
20000918  __aeabi_stderr                 
2000091c  __TI_cleanup_ptr               
20000920  __TI_dtors_ptr                 
20000924  __TI_enable_exit_profile_output
20000928  _lock                          
2000092c  _unlock                        
20000948  SystemCoreClock                
2000fe00  __stack                        
20010000  __STACK_END                    
4000480c  WDTCTL_SYM                     
ffffffff  __TI_pprof_out_hndl            
ffffffff  __TI_prof_data_size            
ffffffff  __TI_prof_data_start           
ffffffff  __binit__                      
ffffffff  __c_args__                     
ffffffff  binit                          
UNDEFED   __mpu_init                     
UNDEFED   _system_post_cinit             

[248 symbols]
