******************************************************************************
                  TI ARM Linker PC v16.9.0                     
******************************************************************************
>> Linked Fri Jul 07 07:46:57 2017

OUTPUT FILE NAME:   <Lab_SysTick.out>
ENTRY POINT SYMBOL: "_c_int00"  address: 000012e1


MEMORY CONFIGURATION

         name            origin    length      used     unused   attr    fill
----------------------  --------  ---------  --------  --------  ----  --------
  MAIN                  00000000   00040000  000017b2  0003e84e  R  X
  INFO                  00200000   00004000  00000000  00004000  R  X
  SRAM_CODE             01000000   00010000  00000251  0000fdaf  RW X
  SRAM_DATA             20000000   00010000  00000251  0000fdaf  RW  


SEGMENT ALLOCATION MAP

run origin  load origin   length   init length attrs members
----------  ----------- ---------- ----------- ----- -------
00000000    00000000    000017b8   000017b8    r-x
  00000000    00000000    000000e4   000000e4    r-- .intvecs
  000000e4    000000e4    0000136e   0000136e    r-x .text
  00001454    00001454    00000320   00000320    r-- .const
  00001778    00001778    00000040   00000040    r-- .cinit
20000000    20000000    00000051   00000000    rw-
  20000000    20000000    00000040   00000000    rw- .data
  20000040    20000040    00000011   00000000    rw- .bss
2000fe00    2000fe00    00000200   00000000    rw-
  2000fe00    2000fe00    00000200   00000000    rw- .stack


SECTION ALLOCATION MAP

 output                                  attributes/
section   page    origin      length       input sections
--------  ----  ----------  ----------   ----------------
.intvecs   0    00000000    000000e4     
                  00000000    000000e4     startup_msp432p401r_ccs.obj (.intvecs:retain)

.binit     0    00000000    00000000     

.text      0    000000e4    0000136e     
                  000000e4    00000560     Texas.obj (.text)
                  00000644    00000440     main.obj (.text)
                  00000a84    0000032c     system_msp432p401r.obj (.text)
                  00000db0    000001e0     Clock.obj (.text)
                  00000f90    000000f4     LaunchPad.obj (.text)
                  00001084    0000009c     rtsv7M4_T_le_v4SPD16_eabi.lib : memcpy_t2.obj (.text)
                  00001120    0000007a                                   : memset_t2.obj (.text)
                  0000119a    00000002                                   : mpu_init.obj (.text)
                  0000119c    00000070                                   : autoinit.obj (.text)
                  0000120c    0000006c     SysTick.obj (.text)
                  00001278    00000068     rtsv7M4_T_le_v4SPD16_eabi.lib : copy_decompress_lzss.obj (.text:decompress:lzss)
                  000012e0    00000054                                   : boot.obj (.text)
                  00001334    00000054                                   : exit.obj (.text)
                  00001388    0000004c                                   : cpy_tbl.obj (.text)
                  000013d4    00000024     CortexM.obj (.text)
                  000013f8    00000018     rtsv7M4_T_le_v4SPD16_eabi.lib : args_main.obj (.text)
                  00001410    00000014                                   : _lock.obj (.text)
                  00001424    0000000e                                   : copy_decompress_none.obj (.text:decompress:none)
                  00001432    0000000e     startup_msp432p401r_ccs.obj (.text)
                  00001440    0000000c     rtsv7M4_T_le_v4SPD16_eabi.lib : copy_zero_init.obj (.text:decompress:ZI)
                  0000144c    00000004                                   : pre_init.obj (.text)
                  00001450    00000002                                   : startup.obj (.text)

.const     0    00001454    00000320     
                  00001454    00000190     main.obj (.const:DutyBuf)
                  000015e4    00000190     main.obj (.const:PulseBuf)

.cinit     0    00001778    00000040     
                  00001778    00000017     (.cinit..data.load) [load image, compression = lzss]
                  0000178f    00000001     --HOLE-- [fill = 0]
                  00001790    0000000c     (__TI_handler_table)
                  0000179c    00000004     --HOLE-- [fill = 0]
                  000017a0    00000008     (.cinit..bss.load) [load image, compression = zero_init]
                  000017a8    00000010     (__TI_cinit_table)

.init_array 
*          0    00000000    00000000     UNINITIALIZED

.data      0    20000000    00000040     UNINITIALIZED
                  20000000    00000018     Clock.obj (.data)
                  20000018    0000000c     rtsv7M4_T_le_v4SPD16_eabi.lib : exit.obj (.data:$O1$$)
                  20000024    0000000c     Texas.obj (.data)
                  20000030    00000008     rtsv7M4_T_le_v4SPD16_eabi.lib : _lock.obj (.data:$O1$$)
                  20000038    00000004                                   : stkdepth_vars.obj (.data)
                  2000003c    00000004     system_msp432p401r.obj (.data)

.bss       0    20000040    00000011     UNINITIALIZED
                  20000040    00000004     (.common:H)
                  20000044    00000004     (.common:L)
                  20000048    00000004     (.common:PeriodicTask2)
                  2000004c    00000004     (.common:time)
                  20000050    00000001     (.common:LogicData)

.stack     0    2000fe00    00000200     UNINITIALIZED
                  2000fe00    00000200     --HOLE--

MODULE SUMMARY

       Module                        code   ro data   rw data
       ------                        ----   -------   -------
    .\
       main.obj                      1088   800       24     
       Texas.obj                     1376   0         34     
       system_msp432p401r.obj        812    0         8      
       Clock.obj                     480    0         48     
       LaunchPad.obj                 244    0         0      
       startup_msp432p401r_ccs.obj   14     228       0      
       SysTick.obj                   108    0         0      
       CortexM.obj                   36     0         0      
    +--+-----------------------------+------+---------+---------+
       Total:                        4158   1028      114    
                                                             
    C:\ti\ccsv7\tools\compiler\ti-cgt-arm_16.9.0.LTS\lib\rtsv7M4_T_le_v4SPD16_eabi.lib
       memcpy_t2.obj                 156    0         0      
       memset_t2.obj                 122    0         0      
       autoinit.obj                  112    0         0      
       exit.obj                      84     0         24     
       copy_decompress_lzss.obj      104    0         0      
       boot.obj                      84     0         0      
       cpy_tbl.obj                   76     0         0      
       _lock.obj                     20     0         16     
       args_main.obj                 24     0         0      
       copy_decompress_none.obj      14     0         0      
       copy_zero_init.obj            12     0         0      
       stkdepth_vars.obj             0      0         8      
       pre_init.obj                  4      0         0      
       mpu_init.obj                  2      0         0      
       startup.obj                   2      0         0      
    +--+-----------------------------+------+---------+---------+
       Total:                        816    0         48     
                                                             
       Stack:                        0      0         1024   
       Linker Generated:             0      59        0      
    +--+-----------------------------+------+---------+---------+
       Grand Total:                  4974   1087      1186   


LINKER GENERATED COPY TABLES

__TI_cinit_table @ 000017a8 records: 2, size/record: 8, table size: 16
	.data: load addr=00001778, load size=00000017 bytes, run addr=20000000, run size=00000040 bytes, compression=lzss
	.bss: load addr=000017a0, load size=00000008 bytes, run addr=20000040, run size=00000011 bytes, compression=zero_init


LINKER GENERATED HANDLER TABLE

__TI_handler_table @ 00001790 records: 3, size/record: 4, table size: 12
	index: 0, handler: __TI_decompress_lzss
	index: 1, handler: __TI_decompress_none
	index: 2, handler: __TI_zero_init


GLOBAL SYMBOLS: SORTED ALPHABETICALLY BY Name 

address   name                           
-------   ----                           
0000143f  ADC14_IRQHandler               
00000425  ADC_Init                       
0000143f  AES256_IRQHandler              
0000143f  BusFault_Handler               
00001335  C$$EXIT                        
0000143f  COMP_E0_IRQHandler             
0000143f  COMP_E1_IRQHandler             
20000008  CPMwait                        
0000143f  CS_IRQHandler                  
20000000  ClockFrequency                 
00000f05  Clock_Delay1ms                 
00000edb  Clock_Delay1us                 
00000ec7  Clock_GetFreq                  
00000db1  Clock_Init48MHz                
20000014  Crystalstable                  
0000143f  DMA_ERR_IRQHandler             
0000143f  DMA_INT0_IRQHandler            
0000143f  DMA_INT1_IRQHandler            
0000143f  DMA_INT2_IRQHandler            
0000143f  DMA_INT3_IRQHandler            
0000143f  DebugMon_Handler               
0000143f  Default_Handler                
000013d5  DisableInterrupts              
00001454  DutyBuf                        
0000143f  EUSCIA0_IRQHandler             
0000143f  EUSCIA1_IRQHandler             
0000143f  EUSCIA2_IRQHandler             
0000143f  EUSCIA3_IRQHandler             
0000143f  EUSCIB0_IRQHandler             
0000143f  EUSCIB1_IRQHandler             
0000143f  EUSCIB2_IRQHandler             
0000143f  EUSCIB3_IRQHandler             
000013db  EnableInterrupts               
000013eb  EndCritical                    
0000143f  FLCTL_IRQHandler               
0000143f  FPU_IRQHandler                 
20000040  H                              
0000143f  HardFault_Handler              
20000010  IFlags                         
20000044  L                              
00000f91  LaunchPad_Init                 
00001001  LaunchPad_Input                
0000101b  LaunchPad_LED                  
00001039  LaunchPad_Output               
000000e5  LogicAnalyzer                  
000000ef  LogicAnalyzer_P1               
000000fd  LogicAnalyzer_P2               
0000010b  LogicAnalyzer_P2_7654          
0000011b  LogicAnalyzer_P3               
00000129  LogicAnalyzer_P4               
00000137  LogicAnalyzer_P5               
00000145  LogicAnalyzer_P6               
00000153  LogicAnalyzer_P7               
20000050  LogicData                      
0000143f  MemManage_Handler              
0000143f  NMI_Handler                    
0000143f  PCM_IRQHandler                 
0000143f  PORT1_IRQHandler               
0000143f  PORT2_IRQHandler               
0000143f  PORT3_IRQHandler               
0000143f  PORT4_IRQHandler               
0000143f  PORT5_IRQHandler               
0000143f  PORT6_IRQHandler               
0000143f  PSS_IRQHandler                 
0000143f  PendSV_Handler                 
20000048  PeriodicTask2                  
000001e5  PeriodicTask2_Init             
00000285  PeriodicTask2_Stop             
2000000c  Postwait                       
20000004  Prewait                        
0000066b  Program9_1                     
000006a5  Program9_2                     
000015e4  PulseBuf                       
0000143f  RTC_C_IRQHandler               
00001433  Reset_Handler                  
UNDEFED   SHT$$INIT_ARRAY$$Base          
UNDEFED   SHT$$INIT_ARRAY$$Limit         
0000143f  SVC_Handler                    
00000161  Scope                          
000013e1  StartCritical                  
0000143f  SysTick_Handler                
0000120d  SysTick_Init                   
0000121d  SysTick_Wait                   
00001243  SysTick_Wait10ms               
00000645  SysTick_Wait1us                
2000003c  SystemCoreClock                
00000a85  SystemCoreClockUpdate          
00000cf9  SystemInit                     
0000143f  T32_INT1_IRQHandler            
0000143f  T32_INT2_IRQHandler            
0000143f  T32_INTC_IRQHandler            
0000143f  TA0_0_IRQHandler               
0000143f  TA0_N_IRQHandler               
0000143f  TA1_0_IRQHandler               
0000143f  TA1_N_IRQHandler               
0000143f  TA2_0_IRQHandler               
0000143f  TA2_N_IRQHandler               
00000271  TA3_0_IRQHandler               
00000271  TA3_0_IRQHandler               
0000143f  TA3_N_IRQHandler               
000003cb  TExaS_Clear0                   
000003d7  TExaS_Clear1                   
000003e3  TExaS_Clear2                   
000003ef  TExaS_Clear3                   
000003fb  TExaS_Clear4                   
000003fd  TExaS_Clear5                   
00000409  TExaS_Clear6                   
000004d9  TExaS_Init                     
20000028  TExaS_ScopeErrConflict         
20000024  TExaS_ScopeErrLostData         
2000002c  TExaS_ScopeWrnReconfig         
00000369  TExaS_Set                      
00000381  TExaS_Set0                     
0000038d  TExaS_Set1                     
00000399  TExaS_Set2                     
000003a5  TExaS_Set3                     
000003b1  TExaS_Set4                     
000003b3  TExaS_Set5                     
000003bf  TExaS_Set6                     
000005cb  TExaS_Stop                     
0000031f  TExaS_Task0                    
0000032b  TExaS_Task1                    
00000337  TExaS_Task2                    
00000343  TExaS_Task3                    
0000034f  TExaS_Task4                    
00000351  TExaS_Task5                    
0000035d  TExaS_Task6                    
000002f3  UART_InChar                    
00000299  UART_Init                      
00000303  UART_OutChar                   
0000143f  UsageFault_Handler             
4000480c  WDTCTL_SYM                     
0000143f  WDT_A_IRQHandler               
000013f3  WaitForInterrupt               
20010000  __STACK_END                    
00000200  __STACK_SIZE                   
000017a8  __TI_CINIT_Base                
000017b8  __TI_CINIT_Limit               
00001790  __TI_Handler_Table_Base        
0000179c  __TI_Handler_Table_Limit       
0000119d  __TI_auto_init                 
20000018  __TI_cleanup_ptr               
00001279  __TI_decompress_lzss           
00001425  __TI_decompress_none           
2000001c  __TI_dtors_ptr                 
20000020  __TI_enable_exit_profile_output
ffffffff  __TI_pprof_out_hndl            
ffffffff  __TI_prof_data_size            
ffffffff  __TI_prof_data_start           
00000000  __TI_static_base__             
00001441  __TI_zero_init                 
00001121  __aeabi_memclr                 
00001121  __aeabi_memclr4                
00001121  __aeabi_memclr8                
00001085  __aeabi_memcpy                 
00001085  __aeabi_memcpy4                
00001085  __aeabi_memcpy8                
00001123  __aeabi_memset                 
00001123  __aeabi_memset4                
00001123  __aeabi_memset8                
ffffffff  __binit__                      
ffffffff  __c_args__                     
0000119b  __mpu_init                     
2000fe00  __stack                        
000013f9  _args_main                     
000012e1  _c_int00                       
20000030  _lock                          
0000141f  _nop                           
00001417  _register_lock                 
00001411  _register_unlock               
00001451  _system_post_cinit             
0000144d  _system_pre_init               
20000034  _unlock                        
00001339  abort                          
ffffffff  binit                          
00001389  copy_in                        
00000ecd  delay                          
00001341  exit                           
00000000  interruptVectors               
00000a45  main                           
00000705  main1                          
000007ad  main3                          
00000849  main4                          
00000929  main5                          
20000038  main_func_sp                   
00001085  memcpy                         
00001129  memset                         
2000004c  time                           


GLOBAL SYMBOLS: SORTED BY Symbol Address 

address   name                           
-------   ----                           
00000000  __TI_static_base__             
00000000  interruptVectors               
000000e5  LogicAnalyzer                  
000000ef  LogicAnalyzer_P1               
000000fd  LogicAnalyzer_P2               
0000010b  LogicAnalyzer_P2_7654          
0000011b  LogicAnalyzer_P3               
00000129  LogicAnalyzer_P4               
00000137  LogicAnalyzer_P5               
00000145  LogicAnalyzer_P6               
00000153  LogicAnalyzer_P7               
00000161  Scope                          
000001e5  PeriodicTask2_Init             
00000200  __STACK_SIZE                   
00000271  TA3_0_IRQHandler               
00000271  TA3_0_IRQHandler               
00000285  PeriodicTask2_Stop             
00000299  UART_Init                      
000002f3  UART_InChar                    
00000303  UART_OutChar                   
0000031f  TExaS_Task0                    
0000032b  TExaS_Task1                    
00000337  TExaS_Task2                    
00000343  TExaS_Task3                    
0000034f  TExaS_Task4                    
00000351  TExaS_Task5                    
0000035d  TExaS_Task6                    
00000369  TExaS_Set                      
00000381  TExaS_Set0                     
0000038d  TExaS_Set1                     
00000399  TExaS_Set2                     
000003a5  TExaS_Set3                     
000003b1  TExaS_Set4                     
000003b3  TExaS_Set5                     
000003bf  TExaS_Set6                     
000003cb  TExaS_Clear0                   
000003d7  TExaS_Clear1                   
000003e3  TExaS_Clear2                   
000003ef  TExaS_Clear3                   
000003fb  TExaS_Clear4                   
000003fd  TExaS_Clear5                   
00000409  TExaS_Clear6                   
00000425  ADC_Init                       
000004d9  TExaS_Init                     
000005cb  TExaS_Stop                     
00000645  SysTick_Wait1us                
0000066b  Program9_1                     
000006a5  Program9_2                     
00000705  main1                          
000007ad  main3                          
00000849  main4                          
00000929  main5                          
00000a45  main                           
00000a85  SystemCoreClockUpdate          
00000cf9  SystemInit                     
00000db1  Clock_Init48MHz                
00000ec7  Clock_GetFreq                  
00000ecd  delay                          
00000edb  Clock_Delay1us                 
00000f05  Clock_Delay1ms                 
00000f91  LaunchPad_Init                 
00001001  LaunchPad_Input                
0000101b  LaunchPad_LED                  
00001039  LaunchPad_Output               
00001085  __aeabi_memcpy                 
00001085  __aeabi_memcpy4                
00001085  __aeabi_memcpy8                
00001085  memcpy                         
00001121  __aeabi_memclr                 
00001121  __aeabi_memclr4                
00001121  __aeabi_memclr8                
00001123  __aeabi_memset                 
00001123  __aeabi_memset4                
00001123  __aeabi_memset8                
00001129  memset                         
0000119b  __mpu_init                     
0000119d  __TI_auto_init                 
0000120d  SysTick_Init                   
0000121d  SysTick_Wait                   
00001243  SysTick_Wait10ms               
00001279  __TI_decompress_lzss           
000012e1  _c_int00                       
00001335  C$$EXIT                        
00001339  abort                          
00001341  exit                           
00001389  copy_in                        
000013d5  DisableInterrupts              
000013db  EnableInterrupts               
000013e1  StartCritical                  
000013eb  EndCritical                    
000013f3  WaitForInterrupt               
000013f9  _args_main                     
00001411  _register_unlock               
00001417  _register_lock                 
0000141f  _nop                           
00001425  __TI_decompress_none           
00001433  Reset_Handler                  
0000143f  ADC14_IRQHandler               
0000143f  AES256_IRQHandler              
0000143f  BusFault_Handler               
0000143f  COMP_E0_IRQHandler             
0000143f  COMP_E1_IRQHandler             
0000143f  CS_IRQHandler                  
0000143f  DMA_ERR_IRQHandler             
0000143f  DMA_INT0_IRQHandler            
0000143f  DMA_INT1_IRQHandler            
0000143f  DMA_INT2_IRQHandler            
0000143f  DMA_INT3_IRQHandler            
0000143f  DebugMon_Handler               
0000143f  Default_Handler                
0000143f  EUSCIA0_IRQHandler             
0000143f  EUSCIA1_IRQHandler             
0000143f  EUSCIA2_IRQHandler             
0000143f  EUSCIA3_IRQHandler             
0000143f  EUSCIB0_IRQHandler             
0000143f  EUSCIB1_IRQHandler             
0000143f  EUSCIB2_IRQHandler             
0000143f  EUSCIB3_IRQHandler             
0000143f  FLCTL_IRQHandler               
0000143f  FPU_IRQHandler                 
0000143f  HardFault_Handler              
0000143f  MemManage_Handler              
0000143f  NMI_Handler                    
0000143f  PCM_IRQHandler                 
0000143f  PORT1_IRQHandler               
0000143f  PORT2_IRQHandler               
0000143f  PORT3_IRQHandler               
0000143f  PORT4_IRQHandler               
0000143f  PORT5_IRQHandler               
0000143f  PORT6_IRQHandler               
0000143f  PSS_IRQHandler                 
0000143f  PendSV_Handler                 
0000143f  RTC_C_IRQHandler               
0000143f  SVC_Handler                    
0000143f  SysTick_Handler                
0000143f  T32_INT1_IRQHandler            
0000143f  T32_INT2_IRQHandler            
0000143f  T32_INTC_IRQHandler            
0000143f  TA0_0_IRQHandler               
0000143f  TA0_N_IRQHandler               
0000143f  TA1_0_IRQHandler               
0000143f  TA1_N_IRQHandler               
0000143f  TA2_0_IRQHandler               
0000143f  TA2_N_IRQHandler               
0000143f  TA3_N_IRQHandler               
0000143f  UsageFault_Handler             
0000143f  WDT_A_IRQHandler               
00001441  __TI_zero_init                 
0000144d  _system_pre_init               
00001451  _system_post_cinit             
00001454  DutyBuf                        
000015e4  PulseBuf                       
00001790  __TI_Handler_Table_Base        
0000179c  __TI_Handler_Table_Limit       
000017a8  __TI_CINIT_Base                
000017b8  __TI_CINIT_Limit               
20000000  ClockFrequency                 
20000004  Prewait                        
20000008  CPMwait                        
2000000c  Postwait                       
20000010  IFlags                         
20000014  Crystalstable                  
20000018  __TI_cleanup_ptr               
2000001c  __TI_dtors_ptr                 
20000020  __TI_enable_exit_profile_output
20000024  TExaS_ScopeErrLostData         
20000028  TExaS_ScopeErrConflict         
2000002c  TExaS_ScopeWrnReconfig         
20000030  _lock                          
20000034  _unlock                        
20000038  main_func_sp                   
2000003c  SystemCoreClock                
20000040  H                              
20000044  L                              
20000048  PeriodicTask2                  
2000004c  time                           
20000050  LogicData                      
2000fe00  __stack                        
20010000  __STACK_END                    
4000480c  WDTCTL_SYM                     
ffffffff  __TI_pprof_out_hndl            
ffffffff  __TI_prof_data_size            
ffffffff  __TI_prof_data_start           
ffffffff  __binit__                      
ffffffff  __c_args__                     
ffffffff  binit                          
UNDEFED   SHT$$INIT_ARRAY$$Base          
UNDEFED   SHT$$INIT_ARRAY$$Limit         

[188 symbols]
