******************************************************************************
                  TI ARM Linker PC v18.12.2                    
******************************************************************************
>> Linked Wed Aug 28 15:13:38 2019

OUTPUT FILE NAME:   <Lab09_SysTick.out>
ENTRY POINT SYMBOL: "_c_int00_noargs"  address: 00000f9d


MEMORY CONFIGURATION

         name            origin    length      used     unused   attr    fill
----------------------  --------  ---------  --------  --------  ----  --------
  MAIN                  00000000   00040000  0000106c  0003ef94  R  X
  INFO                  00200000   00004000  00000000  00004000  R  X
  SRAM_CODE             01000000   00010000  0000022d  0000fdd3  RW X
  SRAM_DATA             20000000   00010000  0000022d  0000fdd3  RW  


SEGMENT ALLOCATION MAP

run origin  load origin   length   init length attrs members
----------  ----------- ---------- ----------- ----- -------
00000000    00000000    00001070   00001070    r-x
  00000000    00000000    000000e4   000000e4    r-- .intvecs
  000000e4    000000e4    00000f50   00000f50    r-x .text
  00001038    00001038    00000038   00000038    r-- .cinit
20000000    20000000    0000002d   00000000    rw-
  20000000    20000000    00000028   00000000    rw- .data
  20000028    20000028    00000005   00000000    rw- .bss
2000fe00    2000fe00    00000200   00000000    rw-
  2000fe00    2000fe00    00000200   00000000    rw- .stack


SECTION ALLOCATION MAP

 output                                  attributes/
section   page    origin      length       input sections
--------  ----  ----------  ----------   ----------------
.intvecs   0    00000000    000000e4     
                  00000000    000000e4     startup_msp432p401r_ccs.obj (.intvecs:retain)

.text      0    000000e4    00000f50     
                  000000e4    00000630     TExaS.obj (.text)
                  00000714    0000032c     system_msp432p401r.obj (.text)
                  00000a40    000001e0     Clock.obj (.text)
                  00000c20    000000f4     LaunchPad.obj (.text)
                  00000d14    000000d4     Lab09_SysTickmain.obj (.text)
                  00000de8    0000009c     rtsv7M4_T_le_v4SPD16_eabi.lib : memcpy_t2.asm.obj (.text)
                  00000e84    0000006c     SysTick.obj (.text)
                  00000ef0    00000068     rtsv7M4_T_le_v4SPD16_eabi.lib : copy_decompress_lzss.c.obj (.text:decompress:lzss:__TI_decompress_lzss)
                  00000f58    00000044                                   : autoinit.c.obj (.text:__TI_auto_init_nobinit_nopinit:__TI_auto_init_nobinit_nopinit)
                  00000f9c    00000034                                   : boot_cortex_m.c.obj (.text:_c_int00_noargs:_c_int00_noargs)
                  00000fd0    00000024     CortexM.obj (.text)
                  00000ff4    0000001c     rtsv7M4_T_le_v4SPD16_eabi.lib : copy_zero_init.c.obj (.text:decompress:ZI:__TI_zero_init_nomemset:__TI_zero_init_nomemset)
                  00001010    0000000e                                   : copy_decompress_none.c.obj (.text:decompress:none:__TI_decompress_none)
                  0000101e    0000000e     startup_msp432p401r_ccs.obj (.text)
                  0000102c    00000004     rtsv7M4_T_le_v4SPD16_eabi.lib : pre_init.c.obj (.text:_system_pre_init)
                  00001030    00000004                                   : exit.c.obj (.text:abort:abort)

.cinit     0    00001038    00000038     
                  00001038    0000000d     (.cinit..data.load) [load image, compression = lzss]
                  00001045    00000003     --HOLE-- [fill = 0]
                  00001048    0000000c     (__TI_handler_table)
                  00001054    00000004     --HOLE-- [fill = 0]
                  00001058    00000008     (.cinit..bss.load) [load image, compression = zero_init]
                  00001060    00000010     (__TI_cinit_table)

.init_array 
*          0    00000000    00000000     UNINITIALIZED

.binit     0    00000000    00000000     

.data      0    20000000    00000028     UNINITIALIZED
                  20000000    00000018     Clock.obj (.data)
                  20000018    0000000c     TExaS.obj (.data)
                  20000024    00000004     system_msp432p401r.obj (.data)

.bss       0    20000028    00000005     UNINITIALIZED
                  20000028    00000004     (.common:PeriodicTask2)
                  2000002c    00000001     (.common:LogicData)

.stack     0    2000fe00    00000200     UNINITIALIZED
                  2000fe00    00000004     rtsv7M4_T_le_v4SPD16_eabi.lib : boot_cortex_m.c.obj (.stack)
                  2000fe04    000001fc     --HOLE--

MODULE SUMMARY

       Module                        code   ro data   rw data
       ------                        ----   -------   -------
    .\
       TExaS.obj                     1584   0         34     
       system_msp432p401r.obj        812    0         8      
       Clock.obj                     480    0         48     
       LaunchPad.obj                 244    0         0      
       startup_msp432p401r_ccs.obj   14     228       0      
       Lab09_SysTickmain.obj         212    0         0      
       SysTick.obj                   108    0         0      
       CortexM.obj                   36     0         0      
    +--+-----------------------------+------+---------+---------+
       Total:                        3490   228       90     
                                                             
    C:\ti\ccs910\ccs\tools\compiler\ti-cgt-arm_18.12.2.LTS\lib\rtsv7M4_T_le_v4SPD16_eabi.lib
       memcpy_t2.asm.obj             156    0         0      
       copy_decompress_lzss.c.obj    104    0         0      
       autoinit.c.obj                68     0         0      
       boot_cortex_m.c.obj           52     0         0      
       copy_zero_init.c.obj          28     0         0      
       copy_decompress_none.c.obj    14     0         0      
       exit.c.obj                    4      0         0      
       pre_init.c.obj                4      0         0      
    +--+-----------------------------+------+---------+---------+
       Total:                        430    0         0      
                                                             
       Stack:                        0      0         1024   
       Linker Generated:             0      49        0      
    +--+-----------------------------+------+---------+---------+
       Grand Total:                  3920   277       1114   


LINKER GENERATED COPY TABLES

__TI_cinit_table @ 00001060 records: 2, size/record: 8, table size: 16
	.data: load addr=00001038, load size=0000000d bytes, run addr=20000000, run size=00000028 bytes, compression=lzss
	.bss: load addr=00001058, load size=00000008 bytes, run addr=20000028, run size=00000005 bytes, compression=zero_init


LINKER GENERATED HANDLER TABLE

__TI_handler_table @ 00001048 records: 3, size/record: 4, table size: 12
	index: 0, handler: __TI_decompress_lzss
	index: 1, handler: __TI_decompress_none
	index: 2, handler: __TI_zero_init


GLOBAL SYMBOLS: SORTED ALPHABETICALLY BY Name 

address   name                          
-------   ----                          
0000102b  ADC14_IRQHandler              
00000475  ADC_Init                      
0000102b  AES256_IRQHandler             
0000102b  BusFault_Handler              
00001031  C$$EXIT                       
0000102b  COMP_E0_IRQHandler            
0000102b  COMP_E1_IRQHandler            
20000008  CPMwait                       
0000102b  CS_IRQHandler                 
20000000  ClockFrequency                
00000b95  Clock_Delay1ms                
00000b6b  Clock_Delay1us                
00000b57  Clock_GetFreq                 
00000a41  Clock_Init48MHz               
20000014  Crystalstable                 
0000102b  DMA_ERR_IRQHandler            
0000102b  DMA_INT0_IRQHandler           
0000102b  DMA_INT1_IRQHandler           
0000102b  DMA_INT2_IRQHandler           
0000102b  DMA_INT3_IRQHandler           
0000102b  DebugMon_Handler              
0000102b  Default_Handler               
00000fd1  DisableInterrupts             
0000102b  EUSCIA0_IRQHandler            
0000102b  EUSCIA1_IRQHandler            
0000102b  EUSCIA2_IRQHandler            
0000102b  EUSCIA3_IRQHandler            
0000102b  EUSCIB0_IRQHandler            
0000102b  EUSCIB1_IRQHandler            
0000102b  EUSCIB2_IRQHandler            
0000102b  EUSCIB3_IRQHandler            
00000fd7  EnableInterrupts              
00000fe7  EndCritical                   
0000102b  FLCTL_IRQHandler              
0000102b  FPU_IRQHandler                
0000102b  HardFault_Handler             
20000010  IFlags                        
00000c21  LaunchPad_Init                
00000c91  LaunchPad_Input               
00000cab  LaunchPad_LED                 
00000cc9  LaunchPad_Output              
000000e5  LogicAnalyzer                 
000000ef  LogicAnalyzer_P1              
000001c5  LogicAnalyzer_P10             
000000fd  LogicAnalyzer_P2              
0000010b  LogicAnalyzer_P2_7654         
0000011b  LogicAnalyzer_P3              
00000129  LogicAnalyzer_P4              
00000147  LogicAnalyzer_P4_765320       
00000137  LogicAnalyzer_P4_765432       
0000017f  LogicAnalyzer_P5              
0000018d  LogicAnalyzer_P6              
0000019b  LogicAnalyzer_P7              
000001a9  LogicAnalyzer_P8              
000001b7  LogicAnalyzer_P9              
2000002c  LogicData                     
0000102b  MemManage_Handler             
0000102b  NMI_Handler                   
0000102b  PCM_IRQHandler                
0000102b  PORT1_IRQHandler              
0000102b  PORT2_IRQHandler              
0000102b  PORT3_IRQHandler              
0000102b  PORT4_IRQHandler              
0000102b  PORT5_IRQHandler              
0000102b  PORT6_IRQHandler              
0000102b  PSS_IRQHandler                
0000102b  PendSV_Handler                
20000028  PeriodicTask2                 
00000257  PeriodicTask2_Init            
000002d1  PeriodicTask2_Stop            
2000000c  Postwait                      
20000004  Prewait                       
00000d1f  Program9_1                    
00000d59  Program9_2                    
0000102b  RTC_C_IRQHandler              
0000101f  Reset_Handler                 
0000102b  SVC_Handler                   
000001d3  Scope                         
00000fdd  StartCritical                 
0000102b  SysTick_Handler               
00000e85  SysTick_Init                  
00000e95  SysTick_Wait                  
00000ebb  SysTick_Wait10ms              
00000d15  SysTick_Wait1us               
20000024  SystemCoreClock               
00000715  SystemCoreClockUpdate         
00000989  SystemInit                    
000002c1  T32_INT1_IRQHandler           
000002c1  T32_INT1_IRQHandler           
0000102b  T32_INT2_IRQHandler           
0000102b  T32_INTC_IRQHandler           
0000102b  TA0_0_IRQHandler              
0000102b  TA0_N_IRQHandler              
0000102b  TA1_0_IRQHandler              
0000102b  TA1_N_IRQHandler              
0000102b  TA2_0_IRQHandler              
0000102b  TA2_N_IRQHandler              
0000102b  TA3_0_IRQHandler              
0000102b  TA3_N_IRQHandler              
00000413  TExaS_Clear0                  
0000041f  TExaS_Clear1                  
0000042b  TExaS_Clear2                  
00000437  TExaS_Clear3                  
00000443  TExaS_Clear4                  
00000445  TExaS_Clear5                  
00000451  TExaS_Clear6                  
00000551  TExaS_Init                    
2000001c  TExaS_ScopeErrConflict        
20000018  TExaS_ScopeErrLostData        
20000020  TExaS_ScopeWrnReconfig        
000003b1  TExaS_Set                     
000003c9  TExaS_Set0                    
000003d5  TExaS_Set1                    
000003e1  TExaS_Set2                    
000003ed  TExaS_Set3                    
000003f9  TExaS_Set4                    
000003fb  TExaS_Set5                    
00000407  TExaS_Set6                    
000006b1  TExaS_Stop                    
00000367  TExaS_Task0                   
00000373  TExaS_Task1                   
0000037f  TExaS_Task2                   
0000038b  TExaS_Task3                   
00000397  TExaS_Task4                   
00000399  TExaS_Task5                   
000003a5  TExaS_Task6                   
0000033b  UART_InChar                   
000002e1  UART_Init                     
0000034b  UART_OutChar                  
0000102b  UsageFault_Handler            
4000480c  WDTCTL_SYM                    
0000102b  WDT_A_IRQHandler              
00000fef  WaitForInterrupt              
20010000  __STACK_END                   
00000200  __STACK_SIZE                  
00001060  __TI_CINIT_Base               
00001070  __TI_CINIT_Limit              
00001048  __TI_Handler_Table_Base       
00001054  __TI_Handler_Table_Limit      
00000f59  __TI_auto_init_nobinit_nopinit
00000ef1  __TI_decompress_lzss          
00001011  __TI_decompress_none          
ffffffff  __TI_pprof_out_hndl           
ffffffff  __TI_prof_data_size           
ffffffff  __TI_prof_data_start          
00000000  __TI_static_base__            
00000ff5  __TI_zero_init_nomemset       
00000de9  __aeabi_memcpy                
00000de9  __aeabi_memcpy4               
00000de9  __aeabi_memcpy8               
ffffffff  __binit__                     
ffffffff  __c_args__                    
UNDEFED   __mpu_init                    
2000fe00  __stack                       
00000f9d  _c_int00_noargs               
UNDEFED   _system_post_cinit            
0000102d  _system_pre_init              
00001031  abort                         
ffffffff  binit                         
00000b5d  delay                         
00000000  interruptVectors              
00000db9  main                          
00000de9  memcpy                        


GLOBAL SYMBOLS: SORTED BY Symbol Address 

address   name                          
-------   ----                          
00000000  __TI_static_base__            
00000000  interruptVectors              
000000e5  LogicAnalyzer                 
000000ef  LogicAnalyzer_P1              
000000fd  LogicAnalyzer_P2              
0000010b  LogicAnalyzer_P2_7654         
0000011b  LogicAnalyzer_P3              
00000129  LogicAnalyzer_P4              
00000137  LogicAnalyzer_P4_765432       
00000147  LogicAnalyzer_P4_765320       
0000017f  LogicAnalyzer_P5              
0000018d  LogicAnalyzer_P6              
0000019b  LogicAnalyzer_P7              
000001a9  LogicAnalyzer_P8              
000001b7  LogicAnalyzer_P9              
000001c5  LogicAnalyzer_P10             
000001d3  Scope                         
00000200  __STACK_SIZE                  
00000257  PeriodicTask2_Init            
000002c1  T32_INT1_IRQHandler           
000002c1  T32_INT1_IRQHandler           
000002d1  PeriodicTask2_Stop            
000002e1  UART_Init                     
0000033b  UART_InChar                   
0000034b  UART_OutChar                  
00000367  TExaS_Task0                   
00000373  TExaS_Task1                   
0000037f  TExaS_Task2                   
0000038b  TExaS_Task3                   
00000397  TExaS_Task4                   
00000399  TExaS_Task5                   
000003a5  TExaS_Task6                   
000003b1  TExaS_Set                     
000003c9  TExaS_Set0                    
000003d5  TExaS_Set1                    
000003e1  TExaS_Set2                    
000003ed  TExaS_Set3                    
000003f9  TExaS_Set4                    
000003fb  TExaS_Set5                    
00000407  TExaS_Set6                    
00000413  TExaS_Clear0                  
0000041f  TExaS_Clear1                  
0000042b  TExaS_Clear2                  
00000437  TExaS_Clear3                  
00000443  TExaS_Clear4                  
00000445  TExaS_Clear5                  
00000451  TExaS_Clear6                  
00000475  ADC_Init                      
00000551  TExaS_Init                    
000006b1  TExaS_Stop                    
00000715  SystemCoreClockUpdate         
00000989  SystemInit                    
00000a41  Clock_Init48MHz               
00000b57  Clock_GetFreq                 
00000b5d  delay                         
00000b6b  Clock_Delay1us                
00000b95  Clock_Delay1ms                
00000c21  LaunchPad_Init                
00000c91  LaunchPad_Input               
00000cab  LaunchPad_LED                 
00000cc9  LaunchPad_Output              
00000d15  SysTick_Wait1us               
00000d1f  Program9_1                    
00000d59  Program9_2                    
00000db9  main                          
00000de9  __aeabi_memcpy                
00000de9  __aeabi_memcpy4               
00000de9  __aeabi_memcpy8               
00000de9  memcpy                        
00000e85  SysTick_Init                  
00000e95  SysTick_Wait                  
00000ebb  SysTick_Wait10ms              
00000ef1  __TI_decompress_lzss          
00000f59  __TI_auto_init_nobinit_nopinit
00000f9d  _c_int00_noargs               
00000fd1  DisableInterrupts             
00000fd7  EnableInterrupts              
00000fdd  StartCritical                 
00000fe7  EndCritical                   
00000fef  WaitForInterrupt              
00000ff5  __TI_zero_init_nomemset       
00001011  __TI_decompress_none          
0000101f  Reset_Handler                 
0000102b  ADC14_IRQHandler              
0000102b  AES256_IRQHandler             
0000102b  BusFault_Handler              
0000102b  COMP_E0_IRQHandler            
0000102b  COMP_E1_IRQHandler            
0000102b  CS_IRQHandler                 
0000102b  DMA_ERR_IRQHandler            
0000102b  DMA_INT0_IRQHandler           
0000102b  DMA_INT1_IRQHandler           
0000102b  DMA_INT2_IRQHandler           
0000102b  DMA_INT3_IRQHandler           
0000102b  DebugMon_Handler              
0000102b  Default_Handler               
0000102b  EUSCIA0_IRQHandler            
0000102b  EUSCIA1_IRQHandler            
0000102b  EUSCIA2_IRQHandler            
0000102b  EUSCIA3_IRQHandler            
0000102b  EUSCIB0_IRQHandler            
0000102b  EUSCIB1_IRQHandler            
0000102b  EUSCIB2_IRQHandler            
0000102b  EUSCIB3_IRQHandler            
0000102b  FLCTL_IRQHandler              
0000102b  FPU_IRQHandler                
0000102b  HardFault_Handler             
0000102b  MemManage_Handler             
0000102b  NMI_Handler                   
0000102b  PCM_IRQHandler                
0000102b  PORT1_IRQHandler              
0000102b  PORT2_IRQHandler              
0000102b  PORT3_IRQHandler              
0000102b  PORT4_IRQHandler              
0000102b  PORT5_IRQHandler              
0000102b  PORT6_IRQHandler              
0000102b  PSS_IRQHandler                
0000102b  PendSV_Handler                
0000102b  RTC_C_IRQHandler              
0000102b  SVC_Handler                   
0000102b  SysTick_Handler               
0000102b  T32_INT2_IRQHandler           
0000102b  T32_INTC_IRQHandler           
0000102b  TA0_0_IRQHandler              
0000102b  TA0_N_IRQHandler              
0000102b  TA1_0_IRQHandler              
0000102b  TA1_N_IRQHandler              
0000102b  TA2_0_IRQHandler              
0000102b  TA2_N_IRQHandler              
0000102b  TA3_0_IRQHandler              
0000102b  TA3_N_IRQHandler              
0000102b  UsageFault_Handler            
0000102b  WDT_A_IRQHandler              
0000102d  _system_pre_init              
00001031  C$$EXIT                       
00001031  abort                         
00001048  __TI_Handler_Table_Base       
00001054  __TI_Handler_Table_Limit      
00001060  __TI_CINIT_Base               
00001070  __TI_CINIT_Limit              
20000000  ClockFrequency                
20000004  Prewait                       
20000008  CPMwait                       
2000000c  Postwait                      
20000010  IFlags                        
20000014  Crystalstable                 
20000018  TExaS_ScopeErrLostData        
2000001c  TExaS_ScopeErrConflict        
20000020  TExaS_ScopeWrnReconfig        
20000024  SystemCoreClock               
20000028  PeriodicTask2                 
2000002c  LogicData                     
2000fe00  __stack                       
20010000  __STACK_END                   
4000480c  WDTCTL_SYM                    
ffffffff  __TI_pprof_out_hndl           
ffffffff  __TI_prof_data_size           
ffffffff  __TI_prof_data_start          
ffffffff  __binit__                     
ffffffff  __c_args__                    
ffffffff  binit                         
UNDEFED   __mpu_init                    
UNDEFED   _system_post_cinit            

[163 symbols]
