******************************************************************************
                  TI ARM Linker PC v16.9.0                     
******************************************************************************
>> Linked Tue May 30 16:12:47 2017

OUTPUT FILE NAME:   <Lab_Ultrasound.out>
ENTRY POINT SYMBOL: "_c_int00"  address: 00000b85


MEMORY CONFIGURATION

         name            origin    length      used     unused   attr    fill
----------------------  --------  ---------  --------  --------  ----  --------
  MAIN                  00000000   00040000  00000d36  0003f2ca  R  X
  INFO                  00200000   00004000  00000000  00004000  R  X
  SRAM_CODE             01000000   00010000  00000278  0000fd88  RW X
  SRAM_DATA             20000000   00010000  00000278  0000fd88  RW  


SEGMENT ALLOCATION MAP

run origin  load origin   length   init length attrs members
----------  ----------- ---------- ----------- ----- -------
00000000    00000000    00000d38   00000d38    r-x
  00000000    00000000    000000e4   000000e4    r-- .intvecs
  000000e4    000000e4    00000c12   00000c12    r-x .text
  00000cf8    00000cf8    00000040   00000040    r-- .cinit
20000000    20000000    00000078   00000000    rw-
  20000000    20000000    00000040   00000000    rw- .data
  20000040    20000040    00000038   00000000    rw- .bss
2000fe00    2000fe00    00000200   00000000    rw-
  2000fe00    2000fe00    00000200   00000000    rw- .stack


SECTION ALLOCATION MAP

 output                                  attributes/
section   page    origin      length       input sections
--------  ----  ----------  ----------   ----------------
.intvecs   0    00000000    000000e4     
                  00000000    000000e4     startup_msp432p401r_ccs.obj (.intvecs:retain)

.binit     0    00000000    00000000     

.text      0    000000e4    00000c12     
                  000000e4    0000032c     system_msp432p401r.obj (.text)
                  00000410    000001e0     Clock.obj (.text)
                  000005f0    000001b8     main.obj (.text)
                  000007a8    00000128     Ultrasound.obj (.text)
                  000008d0    000000c4     TA2InputCapture.obj (.text)
                  00000994    0000009c     rtsv7M4_T_le_v4SPD16_eabi.lib : memcpy_t2.obj (.text)
                  00000a30    0000007a                                   : memset_t2.obj (.text)
                  00000aaa    00000002                                   : mpu_init.obj (.text)
                  00000aac    00000070                                   : autoinit.obj (.text)
                  00000b1c    00000068                                   : copy_decompress_lzss.obj (.text:decompress:lzss)
                  00000b84    00000054                                   : boot.obj (.text)
                  00000bd8    00000054                                   : exit.obj (.text)
                  00000c2c    0000004c                                   : cpy_tbl.obj (.text)
                  00000c78    00000024     CortexM.obj (.text)
                  00000c9c    00000018     rtsv7M4_T_le_v4SPD16_eabi.lib : args_main.obj (.text)
                  00000cb4    00000014                                   : _lock.obj (.text)
                  00000cc8    0000000e                                   : copy_decompress_none.obj (.text:decompress:none)
                  00000cd6    0000000e     startup_msp432p401r_ccs.obj (.text)
                  00000ce4    0000000c     rtsv7M4_T_le_v4SPD16_eabi.lib : copy_zero_init.obj (.text:decompress:ZI)
                  00000cf0    00000004                                   : pre_init.obj (.text)
                  00000cf4    00000002                                   : startup.obj (.text)

.cinit     0    00000cf8    00000040     
                  00000cf8    00000017     (.cinit..data.load) [load image, compression = lzss]
                  00000d0f    00000001     --HOLE-- [fill = 0]
                  00000d10    0000000c     (__TI_handler_table)
                  00000d1c    00000004     --HOLE-- [fill = 0]
                  00000d20    00000008     (.cinit..bss.load) [load image, compression = zero_init]
                  00000d28    00000010     (__TI_cinit_table)

.init_array 
*          0    00000000    00000000     UNINITIALIZED

.data      0    20000000    00000040     UNINITIALIZED
                  20000000    00000018     Clock.obj (.data)
                  20000018    0000000c     rtsv7M4_T_le_v4SPD16_eabi.lib : exit.obj (.data:$O1$$)
                  20000024    0000000c     Ultrasound.obj (.data)
                  20000030    00000008     rtsv7M4_T_le_v4SPD16_eabi.lib : _lock.obj (.data:$O1$$)
                  20000038    00000004                                   : stkdepth_vars.obj (.data)
                  2000003c    00000004     system_msp432p401r.obj (.data)

.bss       0    20000040    00000038     UNINITIALIZED
                  20000040    00000014     (.common:InBuff)
                  20000054    00000014     (.common:MmBuff)
                  20000068    00000004     (.common:CaptureTask2)
                  2000006c    00000002     (.common:Average)
                  2000006e    00000002     (.common:Current)
                  20000070    00000002     (.common:Maximum)
                  20000072    00000002     (.common:Minimum)
                  20000074    00000002     (.common:Ultrasound_FirstTime)
                  20000076    00000002     (.common:Ultrasound_SecondTime)

.stack     0    2000fe00    00000200     UNINITIALIZED
                  2000fe00    00000200     --HOLE--

MODULE SUMMARY

       Module                        code   ro data   rw data
       ------                        ----   -------   -------
    .\
       system_msp432p401r.obj        812    0         8      
       main.obj                      440    0         96     
       Clock.obj                     480    0         48     
       Ultrasound.obj                296    0         32     
       startup_msp432p401r_ccs.obj   14     228       0      
       TA2InputCapture.obj           196    0         8      
       CortexM.obj                   36     0         0      
    +--+-----------------------------+------+---------+---------+
       Total:                        2274   228       192    
                                                             
    C:\ti\ccsv7\tools\compiler\ti-cgt-arm_16.9.0.LTS\lib\rtsv7M4_T_le_v4SPD16_eabi.lib
       memcpy_t2.obj                 156    0         0      
       memset_t2.obj                 122    0         0      
       autoinit.obj                  112    0         0      
       exit.obj                      84     0         24     
       copy_decompress_lzss.obj      104    0         0      
       boot.obj                      84     0         0      
       cpy_tbl.obj                   76     0         0      
       _lock.obj                     20     0         16     
       args_main.obj                 24     0         0      
       copy_decompress_none.obj      14     0         0      
       copy_zero_init.obj            12     0         0      
       stkdepth_vars.obj             0      0         8      
       pre_init.obj                  4      0         0      
       mpu_init.obj                  2      0         0      
       startup.obj                   2      0         0      
    +--+-----------------------------+------+---------+---------+
       Total:                        816    0         48     
                                                             
       Stack:                        0      0         1024   
       Linker Generated:             0      59        0      
    +--+-----------------------------+------+---------+---------+
       Grand Total:                  3090   287       1264   


LINKER GENERATED COPY TABLES

__TI_cinit_table @ 00000d28 records: 2, size/record: 8, table size: 16
	.data: load addr=00000cf8, load size=00000017 bytes, run addr=20000000, run size=00000040 bytes, compression=lzss
	.bss: load addr=00000d20, load size=00000008 bytes, run addr=20000040, run size=00000038 bytes, compression=zero_init


LINKER GENERATED HANDLER TABLE

__TI_handler_table @ 00000d10 records: 3, size/record: 4, table size: 12
	index: 0, handler: __TI_decompress_lzss
	index: 1, handler: __TI_decompress_none
	index: 2, handler: __TI_zero_init


GLOBAL SYMBOLS: SORTED ALPHABETICALLY BY Name 

address   name                           
-------   ----                           
00000ce3  ADC14_IRQHandler               
00000ce3  AES256_IRQHandler              
2000006c  Average                        
00000ce3  BusFault_Handler               
00000bd9  C$$EXIT                        
00000ce3  COMP_E0_IRQHandler             
00000ce3  COMP_E1_IRQHandler             
20000008  CPMwait                        
00000ce3  CS_IRQHandler                  
20000068  CaptureTask2                   
20000000  ClockFrequency                 
00000565  Clock_Delay1ms                 
0000053b  Clock_Delay1us                 
00000527  Clock_GetFreq                  
00000411  Clock_Init48MHz                
20000014  Crystalstable                  
2000006e  Current                        
00000ce3  DMA_ERR_IRQHandler             
00000ce3  DMA_INT0_IRQHandler            
00000ce3  DMA_INT1_IRQHandler            
00000ce3  DMA_INT2_IRQHandler            
00000ce3  DMA_INT3_IRQHandler            
00000ce3  DebugMon_Handler               
00000ce3  Default_Handler                
00000c79  DisableInterrupts              
00000ce3  EUSCIA0_IRQHandler             
00000ce3  EUSCIA1_IRQHandler             
00000ce3  EUSCIA2_IRQHandler             
00000ce3  EUSCIA3_IRQHandler             
00000ce3  EUSCIB0_IRQHandler             
00000ce3  EUSCIB1_IRQHandler             
00000ce3  EUSCIB2_IRQHandler             
00000ce3  EUSCIB3_IRQHandler             
00000c7f  EnableInterrupts               
00000c8f  EndCritical                    
00000ce3  FLCTL_IRQHandler               
00000ce3  FPU_IRQHandler                 
00000ce3  HardFault_Handler              
20000010  IFlags                         
20000040  InBuff                         
20000070  Maximum                        
00000ce3  MemManage_Handler              
20000072  Minimum                        
20000054  MmBuff                         
00000ce3  NMI_Handler                    
00000ce3  PCM_IRQHandler                 
00000ce3  PORT1_IRQHandler               
00000ce3  PORT2_IRQHandler               
00000ce3  PORT3_IRQHandler               
00000ce3  PORT4_IRQHandler               
00000ce3  PORT5_IRQHandler               
00000ce3  PORT6_IRQHandler               
00000ce3  PSS_IRQHandler                 
00000ce3  PendSV_Handler                 
2000000c  Postwait                       
20000004  Prewait                        
00000ce3  RTC_C_IRQHandler               
00000cd7  Reset_Handler                  
UNDEFED   SHT$$INIT_ARRAY$$Base          
UNDEFED   SHT$$INIT_ARRAY$$Limit         
00000ce3  SVC_Handler                    
00000c85  StartCritical                  
00000ce3  SysTick_Handler                
2000003c  SystemCoreClock                
000000e5  SystemCoreClockUpdate          
00000359  SystemInit                     
00000ce3  T32_INT1_IRQHandler            
00000ce3  T32_INT2_IRQHandler            
00000ce3  T32_INTC_IRQHandler            
00000ce3  TA0_0_IRQHandler               
00000ce3  TA0_N_IRQHandler               
00000ce3  TA1_0_IRQHandler               
00000ce3  TA1_N_IRQHandler               
00000ce3  TA2_0_IRQHandler               
0000094d  TA2_N_IRQHandler               
0000094d  TA2_N_IRQHandler               
00000ce3  TA3_0_IRQHandler               
00000ce3  TA3_N_IRQHandler               
000008d1  TimerA2Capture_Init            
2000002c  Ultrasound_Busy                
20000024  Ultrasound_Count               
0000084f  Ultrasound_End                 
20000074  Ultrasound_FirstTime           
000007f3  Ultrasound_Init                
20000076  Ultrasound_SecondTime          
00000825  Ultrasound_Start               
20000028  Ultrasound_Valid               
00000ce3  UsageFault_Handler             
4000480c  WDTCTL_SYM                     
00000ce3  WDT_A_IRQHandler               
00000c97  WaitForInterrupt               
20010000  __STACK_END                    
00000200  __STACK_SIZE                   
00000d28  __TI_CINIT_Base                
00000d38  __TI_CINIT_Limit               
00000d10  __TI_Handler_Table_Base        
00000d1c  __TI_Handler_Table_Limit       
00000aad  __TI_auto_init                 
20000018  __TI_cleanup_ptr               
00000b1d  __TI_decompress_lzss           
00000cc9  __TI_decompress_none           
2000001c  __TI_dtors_ptr                 
20000020  __TI_enable_exit_profile_output
ffffffff  __TI_pprof_out_hndl            
ffffffff  __TI_prof_data_size            
ffffffff  __TI_prof_data_start           
00000000  __TI_static_base__             
00000ce5  __TI_zero_init                 
00000a31  __aeabi_memclr                 
00000a31  __aeabi_memclr4                
00000a31  __aeabi_memclr8                
00000995  __aeabi_memcpy                 
00000995  __aeabi_memcpy4                
00000995  __aeabi_memcpy8                
00000a33  __aeabi_memset                 
00000a33  __aeabi_memset4                
00000a33  __aeabi_memset8                
ffffffff  __binit__                      
ffffffff  __c_args__                     
00000aab  __mpu_init                     
2000fe00  __stack                        
00000c9d  _args_main                     
00000b85  _c_int00                       
20000030  _lock                          
00000cc3  _nop                           
00000cbb  _register_lock                 
00000cb5  _register_unlock               
00000cf5  _system_post_cinit             
00000cf1  _system_pre_init               
20000034  _unlock                        
00000bdd  abort                          
0000068b  avg                            
ffffffff  binit                          
00000c2d  copy_in                        
0000052d  delay                          
00000be5  exit                           
00000000  interruptVectors               
000006cd  main                           
20000038  main_func_sp                   
0000063f  max                            
00000995  memcpy                         
00000a39  memset                         
000005f1  min                            
000007a9  ultrasoundint                  


GLOBAL SYMBOLS: SORTED BY Symbol Address 

address   name                           
-------   ----                           
00000000  __TI_static_base__             
00000000  interruptVectors               
000000e5  SystemCoreClockUpdate          
00000200  __STACK_SIZE                   
00000359  SystemInit                     
00000411  Clock_Init48MHz                
00000527  Clock_GetFreq                  
0000052d  delay                          
0000053b  Clock_Delay1us                 
00000565  Clock_Delay1ms                 
000005f1  min                            
0000063f  max                            
0000068b  avg                            
000006cd  main                           
000007a9  ultrasoundint                  
000007f3  Ultrasound_Init                
00000825  Ultrasound_Start               
0000084f  Ultrasound_End                 
000008d1  TimerA2Capture_Init            
0000094d  TA2_N_IRQHandler               
0000094d  TA2_N_IRQHandler               
00000995  __aeabi_memcpy                 
00000995  __aeabi_memcpy4                
00000995  __aeabi_memcpy8                
00000995  memcpy                         
00000a31  __aeabi_memclr                 
00000a31  __aeabi_memclr4                
00000a31  __aeabi_memclr8                
00000a33  __aeabi_memset                 
00000a33  __aeabi_memset4                
00000a33  __aeabi_memset8                
00000a39  memset                         
00000aab  __mpu_init                     
00000aad  __TI_auto_init                 
00000b1d  __TI_decompress_lzss           
00000b85  _c_int00                       
00000bd9  C$$EXIT                        
00000bdd  abort                          
00000be5  exit                           
00000c2d  copy_in                        
00000c79  DisableInterrupts              
00000c7f  EnableInterrupts               
00000c85  StartCritical                  
00000c8f  EndCritical                    
00000c97  WaitForInterrupt               
00000c9d  _args_main                     
00000cb5  _register_unlock               
00000cbb  _register_lock                 
00000cc3  _nop                           
00000cc9  __TI_decompress_none           
00000cd7  Reset_Handler                  
00000ce3  ADC14_IRQHandler               
00000ce3  AES256_IRQHandler              
00000ce3  BusFault_Handler               
00000ce3  COMP_E0_IRQHandler             
00000ce3  COMP_E1_IRQHandler             
00000ce3  CS_IRQHandler                  
00000ce3  DMA_ERR_IRQHandler             
00000ce3  DMA_INT0_IRQHandler            
00000ce3  DMA_INT1_IRQHandler            
00000ce3  DMA_INT2_IRQHandler            
00000ce3  DMA_INT3_IRQHandler            
00000ce3  DebugMon_Handler               
00000ce3  Default_Handler                
00000ce3  EUSCIA0_IRQHandler             
00000ce3  EUSCIA1_IRQHandler             
00000ce3  EUSCIA2_IRQHandler             
00000ce3  EUSCIA3_IRQHandler             
00000ce3  EUSCIB0_IRQHandler             
00000ce3  EUSCIB1_IRQHandler             
00000ce3  EUSCIB2_IRQHandler             
00000ce3  EUSCIB3_IRQHandler             
00000ce3  FLCTL_IRQHandler               
00000ce3  FPU_IRQHandler                 
00000ce3  HardFault_Handler              
00000ce3  MemManage_Handler              
00000ce3  NMI_Handler                    
00000ce3  PCM_IRQHandler                 
00000ce3  PORT1_IRQHandler               
00000ce3  PORT2_IRQHandler               
00000ce3  PORT3_IRQHandler               
00000ce3  PORT4_IRQHandler               
00000ce3  PORT5_IRQHandler               
00000ce3  PORT6_IRQHandler               
00000ce3  PSS_IRQHandler                 
00000ce3  PendSV_Handler                 
00000ce3  RTC_C_IRQHandler               
00000ce3  SVC_Handler                    
00000ce3  SysTick_Handler                
00000ce3  T32_INT1_IRQHandler            
00000ce3  T32_INT2_IRQHandler            
00000ce3  T32_INTC_IRQHandler            
00000ce3  TA0_0_IRQHandler               
00000ce3  TA0_N_IRQHandler               
00000ce3  TA1_0_IRQHandler               
00000ce3  TA1_N_IRQHandler               
00000ce3  TA2_0_IRQHandler               
00000ce3  TA3_0_IRQHandler               
00000ce3  TA3_N_IRQHandler               
00000ce3  UsageFault_Handler             
00000ce3  WDT_A_IRQHandler               
00000ce5  __TI_zero_init                 
00000cf1  _system_pre_init               
00000cf5  _system_post_cinit             
00000d10  __TI_Handler_Table_Base        
00000d1c  __TI_Handler_Table_Limit       
00000d28  __TI_CINIT_Base                
00000d38  __TI_CINIT_Limit               
20000000  ClockFrequency                 
20000004  Prewait                        
20000008  CPMwait                        
2000000c  Postwait                       
20000010  IFlags                         
20000014  Crystalstable                  
20000018  __TI_cleanup_ptr               
2000001c  __TI_dtors_ptr                 
20000020  __TI_enable_exit_profile_output
20000024  Ultrasound_Count               
20000028  Ultrasound_Valid               
2000002c  Ultrasound_Busy                
20000030  _lock                          
20000034  _unlock                        
20000038  main_func_sp                   
2000003c  SystemCoreClock                
20000040  InBuff                         
20000054  MmBuff                         
20000068  CaptureTask2                   
2000006c  Average                        
2000006e  Current                        
20000070  Maximum                        
20000072  Minimum                        
20000074  Ultrasound_FirstTime           
20000076  Ultrasound_SecondTime          
2000fe00  __stack                        
20010000  __STACK_END                    
4000480c  WDTCTL_SYM                     
ffffffff  __TI_pprof_out_hndl            
ffffffff  __TI_prof_data_size            
ffffffff  __TI_prof_data_start           
ffffffff  __binit__                      
ffffffff  __c_args__                     
ffffffff  binit                          
UNDEFED   SHT$$INIT_ARRAY$$Base          
UNDEFED   SHT$$INIT_ARRAY$$Limit         

[144 symbols]
