******************************************************************************
                  TI ARM Linker PC v18.12.2                    
******************************************************************************
>> Linked Wed Aug 28 15:13:07 2019

OUTPUT FILE NAME:   <ADCSWTrigger.out>
ENTRY POINT SYMBOL: "_c_int00_noargs"  address: 000021c1


MEMORY CONFIGURATION

         name            origin    length      used     unused   attr    fill
----------------------  --------  ---------  --------  --------  ----  --------
  MAIN                  00000000   00040000  0000243a  0003dbc6  R  X
  INFO                  00200000   00004000  00000000  00004000  R  X
  SRAM_CODE             01000000   00010000  00002c08  0000d3f8  RW X
  SRAM_DATA             20000000   00010000  00002c08  0000d3f8  RW  


SEGMENT ALLOCATION MAP

run origin  load origin   length   init length attrs members
----------  ----------- ---------- ----------- ----- -------
00000000    00000000    00002440   00002440    r-x
  00000000    00000000    000000e4   000000e4    r-- .intvecs
  000000e4    000000e4    000022be   000022be    r-x .text
  000023a8    000023a8    00000098   00000098    r-- .cinit
20000000    20000000    00002a0c   00000000    rw-
  20000000    20000000    000023fc   00000000    rw- .bss
  20002400    20002400    00000400   00000000    rw- .sysmem
  20002800    20002800    0000020c   00000000    rw- .data
2000fe00    2000fe00    00000200   00000000    rw-
  2000fe00    2000fe00    00000200   00000000    rw- .stack


SECTION ALLOCATION MAP

 output                                  attributes/
section   page    origin      length       input sections
--------  ----  ----------  ----------   ----------------
.intvecs   0    00000000    000000e4     
                  00000000    000000e4     startup_msp432p401r_ccs.obj (.intvecs:retain)

.text      0    000000e4    000022be     
                  000000e4    000006bc     UART0.obj (.text)
                  000007a0    0000059c     ADCSWTriggermain.obj (.text)
                  00000d3c    0000032c     system_msp432p401r.obj (.text)
                  00001068    000001e0     Clock.obj (.text)
                  00001248    00000148     ADC14.obj (.text)
                  00001390    0000010c     rtsv7M4_T_le_v4SPD16_eabi.lib : fopen.c.obj (.text:_openfile)
                  0000149c    000000f4     LaunchPad.obj (.text)
                  00001590    000000f4     rtsv7M4_T_le_v4SPD16_eabi.lib : memory.c.obj (.text:aligned_alloc)
                  00001684    000000e8                                   : memory.c.obj (.text:free)
                  0000176c    000000dc                                   : setvbuf.c.obj (.text:setvbuf)
                  00001848    000000bc                                   : open.c.obj (.text:open)
                  00001904    000000b8                                   : add_device.c.obj (.text:add_device)
                  000019bc    0000009c                                   : fopen.c.obj (.text:fopen)
                  00001a58    0000009c                                   : memcpy_t2.asm.obj (.text)
                  00001af4    0000007c                                   : memory.c.obj (.text:split)
                  00001b70    0000007a                                   : memset_t2.asm.obj (.text)
                  00001bea    00000002                                   : _lock.c.obj (.text:_nop)
                  00001bec    00000074                                   : fclose.c.obj (.text:__TI_closefile)
                  00001c60    00000068                                   : hostlseek.c.obj (.text:HOSTlseek)
                  00001cc8    00000068                                   : hostrename.c.obj (.text:HOSTrename)
                  00001d30    00000068                                   : copy_decompress_lzss.c.obj (.text:decompress:lzss:__TI_decompress_lzss)
                  00001d98    00000060                                   : hostopen.c.obj (.text:HOSTopen)
                  00001df8    0000005c                                   : close.c.obj (.text:close)
                  00001e54    00000058                                   : hostread.c.obj (.text:HOSTread)
                  00001eac    00000058                                   : hostwrite.c.obj (.text:HOSTwrite)
                  00001f04    0000004c                                   : fflush.c.obj (.text:__TI_doflush)
                  00001f50    00000048                                   : exit.c.obj (.text:exit)
                  00001f98    00000044                                   : hostclose.c.obj (.text:HOSTclose)
                  00001fdc    00000044                                   : hostunlink.c.obj (.text:HOSTunlink)
                  00002020    00000044                                   : autoinit.c.obj (.text:__TI_auto_init_nobinit_nopinit:__TI_auto_init_nobinit_nopinit)
                  00002064    00000044                                   : getdevice.c.obj (.text:getdevice)
                  000020a8    00000040     SysTickInts.obj (.text)
                  000020e8    00000038     rtsv7M4_T_le_v4SPD16_eabi.lib : trgmsg.c.obj (.text:__TI_writemsg)
                  00002120    00000036                                   : strncpy.c.obj (.text:strncpy)
                  00002156    00000002     --HOLE-- [fill = 0]
                  00002158    00000034                                   : fopen.c.obj (.text:__TI_cleanup)
                  0000218c    00000034                                   : trgmsg.c.obj (.text:__TI_readmsg)
                  000021c0    00000034                                   : boot_cortex_m.c.obj (.text:_c_int00_noargs:_c_int00_noargs)
                  000021f4    00000034                                   : fopen.c.obj (.text:freopen)
                  00002228    00000030                                   : getdevice.c.obj (.text:finddevice)
                  00002258    0000002c                                   : unlink.c.obj (.text:unlink)
                  00002284    00000028                                   : memory.c.obj (.text:free_list_insert)
                  000022ac    00000028                                   : write.c.obj (.text:write)
                  000022d4    00000024     CortexM.obj (.text)
                  000022f8    0000001c     rtsv7M4_T_le_v4SPD16_eabi.lib : memory.c.obj (.text:free_list_remove)
                  00002314    00000018                                   : strcmp.c.obj (.text:strcmp)
                  0000232c    00000016                                   : strchr.c.obj (.text:strchr)
                  00002342    00000014                                   : strcpy.c.obj (.text:strcpy)
                  00002356    00000014                                   : strlen.c.obj (.text:strlen)
                  0000236a    0000000e                                   : copy_decompress_none.c.obj (.text:decompress:none:__TI_decompress_none)
                  00002378    0000000e     startup_msp432p401r_ccs.obj (.text)
                  00002386    0000000c     rtsv7M4_T_le_v4SPD16_eabi.lib : copy_zero_init.c.obj (.text:decompress:ZI:__TI_zero_init)
                  00002392    00000008                                   : memory.c.obj (.text:malloc)
                  0000239a    00000004                                   : pre_init.c.obj (.text:_system_pre_init)
                  0000239e    00000004                                   : exit.c.obj (.text:abort:abort)

.cinit     0    000023a8    00000098     
                  000023a8    00000070     (.cinit..data.load) [load image, compression = lzss]
                  00002418    0000000c     (__TI_handler_table)
                  00002424    00000004     --HOLE-- [fill = 0]
                  00002428    00000008     (.cinit..bss.load) [load image, compression = zero_init]
                  00002430    00000010     (__TI_cinit_table)

.init_array 
*          0    00000000    00000000     UNINITIALIZED

.binit     0    00000000    00000000     

.bss       0    20000000    000023fc     UNINITIALIZED
                  20000000    00001000     (.common:Data)
                  20001000    00001000     (.common:x)
                  20002000    00000200     (.common:Histogram)
                  20002200    00000120     rtsv7M4_T_le_v4SPD16_eabi.lib : trgmsg.c.obj (.bss:_CIOBUF_)
                  20002320    000000a0     (.common:__TI_tmpnams)
                  200023c0    00000008     (.common:Messageb)
                  200023c8    00000008     (.common:parmbuf)
                  200023d0    00000004     (.common:ADCflag)
                  200023d4    00000004     (.common:ADCvalue)
                  200023d8    00000004     (.common:Average)
                  200023dc    00000004     (.common:LPFSum)
                  200023e0    00000004     (.common:Messageindexb)
                  200023e4    00000004     (.common:Pt)
                  200023e8    00000004     (.common:Sigma)
                  200023ec    00000004     (.common:Size)
                  200023f0    00000004     (.common:Sum)
                  200023f4    00000004     (.common:Sum2)
                  200023f8    00000004     (.common:Variance)

.sysmem    0    20002400    00000400     UNINITIALIZED
                  20002400    00000010     rtsv7M4_T_le_v4SPD16_eabi.lib : memory.c.obj (.sysmem)
                  20002410    000003f0     --HOLE--

.data      0    20002800    0000020c     UNINITIALIZED
                  20002800    000000f0     rtsv7M4_T_le_v4SPD16_eabi.lib : defs.c.obj (.data:_ftable)
                  200028f0    00000078                                   : host_device.c.obj (.data:_device)
                  20002968    00000050                                   : host_device.c.obj (.data:_stream)
                  200029b8    00000018     Clock.obj (.data)
                  200029d0    00000010     rtsv7M4_T_le_v4SPD16_eabi.lib : defs.c.obj (.data)
                  200029e0    0000000c                                   : exit.c.obj (.data:$O1$$)
                  200029ec    00000008                                   : _lock.c.obj (.data:$O1$$)
                  200029f4    00000008                                   : memory.c.obj (.data:$O1$$)
                  200029fc    00000004                                   : add_device.c.obj (.data)
                  20002a00    00000004                                   : fopen.c.obj (.data)
                  20002a04    00000004                                   : open.c.obj (.data)
                  20002a08    00000004     system_msp432p401r.obj (.data)

.stack     0    2000fe00    00000200     UNINITIALIZED
                  2000fe00    00000004     rtsv7M4_T_le_v4SPD16_eabi.lib : boot_cortex_m.c.obj (.stack)
                  2000fe04    000001fc     --HOLE--

MODULE SUMMARY

       Module                        code   ro data   rw data
       ------                        ----   -------   -------
    .\
       ADCSWTriggermain.obj          1436   0         17488  
       UART0.obj                     1724   0         24     
       system_msp432p401r.obj        812    0         8      
       Clock.obj                     480    0         48     
       ADC14.obj                     328    0         0      
       LaunchPad.obj                 244    0         0      
       startup_msp432p401r_ccs.obj   14     228       0      
       SysTickInts.obj               64     0         0      
       CortexM.obj                   36     0         0      
    +--+-----------------------------+------+---------+---------+
       Total:                        5138   228       17568  
                                                             
    C:\ti\ccs910\ccs\tools\compiler\ti-cgt-arm_18.12.2.LTS\lib\rtsv7M4_T_le_v4SPD16_eabi.lib
       defs.c.obj                    0      0         832    
       memory.c.obj                  676    0         16     
       trgmsg.c.obj                  108    0         576    
       fopen.c.obj                   528    0         8      
       host_device.c.obj             0      0         400    
       setvbuf.c.obj                 220    0         0      
       open.c.obj                    188    0         8      
       add_device.c.obj              184    0         8      
       memcpy_t2.asm.obj             156    0         0      
       memset_t2.asm.obj             122    0         0      
       fclose.c.obj                  116    0         0      
       getdevice.c.obj               116    0         0      
       hostopen.c.obj                96     0         16     
       copy_decompress_lzss.c.obj    104    0         0      
       hostlseek.c.obj               104    0         0      
       hostrename.c.obj              104    0         0      
       exit.c.obj                    76     0         24     
       close.c.obj                   92     0         0      
       hostread.c.obj                88     0         0      
       hostwrite.c.obj               88     0         0      
       fflush.c.obj                  76     0         0      
       autoinit.c.obj                68     0         0      
       hostclose.c.obj               68     0         0      
       hostunlink.c.obj              68     0         0      
       strncpy.c.obj                 54     0         0      
       boot_cortex_m.c.obj           52     0         0      
       unlink.c.obj                  44     0         0      
       write.c.obj                   40     0         0      
       strcmp.c.obj                  24     0         0      
       strchr.c.obj                  22     0         0      
       strcpy.c.obj                  20     0         0      
       strlen.c.obj                  20     0         0      
       _lock.c.obj                   2      0         16     
       copy_decompress_none.c.obj    14     0         0      
       copy_zero_init.c.obj          12     0         0      
       pre_init.c.obj                4      0         0      
    +--+-----------------------------+------+---------+---------+
       Total:                        3754   0         1904   
                                                             
       Heap:                         0      0         2048   
       Stack:                        0      0         1024   
       Linker Generated:             0      148       0      
    +--+-----------------------------+------+---------+---------+
       Grand Total:                  8892   376       22544  


LINKER GENERATED COPY TABLES

__TI_cinit_table @ 00002430 records: 2, size/record: 8, table size: 16
	.data: load addr=000023a8, load size=00000070 bytes, run addr=20002800, run size=0000020c bytes, compression=lzss
	.bss: load addr=00002428, load size=00000008 bytes, run addr=20000000, run size=000023fc bytes, compression=zero_init


LINKER GENERATED HANDLER TABLE

__TI_handler_table @ 00002418 records: 3, size/record: 4, table size: 12
	index: 0, handler: __TI_decompress_lzss
	index: 1, handler: __TI_decompress_none
	index: 2, handler: __TI_zero_init


GLOBAL SYMBOLS: SORTED ALPHABETICALLY BY Name 

address   name                           
-------   ----                           
00001345  ADC0_InitSWTriggerCh12         
0000134b  ADC0_InitSWTriggerCh17_12_16   
00001249  ADC0_InitSWTriggerCh6          
000012b9  ADC0_InitSWTriggerCh67         
00002385  ADC14_IRQHandler               
00001347  ADC_In12                       
0000134d  ADC_In17_12_16                 
00001299  ADC_In6                        
0000130f  ADC_In67                       
200023d0  ADCflag                        
200023d4  ADCvalue                       
00002385  AES256_IRQHandler              
200023d8  Average                        
00002385  BusFault_Handler               
0000239f  C$$EXIT                        
00002117  C$$IO$$                        
00002385  COMP_E0_IRQHandler             
00002385  COMP_E1_IRQHandler             
200029c0  CPMwait                        
00002385  CS_IRQHandler                  
200029b8  ClockFrequency                 
000011bd  Clock_Delay1ms                 
00001193  Clock_Delay1us                 
0000117f  Clock_GetFreq                  
00001069  Clock_Init48MHz                
200029cc  Crystalstable                  
00002385  DMA_ERR_IRQHandler             
00002385  DMA_INT0_IRQHandler            
00002385  DMA_INT1_IRQHandler            
00002385  DMA_INT2_IRQHandler            
00002385  DMA_INT3_IRQHandler            
20000000  Data                           
00002385  DebugMon_Handler               
00002385  Default_Handler                
000022d5  DisableInterrupts              
00002385  EUSCIA0_IRQHandler             
00002385  EUSCIA1_IRQHandler             
00002385  EUSCIA2_IRQHandler             
00002385  EUSCIA3_IRQHandler             
00002385  EUSCIB0_IRQHandler             
00002385  EUSCIB1_IRQHandler             
00002385  EUSCIB2_IRQHandler             
00002385  EUSCIB3_IRQHandler             
000022db  EnableInterrupts               
000022eb  EndCritical                    
00002385  FLCTL_IRQHandler               
00002385  FPU_IRQHandler                 
00001f99  HOSTclose                      
00001c61  HOSTlseek                      
00001d99  HOSTopen                       
00001e55  HOSTread                       
00001cc9  HOSTrename                     
00001fdd  HOSTunlink                     
00001ead  HOSTwrite                      
00002385  HardFault_Handler              
20002000  Histogram                      
200029c8  IFlags                         
200023dc  LPFSum                         
000007f5  LPF_Calc                       
000007a1  LPF_Init                       
0000149d  LaunchPad_Init                 
0000150d  LaunchPad_Input                
00001527  LaunchPad_LED                  
00001545  LaunchPad_Output               
00002385  MemManage_Handler              
200023c0  Messageb                       
200023e0  Messageindexb                  
00002385  NMI_Handler                    
00002385  PCM_IRQHandler                 
00002385  PORT1_IRQHandler               
00002385  PORT2_IRQHandler               
00002385  PORT3_IRQHandler               
00002385  PORT4_IRQHandler               
00002385  PORT5_IRQHandler               
00002385  PORT6_IRQHandler               
00002385  PSS_IRQHandler                 
00002385  PendSV_Handler                 
200029c4  Postwait                       
200029bc  Prewait                        
200023e4  Pt                             
00002385  RTC_C_IRQHandler               
00002379  Reset_Handler                  
00002385  SVC_Handler                    
200023e8  Sigma                          
200023ec  Size                           
000022e1  StartCritical                  
200023f0  Sum                            
200023f4  Sum2                           
00000857  SysTick_Handler                
00000857  SysTick_Handler                
000020a9  SysTick_Init                   
20002a08  SystemCoreClock                
00000d3d  SystemCoreClockUpdate          
00000fb1  SystemInit                     
00002385  T32_INT1_IRQHandler            
00002385  T32_INT2_IRQHandler            
00002385  T32_INTC_IRQHandler            
00002385  TA0_0_IRQHandler               
00002385  TA0_N_IRQHandler               
00002385  TA1_0_IRQHandler               
00002385  TA1_N_IRQHandler               
00002385  TA2_0_IRQHandler               
00002385  TA2_N_IRQHandler               
00002385  TA3_0_IRQHandler               
00002385  TA3_N_IRQHandler               
0000012b  UART0_InChar                   
000005b5  UART0_InString                 
00000175  UART0_InUDec                   
00000469  UART0_InUHex                   
000000e5  UART0_Init                     
00000715  UART0_Initprintf               
0000013b  UART0_OutChar                  
00000157  UART0_OutString                
000001f9  UART0_OutUDec                  
00000365  UART0_OutUDec4                 
000003b9  UART0_OutUDec5                 
000003f5  UART0_OutUFix1                 
0000041d  UART0_OutUFix2                 
0000052d  UART0_OutUHex                  
00000599  UART0_OutUHex2                 
00002385  UsageFault_Handler             
200023f8  Variance                       
4000480c  WDTCTL_SYM                     
00002385  WDT_A_IRQHandler               
000022f3  WaitForInterrupt               
20002200  __CIOBUF_                      
20010000  __STACK_END                    
00000200  __STACK_SIZE                   
00000400  __SYSMEM_SIZE                  
00002430  __TI_CINIT_Base                
00002440  __TI_CINIT_Limit               
00002418  __TI_Handler_Table_Base        
00002424  __TI_Handler_Table_Limit       
00002021  __TI_auto_init_nobinit_nopinit 
00002159  __TI_cleanup                   
200029e0  __TI_cleanup_ptr               
00001bed  __TI_closefile                 
00001d31  __TI_decompress_lzss           
0000236b  __TI_decompress_none           
00001f05  __TI_doflush                   
200029e4  __TI_dtors_ptr                 
200029e8  __TI_enable_exit_profile_output
200029d0  __TI_ft_end                    
ffffffff  __TI_pprof_out_hndl            
ffffffff  __TI_prof_data_size            
ffffffff  __TI_prof_data_start           
0000218d  __TI_readmsg                   
00000000  __TI_static_base__             
20002320  __TI_tmpnams                   
000020e9  __TI_writemsg                  
00002387  __TI_zero_init                 
00001b71  __aeabi_memclr                 
00001b71  __aeabi_memclr4                
00001b71  __aeabi_memclr8                
00001a59  __aeabi_memcpy                 
00001a59  __aeabi_memcpy4                
00001a59  __aeabi_memcpy8                
00001b73  __aeabi_memset                 
00001b73  __aeabi_memset4                
00001b73  __aeabi_memset8                
200029dc  __aeabi_stderr                 
200029d4  __aeabi_stdin                  
200029d8  __aeabi_stdout                 
ffffffff  __binit__                      
ffffffff  __c_args__                     
UNDEFED   __mpu_init                     
2000fe00  __stack                        
000021c1  _c_int00_noargs                
200028f0  _device                        
20002800  _ftable                        
200029ec  _lock                          
00001beb  _nop                           
20002968  _stream                        
20002400  _sys_memory                    
UNDEFED   _system_post_cinit             
0000239b  _system_pre_init               
200029f0  _unlock                        
0000239f  abort                          
00001905  add_device                     
00001591  aligned_alloc                  
ffffffff  binit                          
00001df9  close                          
00001185  delay                          
00001f51  exit                           
0000064f  ferror                         
0000062f  fgetc                          
00002229  finddevice                     
000019bd  fopen                          
00001685  free                           
000021f5  freopen                        
00002065  getdevice                      
00000000  interruptVectors               
000008e1  main                           
00002393  malloc                         
00001591  memalign                       
00001a59  memcpy                         
00001b79  memset                         
00001849  open                           
00000571  outnibble                      
200023c8  parmbuf                        
00002259  remove                         
0000176d  setvbuf                        
0000088f  sqrt                           
0000232d  strchr                         
00002315  strcmp                         
00002343  strcpy                         
00002357  strlen                         
00002121  strncpy                        
0000066d  uart_close                     
000006eb  uart_lseek                     
0000065d  uart_open                      
0000067f  uart_read                      
00000707  uart_rename                    
000006fb  uart_unlink                    
000006a9  uart_write                     
00002259  unlink                         
000022ad  write                          
20001000  x                              


GLOBAL SYMBOLS: SORTED BY Symbol Address 

address   name                           
-------   ----                           
00000000  __TI_static_base__             
00000000  interruptVectors               
000000e5  UART0_Init                     
0000012b  UART0_InChar                   
0000013b  UART0_OutChar                  
00000157  UART0_OutString                
00000175  UART0_InUDec                   
000001f9  UART0_OutUDec                  
00000200  __STACK_SIZE                   
00000365  UART0_OutUDec4                 
000003b9  UART0_OutUDec5                 
000003f5  UART0_OutUFix1                 
00000400  __SYSMEM_SIZE                  
0000041d  UART0_OutUFix2                 
00000469  UART0_InUHex                   
0000052d  UART0_OutUHex                  
00000571  outnibble                      
00000599  UART0_OutUHex2                 
000005b5  UART0_InString                 
0000062f  fgetc                          
0000064f  ferror                         
0000065d  uart_open                      
0000066d  uart_close                     
0000067f  uart_read                      
000006a9  uart_write                     
000006eb  uart_lseek                     
000006fb  uart_unlink                    
00000707  uart_rename                    
00000715  UART0_Initprintf               
000007a1  LPF_Init                       
000007f5  LPF_Calc                       
00000857  SysTick_Handler                
00000857  SysTick_Handler                
0000088f  sqrt                           
000008e1  main                           
00000d3d  SystemCoreClockUpdate          
00000fb1  SystemInit                     
00001069  Clock_Init48MHz                
0000117f  Clock_GetFreq                  
00001185  delay                          
00001193  Clock_Delay1us                 
000011bd  Clock_Delay1ms                 
00001249  ADC0_InitSWTriggerCh6          
00001299  ADC_In6                        
000012b9  ADC0_InitSWTriggerCh67         
0000130f  ADC_In67                       
00001345  ADC0_InitSWTriggerCh12         
00001347  ADC_In12                       
0000134b  ADC0_InitSWTriggerCh17_12_16   
0000134d  ADC_In17_12_16                 
0000149d  LaunchPad_Init                 
0000150d  LaunchPad_Input                
00001527  LaunchPad_LED                  
00001545  LaunchPad_Output               
00001591  aligned_alloc                  
00001591  memalign                       
00001685  free                           
0000176d  setvbuf                        
00001849  open                           
00001905  add_device                     
000019bd  fopen                          
00001a59  __aeabi_memcpy                 
00001a59  __aeabi_memcpy4                
00001a59  __aeabi_memcpy8                
00001a59  memcpy                         
00001b71  __aeabi_memclr                 
00001b71  __aeabi_memclr4                
00001b71  __aeabi_memclr8                
00001b73  __aeabi_memset                 
00001b73  __aeabi_memset4                
00001b73  __aeabi_memset8                
00001b79  memset                         
00001beb  _nop                           
00001bed  __TI_closefile                 
00001c61  HOSTlseek                      
00001cc9  HOSTrename                     
00001d31  __TI_decompress_lzss           
00001d99  HOSTopen                       
00001df9  close                          
00001e55  HOSTread                       
00001ead  HOSTwrite                      
00001f05  __TI_doflush                   
00001f51  exit                           
00001f99  HOSTclose                      
00001fdd  HOSTunlink                     
00002021  __TI_auto_init_nobinit_nopinit 
00002065  getdevice                      
000020a9  SysTick_Init                   
000020e9  __TI_writemsg                  
00002117  C$$IO$$                        
00002121  strncpy                        
00002159  __TI_cleanup                   
0000218d  __TI_readmsg                   
000021c1  _c_int00_noargs                
000021f5  freopen                        
00002229  finddevice                     
00002259  remove                         
00002259  unlink                         
000022ad  write                          
000022d5  DisableInterrupts              
000022db  EnableInterrupts               
000022e1  StartCritical                  
000022eb  EndCritical                    
000022f3  WaitForInterrupt               
00002315  strcmp                         
0000232d  strchr                         
00002343  strcpy                         
00002357  strlen                         
0000236b  __TI_decompress_none           
00002379  Reset_Handler                  
00002385  ADC14_IRQHandler               
00002385  AES256_IRQHandler              
00002385  BusFault_Handler               
00002385  COMP_E0_IRQHandler             
00002385  COMP_E1_IRQHandler             
00002385  CS_IRQHandler                  
00002385  DMA_ERR_IRQHandler             
00002385  DMA_INT0_IRQHandler            
00002385  DMA_INT1_IRQHandler            
00002385  DMA_INT2_IRQHandler            
00002385  DMA_INT3_IRQHandler            
00002385  DebugMon_Handler               
00002385  Default_Handler                
00002385  EUSCIA0_IRQHandler             
00002385  EUSCIA1_IRQHandler             
00002385  EUSCIA2_IRQHandler             
00002385  EUSCIA3_IRQHandler             
00002385  EUSCIB0_IRQHandler             
00002385  EUSCIB1_IRQHandler             
00002385  EUSCIB2_IRQHandler             
00002385  EUSCIB3_IRQHandler             
00002385  FLCTL_IRQHandler               
00002385  FPU_IRQHandler                 
00002385  HardFault_Handler              
00002385  MemManage_Handler              
00002385  NMI_Handler                    
00002385  PCM_IRQHandler                 
00002385  PORT1_IRQHandler               
00002385  PORT2_IRQHandler               
00002385  PORT3_IRQHandler               
00002385  PORT4_IRQHandler               
00002385  PORT5_IRQHandler               
00002385  PORT6_IRQHandler               
00002385  PSS_IRQHandler                 
00002385  PendSV_Handler                 
00002385  RTC_C_IRQHandler               
00002385  SVC_Handler                    
00002385  T32_INT1_IRQHandler            
00002385  T32_INT2_IRQHandler            
00002385  T32_INTC_IRQHandler            
00002385  TA0_0_IRQHandler               
00002385  TA0_N_IRQHandler               
00002385  TA1_0_IRQHandler               
00002385  TA1_N_IRQHandler               
00002385  TA2_0_IRQHandler               
00002385  TA2_N_IRQHandler               
00002385  TA3_0_IRQHandler               
00002385  TA3_N_IRQHandler               
00002385  UsageFault_Handler             
00002385  WDT_A_IRQHandler               
00002387  __TI_zero_init                 
00002393  malloc                         
0000239b  _system_pre_init               
0000239f  C$$EXIT                        
0000239f  abort                          
00002418  __TI_Handler_Table_Base        
00002424  __TI_Handler_Table_Limit       
00002430  __TI_CINIT_Base                
00002440  __TI_CINIT_Limit               
20000000  Data                           
20001000  x                              
20002000  Histogram                      
20002200  __CIOBUF_                      
20002320  __TI_tmpnams                   
200023c0  Messageb                       
200023c8  parmbuf                        
200023d0  ADCflag                        
200023d4  ADCvalue                       
200023d8  Average                        
200023dc  LPFSum                         
200023e0  Messageindexb                  
200023e4  Pt                             
200023e8  Sigma                          
200023ec  Size                           
200023f0  Sum                            
200023f4  Sum2                           
200023f8  Variance                       
20002400  _sys_memory                    
20002800  _ftable                        
200028f0  _device                        
20002968  _stream                        
200029b8  ClockFrequency                 
200029bc  Prewait                        
200029c0  CPMwait                        
200029c4  Postwait                       
200029c8  IFlags                         
200029cc  Crystalstable                  
200029d0  __TI_ft_end                    
200029d4  __aeabi_stdin                  
200029d8  __aeabi_stdout                 
200029dc  __aeabi_stderr                 
200029e0  __TI_cleanup_ptr               
200029e4  __TI_dtors_ptr                 
200029e8  __TI_enable_exit_profile_output
200029ec  _lock                          
200029f0  _unlock                        
20002a08  SystemCoreClock                
2000fe00  __stack                        
20010000  __STACK_END                    
4000480c  WDTCTL_SYM                     
ffffffff  __TI_pprof_out_hndl            
ffffffff  __TI_prof_data_size            
ffffffff  __TI_prof_data_start           
ffffffff  __binit__                      
ffffffff  __c_args__                     
ffffffff  binit                          
UNDEFED   __mpu_init                     
UNDEFED   _system_post_cinit             

[218 symbols]
