******************************************************************************
                  TI ARM Linker PC v18.12.2                    
******************************************************************************
>> Linked Wed Aug 28 15:13:10 2019

OUTPUT FILE NAME:   <ApplicationProcessor.out>
ENTRY POINT SYMBOL: "_c_int00_noargs"  address: 00002fed


MEMORY CONFIGURATION

         name            origin    length      used     unused   attr    fill
----------------------  --------  ---------  --------  --------  ----  --------
  MAIN                  00000000   00040000  0000333e  0003ccc2  R  X
  INFO                  00200000   00004000  00000000  00004000  R  X
  SRAM_CODE             01000000   00010000  00000d39  0000f2c7  RW X
  SRAM_DATA             20000000   00010000  00000d39  0000f2c7  RW  


SEGMENT ALLOCATION MAP

run origin  load origin   length   init length attrs members
----------  ----------- ---------- ----------- ----- -------
00000000    00000000    00003340   00003340    r-x
  00000000    00000000    000000e4   000000e4    r-- .intvecs
  000000e4    000000e4    000030ea   000030ea    r-x .text
  000031ce    000031ce    00000040   00000040    r-- .const
  00003210    00003210    00000130   00000130    r-- .cinit
20000000    20000000    00000b40   00000000    rw-
  20000000    20000000    00000469   00000000    rw- .bss
  20000470    20000470    00000400   00000000    rw- .sysmem
  20000870    20000870    000002d0   00000000    rw- .data
2000fe00    2000fe00    00000200   00000000    rw-
  2000fe00    2000fe00    00000200   00000000    rw- .stack


SECTION ALLOCATION MAP

 output                                  attributes/
section   page    origin      length       input sections
--------  ----  ----------  ----------   ----------------
.intvecs   0    00000000    000000e4     
                  00000000    000000e4     startup_msp432p401r_ccs.obj (.intvecs:retain)

.text      0    000000e4    000030ea     
                  000000e4    00000fc4     AP.obj (.text)
                  000010a8    000006bc     UART0.obj (.text)
                  00001764    0000032c     system_msp432p401r.obj (.text)
                  00001a90    00000328     ApplicationProcessor.obj (.text)
                  00001db8    000001e0     Clock.obj (.text)
                  00001f98    000001a4     UART1.obj (.text)
                  0000213c    0000010c     rtsv7M4_T_le_v4SPD16_eabi.lib : fopen.c.obj (.text:_openfile)
                  00002248    000000f4     LaunchPad.obj (.text)
                  0000233c    000000f4     rtsv7M4_T_le_v4SPD16_eabi.lib : memory.c.obj (.text:aligned_alloc)
                  00002430    000000e8                                   : memory.c.obj (.text:free)
                  00002518    000000dc                                   : setvbuf.c.obj (.text:setvbuf)
                  000025f4    000000c0     GPIO.obj (.text)
                  000026b4    000000bc     rtsv7M4_T_le_v4SPD16_eabi.lib : open.c.obj (.text:open)
                  00002770    000000b8                                   : add_device.c.obj (.text:add_device)
                  00002828    0000009c                                   : fopen.c.obj (.text:fopen)
                  000028c4    0000009c                                   : memcpy_t2.asm.obj (.text)
                  00002960    0000007c                                   : memory.c.obj (.text:split)
                  000029dc    0000007a                                   : memset_t2.asm.obj (.text)
                  00002a56    00000002                                   : _lock.c.obj (.text:_nop)
                  00002a58    00000074                                   : fclose.c.obj (.text:__TI_closefile)
                  00002acc    00000068                                   : hostlseek.c.obj (.text:HOSTlseek)
                  00002b34    00000068                                   : hostrename.c.obj (.text:HOSTrename)
                  00002b9c    00000068                                   : copy_decompress_lzss.c.obj (.text:decompress:lzss:__TI_decompress_lzss)
                  00002c04    00000060                                   : hostopen.c.obj (.text:HOSTopen)
                  00002c64    0000005c                                   : close.c.obj (.text:close)
                  00002cc0    00000058                                   : hostread.c.obj (.text:HOSTread)
                  00002d18    00000058                                   : hostwrite.c.obj (.text:HOSTwrite)
                  00002d70    0000004c                                   : fflush.c.obj (.text:__TI_doflush)
                  00002dbc    00000048                                   : exit.c.obj (.text:exit)
                  00002e04    00000044                                   : hostclose.c.obj (.text:HOSTclose)
                  00002e48    00000044                                   : hostunlink.c.obj (.text:HOSTunlink)
                  00002e8c    00000044                                   : autoinit.c.obj (.text:__TI_auto_init_nobinit_nopinit:__TI_auto_init_nobinit_nopinit)
                  00002ed0    00000044                                   : getdevice.c.obj (.text:getdevice)
                  00002f14    00000038                                   : trgmsg.c.obj (.text:__TI_writemsg)
                  00002f4c    00000036                                   : strncpy.c.obj (.text:strncpy)
                  00002f82    00000002     --HOLE-- [fill = 0]
                  00002f84    00000034                                   : fopen.c.obj (.text:__TI_cleanup)
                  00002fb8    00000034                                   : trgmsg.c.obj (.text:__TI_readmsg)
                  00002fec    00000034                                   : boot_cortex_m.c.obj (.text:_c_int00_noargs:_c_int00_noargs)
                  00003020    00000034                                   : fopen.c.obj (.text:freopen)
                  00003054    00000030                                   : getdevice.c.obj (.text:finddevice)
                  00003084    0000002c                                   : unlink.c.obj (.text:unlink)
                  000030b0    00000028                                   : memory.c.obj (.text:free_list_insert)
                  000030d8    00000028                                   : write.c.obj (.text:write)
                  00003100    00000024     CortexM.obj (.text)
                  00003124    0000001c     rtsv7M4_T_le_v4SPD16_eabi.lib : memory.c.obj (.text:free_list_remove)
                  00003140    00000018                                   : strcmp.c.obj (.text:strcmp)
                  00003158    00000016                                   : strchr.c.obj (.text:strchr)
                  0000316e    00000014                                   : strcpy.c.obj (.text:strcpy)
                  00003182    00000014                                   : strlen.c.obj (.text:strlen)
                  00003196    0000000e                                   : copy_decompress_none.c.obj (.text:decompress:none:__TI_decompress_none)
                  000031a4    0000000e     startup_msp432p401r_ccs.obj (.text)
                  000031b2    0000000c     rtsv7M4_T_le_v4SPD16_eabi.lib : copy_zero_init.c.obj (.text:decompress:ZI:__TI_zero_init)
                  000031be    00000008                                   : memory.c.obj (.text:malloc)
                  000031c6    00000004                                   : pre_init.c.obj (.text:_system_pre_init)
                  000031ca    00000004                                   : exit.c.obj (.text:abort:abort)

.const     0    000031ce    00000040     
                  000031ce    00000014     AP.obj (.const:.string:NPI_StartAdvertisement)
                  000031e2    00000011     AP.obj (.const:.string:NPI_SetAdvertisement1)
                  000031f3    00000009     AP.obj (.const:.string:HCI_EXT_ResetSystemCmd)
                  000031fc    00000006     AP.obj (.const:.string:NPI_GetStatus)
                  00003202    00000006     AP.obj (.const:.string:NPI_GetVersion)
                  00003208    00000006     AP.obj (.const:.string:NPI_Register)

.cinit     0    00003210    00000130     
                  00003210    00000105     (.cinit..data.load) [load image, compression = lzss]
                  00003315    00000003     --HOLE-- [fill = 0]
                  00003318    0000000c     (__TI_handler_table)
                  00003324    00000004     --HOLE-- [fill = 0]
                  00003328    00000008     (.cinit..bss.load) [load image, compression = zero_init]
                  00003330    00000010     (__TI_cinit_table)

.init_array 
*          0    00000000    00000000     UNINITIALIZED

.binit     0    00000000    00000000     

.bss       0    20000000    00000469     UNINITIALIZED
                  20000000    00000120     rtsv7M4_T_le_v4SPD16_eabi.lib : trgmsg.c.obj (.bss:_CIOBUF_)
                  20000120    00000100     (.common:RxFIFO)
                  20000220    000000a0     (.common:CharacteristicList)
                  200002c0    000000a0     (.common:__TI_tmpnams)
                  20000360    00000080     (.common:RecvBuf)
                  200003e0    00000050     (.common:NotifyCharacteristicList)
                  20000430    00000008     (.common:Messageb)
                  20000438    00000008     (.common:parmbuf)
                  20000440    00000004     (.common:Messageindexb)
                  20000444    00000004     (.common:NoSOFErr)
                  20000448    00000004     (.common:RxFifoLost)
                  2000044c    00000004     (.common:RxGetI)
                  20000450    00000004     (.common:RxPutI)
                  20000454    00000004     (.common:Switch2)
                  20000458    00000004     (.common:TimeOutErr)
                  2000045c    00000004     (.common:WordData)
                  20000460    00000004     (.common:fcserr)
                  20000464    00000002     (.common:HalfWordData)
                  20000466    00000002     (.common:Switch1)
                  20000468    00000001     (.common:ByteData)

.sysmem    0    20000470    00000400     UNINITIALIZED
                  20000470    00000010     rtsv7M4_T_le_v4SPD16_eabi.lib : memory.c.obj (.sysmem)
                  20000480    000003f0     --HOLE--

.data      0    20000870    000002d0     UNINITIALIZED
                  20000870    000000f0     rtsv7M4_T_le_v4SPD16_eabi.lib : defs.c.obj (.data:_ftable)
                  20000960    00000078                                   : host_device.c.obj (.data:_device)
                  200009d8    00000050                                   : host_device.c.obj (.data:_stream)
                  20000a28    00000025     AP.obj (.data:NPI_SetAdvertisementData)
                  20000a4d    00000020     AP.obj (.data:NPI_AddCharDescriptor)
                  20000a6d    0000001c     AP.obj (.data:NPI_GATTSetDeviceName)
                  20000a89    00000003     --HOLE--
                  20000a8c    00000018     Clock.obj (.data)
                  20000aa4    00000015     AP.obj (.data:NPI_ReadConfirmation)
                  20000ab9    00000014     AP.obj (.data:NPI_SendNotificationIndication)
                  20000acd    00000003     --HOLE--
                  20000ad0    00000010     rtsv7M4_T_le_v4SPD16_eabi.lib : defs.c.obj (.data)
                  20000ae0    0000000e     AP.obj (.data:NPI_AddCharValue)
                  20000aee    00000002     --HOLE--
                  20000af0    0000000c     rtsv7M4_T_le_v4SPD16_eabi.lib : exit.c.obj (.data:$O1$$)
                  20000afc    00000009     AP.obj (.data:NPI_AddService)
                  20000b05    00000009     AP.obj (.data:NPI_CCCDUpdatedConfirmation)
                  20000b0e    00000009     AP.obj (.data:NPI_WriteConfirmation)
                  20000b17    00000001     --HOLE--
                  20000b18    00000008     rtsv7M4_T_le_v4SPD16_eabi.lib : _lock.c.obj (.data:$O1$$)
                  20000b20    00000008                                   : memory.c.obj (.data:$O1$$)
                  20000b28    00000008     AP.obj (.data)
                  20000b30    00000004     rtsv7M4_T_le_v4SPD16_eabi.lib : add_device.c.obj (.data)
                  20000b34    00000004                                   : fopen.c.obj (.data)
                  20000b38    00000004                                   : open.c.obj (.data)
                  20000b3c    00000004     system_msp432p401r.obj (.data)

.stack     0    2000fe00    00000200     UNINITIALIZED
                  2000fe00    00000004     rtsv7M4_T_le_v4SPD16_eabi.lib : boot_cortex_m.c.obj (.stack)
                  2000fe04    000001fc     --HOLE--

MODULE SUMMARY

       Module                        code    ro data   rw data
       ------                        ----    -------   -------
    .\
       AP.obj                        4036    64        1134   
       UART0.obj                     1724    0         24     
       UART1.obj                     420     0         536    
       ApplicationProcessor.obj      808     0         26     
       system_msp432p401r.obj        812     0         8      
       Clock.obj                     480     0         48     
       LaunchPad.obj                 244     0         0      
       startup_msp432p401r_ccs.obj   14      228       0      
       GPIO.obj                      192     0         0      
       CortexM.obj                   36      0         0      
    +--+-----------------------------+-------+---------+---------+
       Total:                        8766    292       1776   
                                                              
    C:\ti\ccs910\ccs\tools\compiler\ti-cgt-arm_18.12.2.LTS\lib\rtsv7M4_T_le_v4SPD16_eabi.lib
       defs.c.obj                    0       0         832    
       memory.c.obj                  676     0         16     
       trgmsg.c.obj                  108     0         576    
       fopen.c.obj                   528     0         8      
       host_device.c.obj             0       0         400    
       setvbuf.c.obj                 220     0         0      
       open.c.obj                    188     0         8      
       add_device.c.obj              184     0         8      
       memcpy_t2.asm.obj             156     0         0      
       memset_t2.asm.obj             122     0         0      
       fclose.c.obj                  116     0         0      
       getdevice.c.obj               116     0         0      
       hostopen.c.obj                96      0         16     
       copy_decompress_lzss.c.obj    104     0         0      
       hostlseek.c.obj               104     0         0      
       hostrename.c.obj              104     0         0      
       exit.c.obj                    76      0         24     
       close.c.obj                   92      0         0      
       hostread.c.obj                88      0         0      
       hostwrite.c.obj               88      0         0      
       fflush.c.obj                  76      0         0      
       autoinit.c.obj                68      0         0      
       hostclose.c.obj               68      0         0      
       hostunlink.c.obj              68      0         0      
       strncpy.c.obj                 54      0         0      
       boot_cortex_m.c.obj           52      0         0      
       unlink.c.obj                  44      0         0      
       write.c.obj                   40      0         0      
       strcmp.c.obj                  24      0         0      
       strchr.c.obj                  22      0         0      
       strcpy.c.obj                  20      0         0      
       strlen.c.obj                  20      0         0      
       _lock.c.obj                   2       0         16     
       copy_decompress_none.c.obj    14      0         0      
       copy_zero_init.c.obj          12      0         0      
       pre_init.c.obj                4       0         0      
    +--+-----------------------------+-------+---------+---------+
       Total:                        3754    0         1904   
                                                              
       Heap:                         0       0         2048   
       Stack:                        0       0         1024   
       Linker Generated:             0       297       0      
    +--+-----------------------------+-------+---------+---------+
       Grand Total:                  12520   589       6752   


LINKER GENERATED COPY TABLES

__TI_cinit_table @ 00003330 records: 2, size/record: 8, table size: 16
	.data: load addr=00003210, load size=00000105 bytes, run addr=20000870, run size=000002d0 bytes, compression=lzss
	.bss: load addr=00003328, load size=00000008 bytes, run addr=20000000, run size=00000469 bytes, compression=zero_init


LINKER GENERATED HANDLER TABLE

__TI_handler_table @ 00003318 records: 3, size/record: 4, table size: 12
	index: 0, handler: __TI_decompress_lzss
	index: 1, handler: __TI_decompress_none
	index: 2, handler: __TI_zero_init


GLOBAL SYMBOLS: SORTED ALPHABETICALLY BY Name 

address   name                           
-------   ----                           
000031b1  ADC14_IRQHandler               
000031b1  AES256_IRQHandler              
00000745  AP_AddCharacteristic           
00000901  AP_AddNotifyCharacteristic     
000006ed  AP_AddService                  
00000dc5  AP_BackgroundProcess           
00000289  AP_EchoReceived                
0000021d  AP_EchoSendMessage             
000006d7  AP_GetNotifyCCCD               
000001f3  AP_GetSize                     
00000c8d  AP_GetStatus                   
00000cc9  AP_GetVersion                  
0000010d  AP_Init                        
000004ad  AP_RecvMessage                 
00000689  AP_RecvStatus                  
00000725  AP_RegisterService             
000000e5  AP_Reset                       
00000311  AP_SendMessage                 
00000697  AP_SendMessageResponse         
00000b2d  AP_SendNotification            
00000c2d  AP_StartAdvertisement          
00000c7b  AP_StartAdvertisementJacki     
000031b1  BusFault_Handler               
00001b19  Button1                        
00001b2b  Button2                        
20000468  ByteData                       
000031cb  C$$EXIT                        
00002f43  C$$IO$$                        
000031b1  COMP_E0_IRQHandler             
000031b1  COMP_E1_IRQHandler             
20000a94  CPMwait                        
000031b1  CS_IRQHandler                  
20000b28  CharacteristicCount            
20000220  CharacteristicList             
20000a8c  ClockFrequency                 
00001f0d  Clock_Delay1ms                 
00001ee3  Clock_Delay1us                 
00001ecf  Clock_GetFreq                  
00001db9  Clock_Init48MHz                
20000aa0  Crystalstable                  
000031b1  DMA_ERR_IRQHandler             
000031b1  DMA_INT0_IRQHandler            
000031b1  DMA_INT1_IRQHandler            
000031b1  DMA_INT2_IRQHandler            
000031b1  DMA_INT3_IRQHandler            
000031b1  DebugMon_Handler               
000031b1  Default_Handler                
00003101  DisableInterrupts              
000031b1  EUSCIA0_IRQHandler             
000031b1  EUSCIA1_IRQHandler             
000020c1  EUSCIA2_IRQHandler             
000020c1  EUSCIA2_IRQHandler             
000031b1  EUSCIA3_IRQHandler             
000031b1  EUSCIB0_IRQHandler             
000031b1  EUSCIB1_IRQHandler             
000031b1  EUSCIB2_IRQHandler             
000031b1  EUSCIB3_IRQHandler             
00003107  EnableInterrupts               
00003117  EndCritical                    
000031b1  FLCTL_IRQHandler               
000031b1  FPU_IRQHandler                 
000025f5  GPIO_Init                      
000031f3  HCI_EXT_ResetSystemCmd         
00002e05  HOSTclose                      
00002acd  HOSTlseek                      
00002c05  HOSTopen                       
00002cc1  HOSTread                       
00002b35  HOSTrename                     
00002e49  HOSTunlink                     
00002d19  HOSTwrite                      
20000464  HalfWordData                   
000031b1  HardFault_Handler              
20000a9c  IFlags                         
00002249  LaunchPad_Init                 
000022b9  LaunchPad_Input                
000022d3  LaunchPad_LED                  
000022f1  LaunchPad_Output               
000031b1  MemManage_Handler              
20000430  Messageb                       
20000440  Messageindexb                  
000031b1  NMI_Handler                    
20000a4d  NPI_AddCharDescriptor          
20000ae0  NPI_AddCharValue               
20000afc  NPI_AddService                 
20000b05  NPI_CCCDUpdatedConfirmation    
20000a6d  NPI_GATTSetDeviceName          
000031fc  NPI_GetStatus                  
00003202  NPI_GetVersion                 
20000aa4  NPI_ReadConfirmation           
00003208  NPI_Register                   
20000ab9  NPI_SendNotificationIndication 
000031e2  NPI_SetAdvertisement1          
20000a28  NPI_SetAdvertisementData       
000031ce  NPI_StartAdvertisement         
20000b0e  NPI_WriteConfirmation          
20000444  NoSOFErr                       
20000b2c  NotifyCharacteristicCount      
200003e0  NotifyCharacteristicList       
00001a91  OutValue                       
000031b1  PCM_IRQHandler                 
000031b1  PORT1_IRQHandler               
000031b1  PORT2_IRQHandler               
000031b1  PORT3_IRQHandler               
000031b1  PORT4_IRQHandler               
000031b1  PORT5_IRQHandler               
000031b1  PORT6_IRQHandler               
000031b1  PSS_IRQHandler                 
000031b1  PendSV_Handler                 
20000a98  Postwait                       
20000a90  Prewait                        
000031b1  RTC_C_IRQHandler               
00001aa5  ReadByteData                   
00001ac3  ReadHalfWordData               
20000360  RecvBuf                        
000031a5  Reset_Handler                  
20000120  RxFIFO                         
20000448  RxFifoLost                     
00001ff1  RxFifo_Get                     
00001f99  RxFifo_Init                    
00001fab  RxFifo_Put                     
2000044c  RxGetI                         
20000450  RxPutI                         
000031b1  SVC_Handler                    
0000310d  StartCritical                  
20000466  Switch1                        
20000454  Switch2                        
000031b1  SysTick_Handler                
20000b3c  SystemCoreClock                
00001765  SystemCoreClockUpdate          
000019d9  SystemInit                     
000031b1  T32_INT1_IRQHandler            
000031b1  T32_INT2_IRQHandler            
000031b1  T32_INTC_IRQHandler            
000031b1  TA0_0_IRQHandler               
000031b1  TA0_N_IRQHandler               
000031b1  TA1_0_IRQHandler               
000031b1  TA1_N_IRQHandler               
000031b1  TA2_0_IRQHandler               
000031b1  TA2_N_IRQHandler               
000031b1  TA3_0_IRQHandler               
000031b1  TA3_N_IRQHandler               
20000458  TimeOutErr                     
000010ef  UART0_InChar                   
00001579  UART0_InString                 
00001139  UART0_InUDec                   
0000142d  UART0_InUHex                   
000010a9  UART0_Init                     
000016d9  UART0_Initprintf               
000010ff  UART0_OutChar                  
0000111b  UART0_OutString                
000011bd  UART0_OutUDec                  
00001329  UART0_OutUDec4                 
0000137d  UART0_OutUDec5                 
000013b9  UART0_OutUFix1                 
000013e1  UART0_OutUFix2                 
000014f1  UART0_OutUHex                  
0000155d  UART0_OutUHex2                 
000020f5  UART1_FinishOutput             
00002093  UART1_InChar                   
00002027  UART1_InStatus                 
00002037  UART1_Init                     
000020a5  UART1_OutChar                  
000020d7  UART1_OutString                
000031b1  UsageFault_Handler             
4000480c  WDTCTL_SYM                     
000031b1  WDT_A_IRQHandler               
0000311f  WaitForInterrupt               
2000045c  WordData                       
00001ae7  WriteByteData                  
00001b03  WriteWordData                  
20000000  __CIOBUF_                      
20010000  __STACK_END                    
00000200  __STACK_SIZE                   
00000400  __SYSMEM_SIZE                  
00003330  __TI_CINIT_Base                
00003340  __TI_CINIT_Limit               
00003318  __TI_Handler_Table_Base        
00003324  __TI_Handler_Table_Limit       
00002e8d  __TI_auto_init_nobinit_nopinit 
00002f85  __TI_cleanup                   
20000af0  __TI_cleanup_ptr               
00002a59  __TI_closefile                 
00002b9d  __TI_decompress_lzss           
00003197  __TI_decompress_none           
00002d71  __TI_doflush                   
20000af4  __TI_dtors_ptr                 
20000af8  __TI_enable_exit_profile_output
20000ad0  __TI_ft_end                    
ffffffff  __TI_pprof_out_hndl            
ffffffff  __TI_prof_data_size            
ffffffff  __TI_prof_data_start           
00002fb9  __TI_readmsg                   
00000000  __TI_static_base__             
200002c0  __TI_tmpnams                   
00002f15  __TI_writemsg                  
000031b3  __TI_zero_init                 
000029dd  __aeabi_memclr                 
000029dd  __aeabi_memclr4                
000029dd  __aeabi_memclr8                
000028c5  __aeabi_memcpy                 
000028c5  __aeabi_memcpy4                
000028c5  __aeabi_memcpy8                
000029df  __aeabi_memset                 
000029df  __aeabi_memset4                
000029df  __aeabi_memset8                
20000adc  __aeabi_stderr                 
20000ad4  __aeabi_stdin                  
20000ad8  __aeabi_stdout                 
ffffffff  __binit__                      
ffffffff  __c_args__                     
UNDEFED   __mpu_init                     
2000fe00  __stack                        
00002fed  _c_int00_noargs                
20000960  _device                        
20000870  _ftable                        
20000b18  _lock                          
00002a57  _nop                           
200009d8  _stream                        
20000470  _sys_memory                    
UNDEFED   _system_post_cinit             
000031c7  _system_pre_init               
20000b1c  _unlock                        
000031cb  abort                          
00002771  add_device                     
0000233d  aligned_alloc                  
ffffffff  binit                          
00002c65  close                          
00001ed5  delay                          
00002dbd  exit                           
20000460  fcserr                         
00001613  ferror                         
000015f3  fgetc                          
00003055  finddevice                     
00002829  fopen                          
00002431  free                           
00003021  freopen                        
00002ed1  getdevice                      
00000000  interruptVectors               
00001b3d  main                           
000031bf  malloc                         
0000233d  memalign                       
000028c5  memcpy                         
000029e5  memset                         
000026b5  open                           
00001535  outnibble                      
20000438  parmbuf                        
00003085  remove                         
00002519  setvbuf                        
00003159  strchr                         
00003141  strcmp                         
0000316f  strcpy                         
00003183  strlen                         
00002f4d  strncpy                        
00001631  uart_close                     
000016af  uart_lseek                     
00001621  uart_open                      
00001643  uart_read                      
000016cb  uart_rename                    
000016bf  uart_unlink                    
0000166d  uart_write                     
00003085  unlink                         
000030d9  write                          


GLOBAL SYMBOLS: SORTED BY Symbol Address 

address   name                           
-------   ----                           
00000000  __TI_static_base__             
00000000  interruptVectors               
000000e5  AP_Reset                       
0000010d  AP_Init                        
000001f3  AP_GetSize                     
00000200  __STACK_SIZE                   
0000021d  AP_EchoSendMessage             
00000289  AP_EchoReceived                
00000311  AP_SendMessage                 
00000400  __SYSMEM_SIZE                  
000004ad  AP_RecvMessage                 
00000689  AP_RecvStatus                  
00000697  AP_SendMessageResponse         
000006d7  AP_GetNotifyCCCD               
000006ed  AP_AddService                  
00000725  AP_RegisterService             
00000745  AP_AddCharacteristic           
00000901  AP_AddNotifyCharacteristic     
00000b2d  AP_SendNotification            
00000c2d  AP_StartAdvertisement          
00000c7b  AP_StartAdvertisementJacki     
00000c8d  AP_GetStatus                   
00000cc9  AP_GetVersion                  
00000dc5  AP_BackgroundProcess           
000010a9  UART0_Init                     
000010ef  UART0_InChar                   
000010ff  UART0_OutChar                  
0000111b  UART0_OutString                
00001139  UART0_InUDec                   
000011bd  UART0_OutUDec                  
00001329  UART0_OutUDec4                 
0000137d  UART0_OutUDec5                 
000013b9  UART0_OutUFix1                 
000013e1  UART0_OutUFix2                 
0000142d  UART0_InUHex                   
000014f1  UART0_OutUHex                  
00001535  outnibble                      
0000155d  UART0_OutUHex2                 
00001579  UART0_InString                 
000015f3  fgetc                          
00001613  ferror                         
00001621  uart_open                      
00001631  uart_close                     
00001643  uart_read                      
0000166d  uart_write                     
000016af  uart_lseek                     
000016bf  uart_unlink                    
000016cb  uart_rename                    
000016d9  UART0_Initprintf               
00001765  SystemCoreClockUpdate          
000019d9  SystemInit                     
00001a91  OutValue                       
00001aa5  ReadByteData                   
00001ac3  ReadHalfWordData               
00001ae7  WriteByteData                  
00001b03  WriteWordData                  
00001b19  Button1                        
00001b2b  Button2                        
00001b3d  main                           
00001db9  Clock_Init48MHz                
00001ecf  Clock_GetFreq                  
00001ed5  delay                          
00001ee3  Clock_Delay1us                 
00001f0d  Clock_Delay1ms                 
00001f99  RxFifo_Init                    
00001fab  RxFifo_Put                     
00001ff1  RxFifo_Get                     
00002027  UART1_InStatus                 
00002037  UART1_Init                     
00002093  UART1_InChar                   
000020a5  UART1_OutChar                  
000020c1  EUSCIA2_IRQHandler             
000020c1  EUSCIA2_IRQHandler             
000020d7  UART1_OutString                
000020f5  UART1_FinishOutput             
00002249  LaunchPad_Init                 
000022b9  LaunchPad_Input                
000022d3  LaunchPad_LED                  
000022f1  LaunchPad_Output               
0000233d  aligned_alloc                  
0000233d  memalign                       
00002431  free                           
00002519  setvbuf                        
000025f5  GPIO_Init                      
000026b5  open                           
00002771  add_device                     
00002829  fopen                          
000028c5  __aeabi_memcpy                 
000028c5  __aeabi_memcpy4                
000028c5  __aeabi_memcpy8                
000028c5  memcpy                         
000029dd  __aeabi_memclr                 
000029dd  __aeabi_memclr4                
000029dd  __aeabi_memclr8                
000029df  __aeabi_memset                 
000029df  __aeabi_memset4                
000029df  __aeabi_memset8                
000029e5  memset                         
00002a57  _nop                           
00002a59  __TI_closefile                 
00002acd  HOSTlseek                      
00002b35  HOSTrename                     
00002b9d  __TI_decompress_lzss           
00002c05  HOSTopen                       
00002c65  close                          
00002cc1  HOSTread                       
00002d19  HOSTwrite                      
00002d71  __TI_doflush                   
00002dbd  exit                           
00002e05  HOSTclose                      
00002e49  HOSTunlink                     
00002e8d  __TI_auto_init_nobinit_nopinit 
00002ed1  getdevice                      
00002f15  __TI_writemsg                  
00002f43  C$$IO$$                        
00002f4d  strncpy                        
00002f85  __TI_cleanup                   
00002fb9  __TI_readmsg                   
00002fed  _c_int00_noargs                
00003021  freopen                        
00003055  finddevice                     
00003085  remove                         
00003085  unlink                         
000030d9  write                          
00003101  DisableInterrupts              
00003107  EnableInterrupts               
0000310d  StartCritical                  
00003117  EndCritical                    
0000311f  WaitForInterrupt               
00003141  strcmp                         
00003159  strchr                         
0000316f  strcpy                         
00003183  strlen                         
00003197  __TI_decompress_none           
000031a5  Reset_Handler                  
000031b1  ADC14_IRQHandler               
000031b1  AES256_IRQHandler              
000031b1  BusFault_Handler               
000031b1  COMP_E0_IRQHandler             
000031b1  COMP_E1_IRQHandler             
000031b1  CS_IRQHandler                  
000031b1  DMA_ERR_IRQHandler             
000031b1  DMA_INT0_IRQHandler            
000031b1  DMA_INT1_IRQHandler            
000031b1  DMA_INT2_IRQHandler            
000031b1  DMA_INT3_IRQHandler            
000031b1  DebugMon_Handler               
000031b1  Default_Handler                
000031b1  EUSCIA0_IRQHandler             
000031b1  EUSCIA1_IRQHandler             
000031b1  EUSCIA3_IRQHandler             
000031b1  EUSCIB0_IRQHandler             
000031b1  EUSCIB1_IRQHandler             
000031b1  EUSCIB2_IRQHandler             
000031b1  EUSCIB3_IRQHandler             
000031b1  FLCTL_IRQHandler               
000031b1  FPU_IRQHandler                 
000031b1  HardFault_Handler              
000031b1  MemManage_Handler              
000031b1  NMI_Handler                    
000031b1  PCM_IRQHandler                 
000031b1  PORT1_IRQHandler               
000031b1  PORT2_IRQHandler               
000031b1  PORT3_IRQHandler               
000031b1  PORT4_IRQHandler               
000031b1  PORT5_IRQHandler               
000031b1  PORT6_IRQHandler               
000031b1  PSS_IRQHandler                 
000031b1  PendSV_Handler                 
000031b1  RTC_C_IRQHandler               
000031b1  SVC_Handler                    
000031b1  SysTick_Handler                
000031b1  T32_INT1_IRQHandler            
000031b1  T32_INT2_IRQHandler            
000031b1  T32_INTC_IRQHandler            
000031b1  TA0_0_IRQHandler               
000031b1  TA0_N_IRQHandler               
000031b1  TA1_0_IRQHandler               
000031b1  TA1_N_IRQHandler               
000031b1  TA2_0_IRQHandler               
000031b1  TA2_N_IRQHandler               
000031b1  TA3_0_IRQHandler               
000031b1  TA3_N_IRQHandler               
000031b1  UsageFault_Handler             
000031b1  WDT_A_IRQHandler               
000031b3  __TI_zero_init                 
000031bf  malloc                         
000031c7  _system_pre_init               
000031cb  C$$EXIT                        
000031cb  abort                          
000031ce  NPI_StartAdvertisement         
000031e2  NPI_SetAdvertisement1          
000031f3  HCI_EXT_ResetSystemCmd         
000031fc  NPI_GetStatus                  
00003202  NPI_GetVersion                 
00003208  NPI_Register                   
00003318  __TI_Handler_Table_Base        
00003324  __TI_Handler_Table_Limit       
00003330  __TI_CINIT_Base                
00003340  __TI_CINIT_Limit               
20000000  __CIOBUF_                      
20000120  RxFIFO                         
20000220  CharacteristicList             
200002c0  __TI_tmpnams                   
20000360  RecvBuf                        
200003e0  NotifyCharacteristicList       
20000430  Messageb                       
20000438  parmbuf                        
20000440  Messageindexb                  
20000444  NoSOFErr                       
20000448  RxFifoLost                     
2000044c  RxGetI                         
20000450  RxPutI                         
20000454  Switch2                        
20000458  TimeOutErr                     
2000045c  WordData                       
20000460  fcserr                         
20000464  HalfWordData                   
20000466  Switch1                        
20000468  ByteData                       
20000470  _sys_memory                    
20000870  _ftable                        
20000960  _device                        
200009d8  _stream                        
20000a28  NPI_SetAdvertisementData       
20000a4d  NPI_AddCharDescriptor          
20000a6d  NPI_GATTSetDeviceName          
20000a8c  ClockFrequency                 
20000a90  Prewait                        
20000a94  CPMwait                        
20000a98  Postwait                       
20000a9c  IFlags                         
20000aa0  Crystalstable                  
20000aa4  NPI_ReadConfirmation           
20000ab9  NPI_SendNotificationIndication 
20000ad0  __TI_ft_end                    
20000ad4  __aeabi_stdin                  
20000ad8  __aeabi_stdout                 
20000adc  __aeabi_stderr                 
20000ae0  NPI_AddCharValue               
20000af0  __TI_cleanup_ptr               
20000af4  __TI_dtors_ptr                 
20000af8  __TI_enable_exit_profile_output
20000afc  NPI_AddService                 
20000b05  NPI_CCCDUpdatedConfirmation    
20000b0e  NPI_WriteConfirmation          
20000b18  _lock                          
20000b1c  _unlock                        
20000b28  CharacteristicCount            
20000b2c  NotifyCharacteristicCount      
20000b3c  SystemCoreClock                
2000fe00  __stack                        
20010000  __STACK_END                    
4000480c  WDTCTL_SYM                     
ffffffff  __TI_pprof_out_hndl            
ffffffff  __TI_prof_data_size            
ffffffff  __TI_prof_data_start           
ffffffff  __binit__                      
ffffffff  __c_args__                     
ffffffff  binit                          
UNDEFED   __mpu_init                     
UNDEFED   _system_post_cinit             

[262 symbols]
