******************************************************************************
                  TI ARM Linker PC v18.12.2                    
******************************************************************************
>> Linked Wed Aug 28 15:14:00 2019

OUTPUT FILE NAME:   <Lab17_Control.out>
ENTRY POINT SYMBOL: "_c_int00_noargs"  address: 00000b89


MEMORY CONFIGURATION

         name            origin    length      used     unused   attr    fill
----------------------  --------  ---------  --------  --------  ----  --------
  MAIN                  00000000   00040000  00000c8c  0003f374  R  X
  INFO                  00200000   00004000  00000000  00004000  R  X
  SRAM_CODE             01000000   00010000  00000615  0000f9eb  RW X
  SRAM_DATA             20000000   00010000  00000615  0000f9eb  RW  


SEGMENT ALLOCATION MAP

run origin  load origin   length   init length attrs members
----------  ----------- ---------- ----------- ----- -------
00000000    00000000    00000c90   00000c90    r-x
  00000000    00000000    000000e4   000000e4    r-- .intvecs
  000000e4    000000e4    00000b78   00000b78    r-x .text
  00000c60    00000c60    00000030   00000030    r-- .cinit
20000000    20000000    00000415   00000000    rw-
  20000000    20000000    00000400   00000000    rw- .sysmem
  20000400    20000400    00000010   00000000    rw- .data
  20000410    20000410    00000005   00000000    rw- .bss
2000fe00    2000fe00    00000200   00000000    rw-
  2000fe00    2000fe00    00000200   00000000    rw- .stack


SECTION ALLOCATION MAP

 output                                  attributes/
section   page    origin      length       input sections
--------  ----  ----------  ----------   ----------------
.intvecs   0    00000000    000000e4     
                  00000000    000000e4     startup_msp432p401r_ccs.obj (.intvecs:retain)

.text      0    000000e4    00000b78     
                  000000e4    00000630     TExaS.obj (.text)
                  00000714    0000032c     system_msp432p401r.obj (.text)
                  00000a40    0000009c     rtsv7M4_T_le_v4SPD16_eabi.lib : memcpy_t2.asm.obj (.text)
                  00000adc    00000068                                   : copy_decompress_lzss.c.obj (.text:decompress:lzss:__TI_decompress_lzss)
                  00000b44    00000044                                   : autoinit.c.obj (.text:__TI_auto_init_nobinit_nopinit:__TI_auto_init_nobinit_nopinit)
                  00000b88    00000034                                   : boot_cortex_m.c.obj (.text:_c_int00_noargs:_c_int00_noargs)
                  00000bbc    00000024     CortexM.obj (.text)
                  00000be0    0000001c     TA3InputCapture.obj (.text)
                  00000bfc    0000001c     rtsv7M4_T_le_v4SPD16_eabi.lib : copy_zero_init.c.obj (.text:decompress:ZI:__TI_zero_init_nomemset:__TI_zero_init_nomemset)
                  00000c18    00000012     TimerA1.obj (.text)
                  00000c2a    0000000e     Lab17_Control.obj (.text)
                  00000c38    0000000e     rtsv7M4_T_le_v4SPD16_eabi.lib : copy_decompress_none.c.obj (.text:decompress:none:__TI_decompress_none)
                  00000c46    0000000e     startup_msp432p401r_ccs.obj (.text)
                  00000c54    00000004     rtsv7M4_T_le_v4SPD16_eabi.lib : pre_init.c.obj (.text:_system_pre_init)
                  00000c58    00000004                                   : exit.c.obj (.text:abort:abort)

.cinit     0    00000c60    00000030     
                  00000c60    0000000c     (__TI_handler_table)
                  00000c6c    0000000b     (.cinit..data.load) [load image, compression = lzss]
                  00000c77    00000001     --HOLE-- [fill = 0]
                  00000c78    00000008     (.cinit..bss.load) [load image, compression = zero_init]
                  00000c80    00000010     (__TI_cinit_table)

.init_array 
*          0    00000000    00000000     UNINITIALIZED

.binit     0    00000000    00000000     

.sysmem    0    20000000    00000400     UNINITIALIZED
                  20000000    00000010     rtsv7M4_T_le_v4SPD16_eabi.lib : memory.c.obj (.sysmem)
                  20000010    000003f0     --HOLE--

.data      0    20000400    00000010     UNINITIALIZED
                  20000400    0000000c     TExaS.obj (.data)
                  2000040c    00000004     system_msp432p401r.obj (.data)

.bss       0    20000410    00000005     UNINITIALIZED
                  20000410    00000004     (.common:PeriodicTask2)
                  20000414    00000001     (.common:LogicData)

.stack     0    2000fe00    00000200     UNINITIALIZED
                  2000fe00    00000004     rtsv7M4_T_le_v4SPD16_eabi.lib : boot_cortex_m.c.obj (.stack)
                  2000fe04    000001fc     --HOLE--

MODULE SUMMARY

       Module                        code   ro data   rw data
       ------                        ----   -------   -------
    .\
       TExaS.obj                     1584   0         34     
       system_msp432p401r.obj        812    0         8      
       startup_msp432p401r_ccs.obj   14     228       0      
       CortexM.obj                   36     0         0      
       TA3InputCapture.obj           28     0         0      
       TimerA1.obj                   18     0         0      
       Lab17_Control.obj             14     0         0      
    +--+-----------------------------+------+---------+---------+
       Total:                        2506   228       42     
                                                             
    C:\ti\ccs910\ccs\tools\compiler\ti-cgt-arm_18.12.2.LTS\lib\rtsv7M4_T_le_v4SPD16_eabi.lib
       memcpy_t2.asm.obj             156    0         0      
       copy_decompress_lzss.c.obj    104    0         0      
       autoinit.c.obj                68     0         0      
       boot_cortex_m.c.obj           52     0         0      
       copy_zero_init.c.obj          28     0         0      
       copy_decompress_none.c.obj    14     0         0      
       exit.c.obj                    4      0         0      
       pre_init.c.obj                4      0         0      
    +--+-----------------------------+------+---------+---------+
       Total:                        430    0         0      
                                                             
       Heap:                         0      0         2048   
       Stack:                        0      0         1024   
       Linker Generated:             0      47        0      
    +--+-----------------------------+------+---------+---------+
       Grand Total:                  2936   275       3114   


LINKER GENERATED COPY TABLES

__TI_cinit_table @ 00000c80 records: 2, size/record: 8, table size: 16
	.data: load addr=00000c6c, load size=0000000b bytes, run addr=20000400, run size=00000010 bytes, compression=lzss
	.bss: load addr=00000c78, load size=00000008 bytes, run addr=20000410, run size=00000005 bytes, compression=zero_init


LINKER GENERATED HANDLER TABLE

__TI_handler_table @ 00000c60 records: 3, size/record: 4, table size: 12
	index: 0, handler: __TI_decompress_lzss
	index: 1, handler: __TI_decompress_none
	index: 2, handler: __TI_zero_init


GLOBAL SYMBOLS: SORTED ALPHABETICALLY BY Name 

address   name                          
-------   ----                          
00000c53  ADC14_IRQHandler              
00000475  ADC_Init                      
00000c53  AES256_IRQHandler             
00000c53  BusFault_Handler              
00000c59  C$$EXIT                       
00000c53  COMP_E0_IRQHandler            
00000c53  COMP_E1_IRQHandler            
00000c53  CS_IRQHandler                 
00000c2b  Controller                    
00000c53  DMA_ERR_IRQHandler            
00000c53  DMA_INT0_IRQHandler           
00000c53  DMA_INT1_IRQHandler           
00000c53  DMA_INT2_IRQHandler           
00000c53  DMA_INT3_IRQHandler           
00000c53  DebugMon_Handler              
00000c53  Default_Handler               
00000bbd  DisableInterrupts             
00000c53  EUSCIA0_IRQHandler            
00000c53  EUSCIA1_IRQHandler            
00000c53  EUSCIA2_IRQHandler            
00000c53  EUSCIA3_IRQHandler            
00000c53  EUSCIB0_IRQHandler            
00000c53  EUSCIB1_IRQHandler            
00000c53  EUSCIB2_IRQHandler            
00000c53  EUSCIB3_IRQHandler            
00000bc3  EnableInterrupts              
00000bd3  EndCritical                   
00000c53  FLCTL_IRQHandler              
00000c53  FPU_IRQHandler                
00000c53  HardFault_Handler             
000000e5  LogicAnalyzer                 
000000ef  LogicAnalyzer_P1              
000001c5  LogicAnalyzer_P10             
000000fd  LogicAnalyzer_P2              
0000010b  LogicAnalyzer_P2_7654         
0000011b  LogicAnalyzer_P3              
00000129  LogicAnalyzer_P4              
00000147  LogicAnalyzer_P4_765320       
00000137  LogicAnalyzer_P4_765432       
0000017f  LogicAnalyzer_P5              
0000018d  LogicAnalyzer_P6              
0000019b  LogicAnalyzer_P7              
000001a9  LogicAnalyzer_P8              
000001b7  LogicAnalyzer_P9              
20000414  LogicData                     
00000c53  MemManage_Handler             
00000c53  NMI_Handler                   
00000c53  PCM_IRQHandler                
00000c53  PORT1_IRQHandler              
00000c53  PORT2_IRQHandler              
00000c53  PORT3_IRQHandler              
00000c53  PORT4_IRQHandler              
00000c53  PORT5_IRQHandler              
00000c53  PORT6_IRQHandler              
00000c53  PSS_IRQHandler                
00000c53  PendSV_Handler                
20000410  PeriodicTask2                 
00000257  PeriodicTask2_Init            
000002d1  PeriodicTask2_Stop            
00000c53  RTC_C_IRQHandler              
00000c47  Reset_Handler                 
00000c53  SVC_Handler                   
000001d3  Scope                         
00000bc9  StartCritical                 
00000c53  SysTick_Handler               
2000040c  SystemCoreClock               
00000715  SystemCoreClockUpdate         
00000989  SystemInit                    
000002c1  T32_INT1_IRQHandler           
000002c1  T32_INT1_IRQHandler           
00000c53  T32_INT2_IRQHandler           
00000c53  T32_INTC_IRQHandler           
00000c53  TA0_0_IRQHandler              
00000c53  TA0_N_IRQHandler              
00000c29  TA1_0_IRQHandler              
00000c29  TA1_0_IRQHandler              
00000c53  TA1_N_IRQHandler              
00000c53  TA2_0_IRQHandler              
00000c53  TA2_N_IRQHandler              
00000bf9  TA3_0_IRQHandler              
00000bf9  TA3_0_IRQHandler              
00000bfb  TA3_N_IRQHandler              
00000bfb  TA3_N_IRQHandler              
00000413  TExaS_Clear0                  
0000041f  TExaS_Clear1                  
0000042b  TExaS_Clear2                  
00000437  TExaS_Clear3                  
00000443  TExaS_Clear4                  
00000445  TExaS_Clear5                  
00000451  TExaS_Clear6                  
00000551  TExaS_Init                    
20000404  TExaS_ScopeErrConflict        
20000400  TExaS_ScopeErrLostData        
20000408  TExaS_ScopeWrnReconfig        
000003b1  TExaS_Set                     
000003c9  TExaS_Set0                    
000003d5  TExaS_Set1                    
000003e1  TExaS_Set2                    
000003ed  TExaS_Set3                    
000003f9  TExaS_Set4                    
000003fb  TExaS_Set5                    
00000407  TExaS_Set6                    
000006b1  TExaS_Stop                    
00000367  TExaS_Task0                   
00000373  TExaS_Task1                   
0000037f  TExaS_Task2                   
0000038b  TExaS_Task3                   
00000397  TExaS_Task4                   
00000399  TExaS_Task5                   
000003a5  TExaS_Task6                   
00000c19  TimerA1_Init                  
00000c27  TimerA1_Stop                  
00000bed  TimerA3Capture_Init           
0000033b  UART_InChar                   
000002e1  UART_Init                     
0000034b  UART_OutChar                  
00000c53  UsageFault_Handler            
4000480c  WDTCTL_SYM                    
00000c53  WDT_A_IRQHandler              
00000bdb  WaitForInterrupt              
20010000  __STACK_END                   
00000200  __STACK_SIZE                  
00000400  __SYSMEM_SIZE                 
00000c80  __TI_CINIT_Base               
00000c90  __TI_CINIT_Limit              
00000c60  __TI_Handler_Table_Base       
00000c6c  __TI_Handler_Table_Limit      
00000b45  __TI_auto_init_nobinit_nopinit
00000add  __TI_decompress_lzss          
00000c39  __TI_decompress_none          
ffffffff  __TI_pprof_out_hndl           
ffffffff  __TI_prof_data_size           
ffffffff  __TI_prof_data_start          
00000000  __TI_static_base__            
00000bfd  __TI_zero_init_nomemset       
00000a41  __aeabi_memcpy                
00000a41  __aeabi_memcpy4               
00000a41  __aeabi_memcpy8               
ffffffff  __binit__                     
ffffffff  __c_args__                    
UNDEFED   __mpu_init                    
2000fe00  __stack                       
00000b89  _c_int00_noargs               
20000000  _sys_memory                   
UNDEFED   _system_post_cinit            
00000c55  _system_pre_init              
00000c59  abort                         
ffffffff  binit                         
00000000  interruptVectors              
00000c2d  main                          
00000a41  memcpy                        
00000be1  ta3dummy                      


GLOBAL SYMBOLS: SORTED BY Symbol Address 

address   name                          
-------   ----                          
00000000  __TI_static_base__            
00000000  interruptVectors              
000000e5  LogicAnalyzer                 
000000ef  LogicAnalyzer_P1              
000000fd  LogicAnalyzer_P2              
0000010b  LogicAnalyzer_P2_7654         
0000011b  LogicAnalyzer_P3              
00000129  LogicAnalyzer_P4              
00000137  LogicAnalyzer_P4_765432       
00000147  LogicAnalyzer_P4_765320       
0000017f  LogicAnalyzer_P5              
0000018d  LogicAnalyzer_P6              
0000019b  LogicAnalyzer_P7              
000001a9  LogicAnalyzer_P8              
000001b7  LogicAnalyzer_P9              
000001c5  LogicAnalyzer_P10             
000001d3  Scope                         
00000200  __STACK_SIZE                  
00000257  PeriodicTask2_Init            
000002c1  T32_INT1_IRQHandler           
000002c1  T32_INT1_IRQHandler           
000002d1  PeriodicTask2_Stop            
000002e1  UART_Init                     
0000033b  UART_InChar                   
0000034b  UART_OutChar                  
00000367  TExaS_Task0                   
00000373  TExaS_Task1                   
0000037f  TExaS_Task2                   
0000038b  TExaS_Task3                   
00000397  TExaS_Task4                   
00000399  TExaS_Task5                   
000003a5  TExaS_Task6                   
000003b1  TExaS_Set                     
000003c9  TExaS_Set0                    
000003d5  TExaS_Set1                    
000003e1  TExaS_Set2                    
000003ed  TExaS_Set3                    
000003f9  TExaS_Set4                    
000003fb  TExaS_Set5                    
00000400  __SYSMEM_SIZE                 
00000407  TExaS_Set6                    
00000413  TExaS_Clear0                  
0000041f  TExaS_Clear1                  
0000042b  TExaS_Clear2                  
00000437  TExaS_Clear3                  
00000443  TExaS_Clear4                  
00000445  TExaS_Clear5                  
00000451  TExaS_Clear6                  
00000475  ADC_Init                      
00000551  TExaS_Init                    
000006b1  TExaS_Stop                    
00000715  SystemCoreClockUpdate         
00000989  SystemInit                    
00000a41  __aeabi_memcpy                
00000a41  __aeabi_memcpy4               
00000a41  __aeabi_memcpy8               
00000a41  memcpy                        
00000add  __TI_decompress_lzss          
00000b45  __TI_auto_init_nobinit_nopinit
00000b89  _c_int00_noargs               
00000bbd  DisableInterrupts             
00000bc3  EnableInterrupts              
00000bc9  StartCritical                 
00000bd3  EndCritical                   
00000bdb  WaitForInterrupt              
00000be1  ta3dummy                      
00000bed  TimerA3Capture_Init           
00000bf9  TA3_0_IRQHandler              
00000bf9  TA3_0_IRQHandler              
00000bfb  TA3_N_IRQHandler              
00000bfb  TA3_N_IRQHandler              
00000bfd  __TI_zero_init_nomemset       
00000c19  TimerA1_Init                  
00000c27  TimerA1_Stop                  
00000c29  TA1_0_IRQHandler              
00000c29  TA1_0_IRQHandler              
00000c2b  Controller                    
00000c2d  main                          
00000c39  __TI_decompress_none          
00000c47  Reset_Handler                 
00000c53  ADC14_IRQHandler              
00000c53  AES256_IRQHandler             
00000c53  BusFault_Handler              
00000c53  COMP_E0_IRQHandler            
00000c53  COMP_E1_IRQHandler            
00000c53  CS_IRQHandler                 
00000c53  DMA_ERR_IRQHandler            
00000c53  DMA_INT0_IRQHandler           
00000c53  DMA_INT1_IRQHandler           
00000c53  DMA_INT2_IRQHandler           
00000c53  DMA_INT3_IRQHandler           
00000c53  DebugMon_Handler              
00000c53  Default_Handler               
00000c53  EUSCIA0_IRQHandler            
00000c53  EUSCIA1_IRQHandler            
00000c53  EUSCIA2_IRQHandler            
00000c53  EUSCIA3_IRQHandler            
00000c53  EUSCIB0_IRQHandler            
00000c53  EUSCIB1_IRQHandler            
00000c53  EUSCIB2_IRQHandler            
00000c53  EUSCIB3_IRQHandler            
00000c53  FLCTL_IRQHandler              
00000c53  FPU_IRQHandler                
00000c53  HardFault_Handler             
00000c53  MemManage_Handler             
00000c53  NMI_Handler                   
00000c53  PCM_IRQHandler                
00000c53  PORT1_IRQHandler              
00000c53  PORT2_IRQHandler              
00000c53  PORT3_IRQHandler              
00000c53  PORT4_IRQHandler              
00000c53  PORT5_IRQHandler              
00000c53  PORT6_IRQHandler              
00000c53  PSS_IRQHandler                
00000c53  PendSV_Handler                
00000c53  RTC_C_IRQHandler              
00000c53  SVC_Handler                   
00000c53  SysTick_Handler               
00000c53  T32_INT2_IRQHandler           
00000c53  T32_INTC_IRQHandler           
00000c53  TA0_0_IRQHandler              
00000c53  TA0_N_IRQHandler              
00000c53  TA1_N_IRQHandler              
00000c53  TA2_0_IRQHandler              
00000c53  TA2_N_IRQHandler              
00000c53  UsageFault_Handler            
00000c53  WDT_A_IRQHandler              
00000c55  _system_pre_init              
00000c59  C$$EXIT                       
00000c59  abort                         
00000c60  __TI_Handler_Table_Base       
00000c6c  __TI_Handler_Table_Limit      
00000c80  __TI_CINIT_Base               
00000c90  __TI_CINIT_Limit              
20000000  _sys_memory                   
20000400  TExaS_ScopeErrLostData        
20000404  TExaS_ScopeErrConflict        
20000408  TExaS_ScopeWrnReconfig        
2000040c  SystemCoreClock               
20000410  PeriodicTask2                 
20000414  LogicData                     
2000fe00  __stack                       
20010000  __STACK_END                   
4000480c  WDTCTL_SYM                    
ffffffff  __TI_pprof_out_hndl           
ffffffff  __TI_prof_data_size           
ffffffff  __TI_prof_data_start          
ffffffff  __binit__                     
ffffffff  __c_args__                    
ffffffff  binit                         
UNDEFED   __mpu_init                    
UNDEFED   _system_post_cinit            

[152 symbols]
