******************************************************************************
                  TI ARM Linker PC v18.12.2                    
******************************************************************************
>> Linked Wed Aug 28 15:13:52 2019

OUTPUT FILE NAME:   <Lab15_ADC.out>
ENTRY POINT SYMBOL: "_c_int00_noargs"  address: 00002685


MEMORY CONFIGURATION

         name            origin    length      used     unused   attr    fill
----------------------  --------  ---------  --------  --------  ----  --------
  MAIN                  00000000   00040000  00002934  0003d6cc  R  X
  INFO                  00200000   00004000  00000000  00004000  R  X
  SRAM_CODE             01000000   00010000  00004628  0000b9d8  RW X
  SRAM_DATA             20000000   00010000  00004628  0000b9d8  RW  


SEGMENT ALLOCATION MAP

run origin  load origin   length   init length attrs members
----------  ----------- ---------- ----------- ----- -------
00000000    00000000    00002938   00002938    r-x
  00000000    00000000    000000e4   000000e4    r-- .intvecs
  000000e4    000000e4    000027b8   000027b8    r-x .text
  000028a0    000028a0    00000098   00000098    r-- .cinit
20000000    20000000    0000442c   00000000    rw-
  20000000    20000000    00003e1c   00000000    rw- .bss
  20003e20    20003e20    00000400   00000000    rw- .sysmem
  20004220    20004220    0000020c   00000000    rw- .data
2000fe00    2000fe00    00000200   00000000    rw-
  2000fe00    2000fe00    00000200   00000000    rw- .stack


SECTION ALLOCATION MAP

 output                                  attributes/
section   page    origin      length       input sections
--------  ----  ----------  ----------   ----------------
.intvecs   0    00000000    000000e4     
                  00000000    000000e4     startup_msp432p401r_ccs.obj (.intvecs:retain)

.text      0    000000e4    000027b8     
                  000000e4    00000798     Lab15_ADCmain.obj (.text)
                  0000087c    000006bc     UART0.obj (.text)
                  00000f38    0000032c     system_msp432p401r.obj (.text)
                  00001264    00000308     LPF.obj (.text)
                  0000156c    000001e0     Clock.obj (.text)
                  0000174c    00000148     ADC14.obj (.text)
                  00001894    0000010c     rtsv7M4_T_le_v4SPD16_eabi.lib : fopen.c.obj (.text:_openfile)
                  000019a0    000000f4     LaunchPad.obj (.text)
                  00001a94    000000f4     rtsv7M4_T_le_v4SPD16_eabi.lib : memory.c.obj (.text:aligned_alloc)
                  00001b88    000000e8                                   : memory.c.obj (.text:free)
                  00001c70    000000dc                                   : setvbuf.c.obj (.text:setvbuf)
                  00001d4c    000000bc                                   : open.c.obj (.text:open)
                  00001e08    000000b8                                   : add_device.c.obj (.text:add_device)
                  00001ec0    0000009c                                   : fopen.c.obj (.text:fopen)
                  00001f5c    0000009c                                   : memcpy_t2.asm.obj (.text)
                  00001ff8    0000007c                                   : memory.c.obj (.text:split)
                  00002074    0000007a                                   : memset_t2.asm.obj (.text)
                  000020ee    00000002                                   : _lock.c.obj (.text:_nop)
                  000020f0    00000074                                   : fclose.c.obj (.text:__TI_closefile)
                  00002164    00000068                                   : hostlseek.c.obj (.text:HOSTlseek)
                  000021cc    00000068                                   : hostrename.c.obj (.text:HOSTrename)
                  00002234    00000068                                   : copy_decompress_lzss.c.obj (.text:decompress:lzss:__TI_decompress_lzss)
                  0000229c    00000060                                   : hostopen.c.obj (.text:HOSTopen)
                  000022fc    0000005c                                   : close.c.obj (.text:close)
                  00002358    00000058                                   : hostread.c.obj (.text:HOSTread)
                  000023b0    00000058                                   : hostwrite.c.obj (.text:HOSTwrite)
                  00002408    0000004c                                   : fflush.c.obj (.text:__TI_doflush)
                  00002454    00000048                                   : exit.c.obj (.text:exit)
                  0000249c    00000044                                   : hostclose.c.obj (.text:HOSTclose)
                  000024e0    00000044                                   : hostunlink.c.obj (.text:HOSTunlink)
                  00002524    00000044                                   : autoinit.c.obj (.text:__TI_auto_init_nobinit_nopinit:__TI_auto_init_nobinit_nopinit)
                  00002568    00000044                                   : getdevice.c.obj (.text:getdevice)
                  000025ac    00000038                                   : trgmsg.c.obj (.text:__TI_writemsg)
                  000025e4    00000036                                   : strncpy.c.obj (.text:strncpy)
                  0000261a    00000002     --HOLE-- [fill = 0]
                  0000261c    00000034                                   : fopen.c.obj (.text:__TI_cleanup)
                  00002650    00000034                                   : trgmsg.c.obj (.text:__TI_readmsg)
                  00002684    00000034                                   : boot_cortex_m.c.obj (.text:_c_int00_noargs:_c_int00_noargs)
                  000026b8    00000034                                   : fopen.c.obj (.text:freopen)
                  000026ec    00000030                                   : getdevice.c.obj (.text:finddevice)
                  0000271c    0000002c                                   : unlink.c.obj (.text:unlink)
                  00002748    00000028                                   : memory.c.obj (.text:free_list_insert)
                  00002770    00000028                                   : write.c.obj (.text:write)
                  00002798    00000024     CortexM.obj (.text)
                  000027bc    00000024     IRDistance.obj (.text)
                  000027e0    0000001c     rtsv7M4_T_le_v4SPD16_eabi.lib : memory.c.obj (.text:free_list_remove)
                  000027fc    00000018                                   : strcmp.c.obj (.text:strcmp)
                  00002814    00000016                                   : strchr.c.obj (.text:strchr)
                  0000282a    00000014                                   : strcpy.c.obj (.text:strcpy)
                  0000283e    00000014                                   : strlen.c.obj (.text:strlen)
                  00002852    00000012     TimerA1.obj (.text)
                  00002864    0000000e     rtsv7M4_T_le_v4SPD16_eabi.lib : copy_decompress_none.c.obj (.text:decompress:none:__TI_decompress_none)
                  00002872    0000000e     startup_msp432p401r_ccs.obj (.text)
                  00002880    0000000c     rtsv7M4_T_le_v4SPD16_eabi.lib : copy_zero_init.c.obj (.text:decompress:ZI:__TI_zero_init)
                  0000288c    00000008                                   : memory.c.obj (.text:malloc)
                  00002894    00000004                                   : pre_init.c.obj (.text:_system_pre_init)
                  00002898    00000004                                   : exit.c.obj (.text:abort:abort)

.cinit     0    000028a0    00000098     
                  000028a0    00000070     (.cinit..data.load) [load image, compression = lzss]
                  00002910    0000000c     (__TI_handler_table)
                  0000291c    00000004     --HOLE-- [fill = 0]
                  00002920    00000008     (.cinit..bss.load) [load image, compression = zero_init]
                  00002928    00000010     (__TI_cinit_table)

.init_array 
*          0    00000000    00000000     UNINITIALIZED

.binit     0    00000000    00000000     

.bss       0    20000000    00003e1c     UNINITIALIZED
                  20000000    00001000     (.common:x)
                  20001000    00001000     (.common:x2)
                  20002000    00001000     (.common:x3)
                  20003000    00000800     (.common:Histogram)
                  20003800    00000400     (.common:Data)
                  20003c00    00000120     rtsv7M4_T_le_v4SPD16_eabi.lib : trgmsg.c.obj (.bss:_CIOBUF_)
                  20003d20    000000a0     (.common:__TI_tmpnams)
                  20003dc0    00000008     (.common:Messageb)
                  20003dc8    00000008     (.common:parmbuf)
                  20003dd0    00000004     (.common:ADCflag)
                  20003dd4    00000004     (.common:ADCvalue)
                  20003dd8    00000004     (.common:Average)
                  20003ddc    00000004     (.common:I1)
                  20003de0    00000004     (.common:LPFSum)
                  20003de4    00000004     (.common:LPFSum2)
                  20003de8    00000004     (.common:LPFSum3)
                  20003dec    00000004     (.common:Messageindexb)
                  20003df0    00000004     (.common:Pt)
                  20003df4    00000004     (.common:Pt2)
                  20003df8    00000004     (.common:Pt3)
                  20003dfc    00000004     (.common:Sigma)
                  20003e00    00000004     (.common:Size)
                  20003e04    00000004     (.common:Sum)
                  20003e08    00000004     (.common:Sum2)
                  20003e0c    00000004     (.common:Variance)
                  20003e10    00000004     (.common:nc)
                  20003e14    00000004     (.common:nl)
                  20003e18    00000004     (.common:nr)

.sysmem    0    20003e20    00000400     UNINITIALIZED
                  20003e20    00000010     rtsv7M4_T_le_v4SPD16_eabi.lib : memory.c.obj (.sysmem)
                  20003e30    000003f0     --HOLE--

.data      0    20004220    0000020c     UNINITIALIZED
                  20004220    000000f0     rtsv7M4_T_le_v4SPD16_eabi.lib : defs.c.obj (.data:_ftable)
                  20004310    00000078                                   : host_device.c.obj (.data:_device)
                  20004388    00000050                                   : host_device.c.obj (.data:_stream)
                  200043d8    00000018     Clock.obj (.data)
                  200043f0    00000010     rtsv7M4_T_le_v4SPD16_eabi.lib : defs.c.obj (.data)
                  20004400    0000000c                                   : exit.c.obj (.data:$O1$$)
                  2000440c    00000008                                   : _lock.c.obj (.data:$O1$$)
                  20004414    00000008                                   : memory.c.obj (.data:$O1$$)
                  2000441c    00000004                                   : add_device.c.obj (.data)
                  20004420    00000004                                   : fopen.c.obj (.data)
                  20004424    00000004                                   : open.c.obj (.data)
                  20004428    00000004     system_msp432p401r.obj (.data)

.stack     0    2000fe00    00000200     UNINITIALIZED
                  2000fe00    00000004     rtsv7M4_T_le_v4SPD16_eabi.lib : boot_cortex_m.c.obj (.stack)
                  2000fe04    000001fc     --HOLE--

MODULE SUMMARY

       Module                        code    ro data   rw data
       ------                        ----    -------   -------
    .\
       LPF.obj                       776     0         24640  
       Lab15_ADCmain.obj             1944    0         6224   
       UART0.obj                     1724    0         24     
       system_msp432p401r.obj        812     0         8      
       Clock.obj                     480     0         48     
       ADC14.obj                     328     0         0      
       LaunchPad.obj                 244     0         0      
       startup_msp432p401r_ccs.obj   14      228       0      
       CortexM.obj                   36      0         0      
       IRDistance.obj                36      0         0      
       TimerA1.obj                   18      0         0      
    +--+-----------------------------+-------+---------+---------+
       Total:                        6412    228       30944  
                                                              
    C:\ti\ccs910\ccs\tools\compiler\ti-cgt-arm_18.12.2.LTS\lib\rtsv7M4_T_le_v4SPD16_eabi.lib
       defs.c.obj                    0       0         832    
       memory.c.obj                  676     0         16     
       trgmsg.c.obj                  108     0         576    
       fopen.c.obj                   528     0         8      
       host_device.c.obj             0       0         400    
       setvbuf.c.obj                 220     0         0      
       open.c.obj                    188     0         8      
       add_device.c.obj              184     0         8      
       memcpy_t2.asm.obj             156     0         0      
       memset_t2.asm.obj             122     0         0      
       fclose.c.obj                  116     0         0      
       getdevice.c.obj               116     0         0      
       hostopen.c.obj                96      0         16     
       copy_decompress_lzss.c.obj    104     0         0      
       hostlseek.c.obj               104     0         0      
       hostrename.c.obj              104     0         0      
       exit.c.obj                    76      0         24     
       close.c.obj                   92      0         0      
       hostread.c.obj                88      0         0      
       hostwrite.c.obj               88      0         0      
       fflush.c.obj                  76      0         0      
       autoinit.c.obj                68      0         0      
       hostclose.c.obj               68      0         0      
       hostunlink.c.obj              68      0         0      
       strncpy.c.obj                 54      0         0      
       boot_cortex_m.c.obj           52      0         0      
       unlink.c.obj                  44      0         0      
       write.c.obj                   40      0         0      
       strcmp.c.obj                  24      0         0      
       strchr.c.obj                  22      0         0      
       strcpy.c.obj                  20      0         0      
       strlen.c.obj                  20      0         0      
       _lock.c.obj                   2       0         16     
       copy_decompress_none.c.obj    14      0         0      
       copy_zero_init.c.obj          12      0         0      
       pre_init.c.obj                4       0         0      
    +--+-----------------------------+-------+---------+---------+
       Total:                        3754    0         1904   
                                                              
       Heap:                         0       0         2048   
       Stack:                        0       0         1024   
       Linker Generated:             0       148       0      
    +--+-----------------------------+-------+---------+---------+
       Grand Total:                  10166   376       35920  


LINKER GENERATED COPY TABLES

__TI_cinit_table @ 00002928 records: 2, size/record: 8, table size: 16
	.data: load addr=000028a0, load size=00000070 bytes, run addr=20004220, run size=0000020c bytes, compression=lzss
	.bss: load addr=00002920, load size=00000008 bytes, run addr=20000000, run size=00003e1c bytes, compression=zero_init


LINKER GENERATED HANDLER TABLE

__TI_handler_table @ 00002910 records: 3, size/record: 4, table size: 12
	index: 0, handler: __TI_decompress_lzss
	index: 1, handler: __TI_decompress_none
	index: 2, handler: __TI_zero_init


GLOBAL SYMBOLS: SORTED ALPHABETICALLY BY Name 

address   name                           
-------   ----                           
00001849  ADC0_InitSWTriggerCh12         
0000184f  ADC0_InitSWTriggerCh17_12_16   
0000174d  ADC0_InitSWTriggerCh6          
000017bd  ADC0_InitSWTriggerCh67         
0000287f  ADC14_IRQHandler               
0000184b  ADC_In12                       
00001851  ADC_In17_12_16                 
0000179d  ADC_In6                        
00001813  ADC_In67                       
20003dd0  ADCflag                        
20003dd4  ADCvalue                       
0000287f  AES256_IRQHandler              
20003dd8  Average                        
0000287f  BusFault_Handler               
00002899  C$$EXIT                        
000025db  C$$IO$$                        
0000287f  COMP_E0_IRQHandler             
0000287f  COMP_E1_IRQHandler             
200043e0  CPMwait                        
0000287f  CS_IRQHandler                  
000027c9  CenterConvert                  
200043d8  ClockFrequency                 
000016c1  Clock_Delay1ms                 
00001697  Clock_Delay1us                 
00001683  Clock_GetFreq                  
0000156d  Clock_Init48MHz                
200043ec  Crystalstable                  
0000287f  DMA_ERR_IRQHandler             
0000287f  DMA_INT0_IRQHandler            
0000287f  DMA_INT1_IRQHandler            
0000287f  DMA_INT2_IRQHandler            
0000287f  DMA_INT3_IRQHandler            
20003800  Data                           
0000287f  DebugMon_Handler               
0000287f  Default_Handler                
00002799  DisableInterrupts              
0000287f  EUSCIA0_IRQHandler             
0000287f  EUSCIA1_IRQHandler             
0000287f  EUSCIA2_IRQHandler             
0000287f  EUSCIA3_IRQHandler             
0000287f  EUSCIB0_IRQHandler             
0000287f  EUSCIB1_IRQHandler             
0000287f  EUSCIB2_IRQHandler             
0000287f  EUSCIB3_IRQHandler             
0000279f  EnableInterrupts               
000027af  EndCritical                    
0000287f  FLCTL_IRQHandler               
0000287f  FPU_IRQHandler                 
0000249d  HOSTclose                      
00002165  HOSTlseek                      
0000229d  HOSTopen                       
00002359  HOSTread                       
000021cd  HOSTrename                     
000024e1  HOSTunlink                     
000023b1  HOSTwrite                      
0000287f  HardFault_Handler              
20003000  Histogram                      
20003ddc  I1                             
200043e8  IFlags                         
20003de0  LPFSum                         
20003de4  LPFSum2                        
20003de8  LPFSum3                        
00001379  LPF_Calc                       
00001421  LPF_Calc2                      
000014e5  LPF_Calc3                      
000012b9  LPF_Calc_old                   
0000131b  LPF_Init                       
000013cd  LPF_Init2                      
00001483  LPF_Init3                      
00001265  LPF_Init_old                   
000019a1  LaunchPad_Init                 
00001a11  LaunchPad_Input                
00001a2b  LaunchPad_LED                  
00001a49  LaunchPad_Output               
000027bd  LeftConvert                    
0000287f  MemManage_Handler              
20003dc0  Messageb                       
20003dec  Messageindexb                  
0000287f  NMI_Handler                    
0000287f  PCM_IRQHandler                 
0000287f  PORT1_IRQHandler               
0000287f  PORT2_IRQHandler               
0000287f  PORT3_IRQHandler               
0000287f  PORT4_IRQHandler               
0000287f  PORT5_IRQHandler               
0000287f  PORT6_IRQHandler               
0000287f  PSS_IRQHandler                 
0000287f  PendSV_Handler                 
200043e4  Postwait                       
200043dc  Prewait                        
00000161  Program15_1                    
000000e5  Program15_1_ISR                
00000579  Program15_2                    
0000051d  Program15_2_ISR                
20003df0  Pt                             
20003df4  Pt2                            
20003df8  Pt3                            
0000287f  RTC_C_IRQHandler               
00002873  Reset_Handler                  
000027d5  RightConvert                   
0000287f  SVC_Handler                    
20003dfc  Sigma                          
20003e00  Size                           
000027a5  StartCritical                  
20003e04  Sum                            
20003e08  Sum2                           
0000287f  SysTick_Handler                
20004428  SystemCoreClock                
00000f39  SystemCoreClockUpdate          
000011ad  SystemInit                     
0000287f  T32_INT1_IRQHandler            
0000287f  T32_INT2_IRQHandler            
0000287f  T32_INTC_IRQHandler            
0000287f  TA0_0_IRQHandler               
0000287f  TA0_N_IRQHandler               
00002863  TA1_0_IRQHandler               
00002863  TA1_0_IRQHandler               
0000287f  TA1_N_IRQHandler               
0000287f  TA2_0_IRQHandler               
0000287f  TA2_N_IRQHandler               
0000287f  TA3_0_IRQHandler               
0000287f  TA3_N_IRQHandler               
00002853  TimerA1_Init                   
00002861  TimerA1_Stop                   
000008c3  UART0_InChar                   
00000d4d  UART0_InString                 
0000090d  UART0_InUDec                   
00000c01  UART0_InUHex                   
0000087d  UART0_Init                     
00000ead  UART0_Initprintf               
000008d3  UART0_OutChar                  
000008ef  UART0_OutString                
00000991  UART0_OutUDec                  
00000afd  UART0_OutUDec4                 
00000b51  UART0_OutUDec5                 
00000b8d  UART0_OutUFix1                 
00000bb5  UART0_OutUFix2                 
00000cc5  UART0_OutUHex                  
00000d31  UART0_OutUHex2                 
0000287f  UsageFault_Handler             
20003e0c  Variance                       
4000480c  WDTCTL_SYM                     
0000287f  WDT_A_IRQHandler               
000027b7  WaitForInterrupt               
20003c00  __CIOBUF_                      
20010000  __STACK_END                    
00000200  __STACK_SIZE                   
00000400  __SYSMEM_SIZE                  
00002928  __TI_CINIT_Base                
00002938  __TI_CINIT_Limit               
00002910  __TI_Handler_Table_Base        
0000291c  __TI_Handler_Table_Limit       
00002525  __TI_auto_init_nobinit_nopinit 
0000261d  __TI_cleanup                   
20004400  __TI_cleanup_ptr               
000020f1  __TI_closefile                 
00002235  __TI_decompress_lzss           
00002865  __TI_decompress_none           
00002409  __TI_doflush                   
20004404  __TI_dtors_ptr                 
20004408  __TI_enable_exit_profile_output
200043f0  __TI_ft_end                    
ffffffff  __TI_pprof_out_hndl            
ffffffff  __TI_prof_data_size            
ffffffff  __TI_prof_data_start           
00002651  __TI_readmsg                   
00000000  __TI_static_base__             
20003d20  __TI_tmpnams                   
000025ad  __TI_writemsg                  
00002881  __TI_zero_init                 
00002075  __aeabi_memclr                 
00002075  __aeabi_memclr4                
00002075  __aeabi_memclr8                
00001f5d  __aeabi_memcpy                 
00001f5d  __aeabi_memcpy4                
00001f5d  __aeabi_memcpy8                
00002077  __aeabi_memset                 
00002077  __aeabi_memset4                
00002077  __aeabi_memset8                
200043fc  __aeabi_stderr                 
200043f4  __aeabi_stdin                  
200043f8  __aeabi_stdout                 
ffffffff  __binit__                      
ffffffff  __c_args__                     
UNDEFED   __mpu_init                     
2000fe00  __stack                        
00002685  _c_int00_noargs                
20004310  _device                        
20004220  _ftable                        
2000440c  _lock                          
000020ef  _nop                           
20004388  _stream                        
20003e20  _sys_memory                    
UNDEFED   _system_post_cinit             
00002895  _system_pre_init               
20004410  _unlock                        
00002899  abort                          
00001e09  add_device                     
00001a95  aligned_alloc                  
ffffffff  binit                          
000022fd  close                          
00001689  delay                          
00002455  exit                           
00000de7  ferror                         
00000dc7  fgetc                          
000026ed  finddevice                     
00001ec1  fopen                          
00001b89  free                           
000026b9  freopen                        
00002569  getdevice                      
00000000  interruptVectors               
00000681  main                           
0000288d  malloc                         
00001a95  memalign                       
00001f5d  memcpy                         
0000207d  memset                         
20003e10  nc                             
20003e14  nl                             
20003e18  nr                             
00001d4d  open                           
00000d09  outnibble                      
20003dc8  parmbuf                        
0000271d  remove                         
00001c71  setvbuf                        
0000011d  sqrt                           
00002815  strchr                         
000027fd  strcmp                         
0000282b  strcpy                         
0000283f  strlen                         
000025e5  strncpy                        
00000e05  uart_close                     
00000e83  uart_lseek                     
00000df5  uart_open                      
00000e17  uart_read                      
00000e9f  uart_rename                    
00000e93  uart_unlink                    
00000e41  uart_write                     
0000271d  unlink                         
00002771  write                          
20000000  x                              
20001000  x2                             
20002000  x3                             


GLOBAL SYMBOLS: SORTED BY Symbol Address 

address   name                           
-------   ----                           
00000000  __TI_static_base__             
00000000  interruptVectors               
000000e5  Program15_1_ISR                
0000011d  sqrt                           
00000161  Program15_1                    
00000200  __STACK_SIZE                   
00000400  __SYSMEM_SIZE                  
0000051d  Program15_2_ISR                
00000579  Program15_2                    
00000681  main                           
0000087d  UART0_Init                     
000008c3  UART0_InChar                   
000008d3  UART0_OutChar                  
000008ef  UART0_OutString                
0000090d  UART0_InUDec                   
00000991  UART0_OutUDec                  
00000afd  UART0_OutUDec4                 
00000b51  UART0_OutUDec5                 
00000b8d  UART0_OutUFix1                 
00000bb5  UART0_OutUFix2                 
00000c01  UART0_InUHex                   
00000cc5  UART0_OutUHex                  
00000d09  outnibble                      
00000d31  UART0_OutUHex2                 
00000d4d  UART0_InString                 
00000dc7  fgetc                          
00000de7  ferror                         
00000df5  uart_open                      
00000e05  uart_close                     
00000e17  uart_read                      
00000e41  uart_write                     
00000e83  uart_lseek                     
00000e93  uart_unlink                    
00000e9f  uart_rename                    
00000ead  UART0_Initprintf               
00000f39  SystemCoreClockUpdate          
000011ad  SystemInit                     
00001265  LPF_Init_old                   
000012b9  LPF_Calc_old                   
0000131b  LPF_Init                       
00001379  LPF_Calc                       
000013cd  LPF_Init2                      
00001421  LPF_Calc2                      
00001483  LPF_Init3                      
000014e5  LPF_Calc3                      
0000156d  Clock_Init48MHz                
00001683  Clock_GetFreq                  
00001689  delay                          
00001697  Clock_Delay1us                 
000016c1  Clock_Delay1ms                 
0000174d  ADC0_InitSWTriggerCh6          
0000179d  ADC_In6                        
000017bd  ADC0_InitSWTriggerCh67         
00001813  ADC_In67                       
00001849  ADC0_InitSWTriggerCh12         
0000184b  ADC_In12                       
0000184f  ADC0_InitSWTriggerCh17_12_16   
00001851  ADC_In17_12_16                 
000019a1  LaunchPad_Init                 
00001a11  LaunchPad_Input                
00001a2b  LaunchPad_LED                  
00001a49  LaunchPad_Output               
00001a95  aligned_alloc                  
00001a95  memalign                       
00001b89  free                           
00001c71  setvbuf                        
00001d4d  open                           
00001e09  add_device                     
00001ec1  fopen                          
00001f5d  __aeabi_memcpy                 
00001f5d  __aeabi_memcpy4                
00001f5d  __aeabi_memcpy8                
00001f5d  memcpy                         
00002075  __aeabi_memclr                 
00002075  __aeabi_memclr4                
00002075  __aeabi_memclr8                
00002077  __aeabi_memset                 
00002077  __aeabi_memset4                
00002077  __aeabi_memset8                
0000207d  memset                         
000020ef  _nop                           
000020f1  __TI_closefile                 
00002165  HOSTlseek                      
000021cd  HOSTrename                     
00002235  __TI_decompress_lzss           
0000229d  HOSTopen                       
000022fd  close                          
00002359  HOSTread                       
000023b1  HOSTwrite                      
00002409  __TI_doflush                   
00002455  exit                           
0000249d  HOSTclose                      
000024e1  HOSTunlink                     
00002525  __TI_auto_init_nobinit_nopinit 
00002569  getdevice                      
000025ad  __TI_writemsg                  
000025db  C$$IO$$                        
000025e5  strncpy                        
0000261d  __TI_cleanup                   
00002651  __TI_readmsg                   
00002685  _c_int00_noargs                
000026b9  freopen                        
000026ed  finddevice                     
0000271d  remove                         
0000271d  unlink                         
00002771  write                          
00002799  DisableInterrupts              
0000279f  EnableInterrupts               
000027a5  StartCritical                  
000027af  EndCritical                    
000027b7  WaitForInterrupt               
000027bd  LeftConvert                    
000027c9  CenterConvert                  
000027d5  RightConvert                   
000027fd  strcmp                         
00002815  strchr                         
0000282b  strcpy                         
0000283f  strlen                         
00002853  TimerA1_Init                   
00002861  TimerA1_Stop                   
00002863  TA1_0_IRQHandler               
00002863  TA1_0_IRQHandler               
00002865  __TI_decompress_none           
00002873  Reset_Handler                  
0000287f  ADC14_IRQHandler               
0000287f  AES256_IRQHandler              
0000287f  BusFault_Handler               
0000287f  COMP_E0_IRQHandler             
0000287f  COMP_E1_IRQHandler             
0000287f  CS_IRQHandler                  
0000287f  DMA_ERR_IRQHandler             
0000287f  DMA_INT0_IRQHandler            
0000287f  DMA_INT1_IRQHandler            
0000287f  DMA_INT2_IRQHandler            
0000287f  DMA_INT3_IRQHandler            
0000287f  DebugMon_Handler               
0000287f  Default_Handler                
0000287f  EUSCIA0_IRQHandler             
0000287f  EUSCIA1_IRQHandler             
0000287f  EUSCIA2_IRQHandler             
0000287f  EUSCIA3_IRQHandler             
0000287f  EUSCIB0_IRQHandler             
0000287f  EUSCIB1_IRQHandler             
0000287f  EUSCIB2_IRQHandler             
0000287f  EUSCIB3_IRQHandler             
0000287f  FLCTL_IRQHandler               
0000287f  FPU_IRQHandler                 
0000287f  HardFault_Handler              
0000287f  MemManage_Handler              
0000287f  NMI_Handler                    
0000287f  PCM_IRQHandler                 
0000287f  PORT1_IRQHandler               
0000287f  PORT2_IRQHandler               
0000287f  PORT3_IRQHandler               
0000287f  PORT4_IRQHandler               
0000287f  PORT5_IRQHandler               
0000287f  PORT6_IRQHandler               
0000287f  PSS_IRQHandler                 
0000287f  PendSV_Handler                 
0000287f  RTC_C_IRQHandler               
0000287f  SVC_Handler                    
0000287f  SysTick_Handler                
0000287f  T32_INT1_IRQHandler            
0000287f  T32_INT2_IRQHandler            
0000287f  T32_INTC_IRQHandler            
0000287f  TA0_0_IRQHandler               
0000287f  TA0_N_IRQHandler               
0000287f  TA1_N_IRQHandler               
0000287f  TA2_0_IRQHandler               
0000287f  TA2_N_IRQHandler               
0000287f  TA3_0_IRQHandler               
0000287f  TA3_N_IRQHandler               
0000287f  UsageFault_Handler             
0000287f  WDT_A_IRQHandler               
00002881  __TI_zero_init                 
0000288d  malloc                         
00002895  _system_pre_init               
00002899  C$$EXIT                        
00002899  abort                          
00002910  __TI_Handler_Table_Base        
0000291c  __TI_Handler_Table_Limit       
00002928  __TI_CINIT_Base                
00002938  __TI_CINIT_Limit               
20000000  x                              
20001000  x2                             
20002000  x3                             
20003000  Histogram                      
20003800  Data                           
20003c00  __CIOBUF_                      
20003d20  __TI_tmpnams                   
20003dc0  Messageb                       
20003dc8  parmbuf                        
20003dd0  ADCflag                        
20003dd4  ADCvalue                       
20003dd8  Average                        
20003ddc  I1                             
20003de0  LPFSum                         
20003de4  LPFSum2                        
20003de8  LPFSum3                        
20003dec  Messageindexb                  
20003df0  Pt                             
20003df4  Pt2                            
20003df8  Pt3                            
20003dfc  Sigma                          
20003e00  Size                           
20003e04  Sum                            
20003e08  Sum2                           
20003e0c  Variance                       
20003e10  nc                             
20003e14  nl                             
20003e18  nr                             
20003e20  _sys_memory                    
20004220  _ftable                        
20004310  _device                        
20004388  _stream                        
200043d8  ClockFrequency                 
200043dc  Prewait                        
200043e0  CPMwait                        
200043e4  Postwait                       
200043e8  IFlags                         
200043ec  Crystalstable                  
200043f0  __TI_ft_end                    
200043f4  __aeabi_stdin                  
200043f8  __aeabi_stdout                 
200043fc  __aeabi_stderr                 
20004400  __TI_cleanup_ptr               
20004404  __TI_dtors_ptr                 
20004408  __TI_enable_exit_profile_output
2000440c  _lock                          
20004410  _unlock                        
20004428  SystemCoreClock                
2000fe00  __stack                        
20010000  __STACK_END                    
4000480c  WDTCTL_SYM                     
ffffffff  __TI_pprof_out_hndl            
ffffffff  __TI_prof_data_size            
ffffffff  __TI_prof_data_start           
ffffffff  __binit__                      
ffffffff  __c_args__                     
ffffffff  binit                          
UNDEFED   __mpu_init                     
UNDEFED   _system_post_cinit             

[242 symbols]
